Component: ARM Compiler 5.06 (build 20) Tool: armlink [4d35a3]

==============================================================================

Section Cross References

    main.o(i.advertising_init) refers to memseta.o(.text) for __aeabi_memclr4
    main.o(i.advertising_init) refers to ble_advdata.o(i.ble_advdata_set) for ble_advdata_set
    main.o(i.advertising_init) refers to main.o(i.app_error_handler) for app_error_handler
    main.o(i.advertising_init) refers to uidiv.o(.text) for __aeabi_uidivmod
    main.o(i.advertising_init) refers to main.o(.bss) for .bss
    main.o(i.advertising_init) refers to main.o(.data) for .data
    main.o(i.advertising_init) refers to main.o(.constdata) for .constdata
    main.o(i.app_button_evt_get) refers to main.o(i.app_error_handler) for app_error_handler
    main.o(i.app_button_evt_schedule) refers to app_scheduler.o(i.app_sched_event_put) for app_sched_event_put
    main.o(i.app_button_evt_schedule) refers to main.o(i.app_button_evt_get) for app_button_evt_get
    main.o(i.app_error_handler) refers to main.o(i.NVIC_SystemReset) for NVIC_SystemReset
    main.o(i.assert_nrf_callback) refers to main.o(i.app_error_handler) for app_error_handler
    main.o(i.beacon_params_default_set) refers to memcpya.o(.text) for __aeabi_memcpy4
    main.o(i.beacon_params_default_set) refers to pstorage_mod.o(i.pstorage_clear) for pstorage_clear
    main.o(i.beacon_params_default_set) refers to pstorage_mod.o(i.pstorage_store) for pstorage_store
    main.o(i.beacon_params_default_set) refers to main.o(i.app_error_handler) for app_error_handler
    main.o(i.beacon_params_default_set) refers to main.o(.bss) for .bss
    main.o(i.beacon_params_default_set) refers to main.o(.data) for .data
    main.o(i.beacon_reset) refers to pstorage_mod.o(i.pstorage_access_status_get) for pstorage_access_status_get
    main.o(i.beacon_reset) refers to main.o(i.app_error_handler) for app_error_handler
    main.o(i.beacon_reset) refers to main.o(i.NVIC_SystemReset) for NVIC_SystemReset
    main.o(i.beacon_reset) refers to main.o(.data) for .data
    main.o(i.beacon_setup) refers to main.o(i.advertising_init) for advertising_init
    main.o(i.beacon_setup) refers to led_softblink.o(i.led_softblink_start) for led_softblink_start
    main.o(i.beacon_setup) refers to main.o(i.services_init) for services_init
    main.o(i.beacon_setup) refers to memseta.o(.text) for __aeabi_memclr4
    main.o(i.beacon_setup) refers to ble_conn_params.o(i.ble_conn_params_init) for ble_conn_params_init
    main.o(i.beacon_setup) refers to main.o(i.app_error_handler) for app_error_handler
    main.o(i.beacon_setup) refers to main.o(i.sec_params_init) for sec_params_init
    main.o(i.beacon_setup) refers to led_softblink.o(i.led_softblink_off_time_set) for led_softblink_off_time_set
    main.o(i.beacon_setup) refers to main.o(.data) for .data
    main.o(i.beacon_setup) refers to main.o(i.on_conn_params_evt) for on_conn_params_evt
    main.o(i.beacon_setup) refers to main.o(i.conn_params_error_handler) for conn_params_error_handler
    main.o(i.beacon_start) refers to pstorage_mod.o(i.pstorage_access_status_get) for pstorage_access_status_get
    main.o(i.beacon_start) refers to main.o(i.beacon_setup) for beacon_setup
    main.o(i.beacon_start) refers to main.o(i.app_error_handler) for app_error_handler
    main.o(i.beacon_start) refers to main.o(.data) for .data
    main.o(i.beacon_start) refers to main.o(.bss) for .bss
    main.o(i.beacon_write_handler) refers to memcpya.o(.text) for __aeabi_memcpy4
    main.o(i.beacon_write_handler) refers to main.o(i.__ARM_common_switch8) for __ARM_common_switch8
    main.o(i.beacon_write_handler) refers to pstorage_mod.o(i.pstorage_clear) for pstorage_clear
    main.o(i.beacon_write_handler) refers to pstorage_mod.o(i.pstorage_store) for pstorage_store
    main.o(i.beacon_write_handler) refers to main.o(i.app_error_handler) for app_error_handler
    main.o(i.beacon_write_handler) refers to main.o(.data) for .data
    main.o(i.beacon_write_handler) refers to main.o(.bss) for .bss
    main.o(i.ble_evt_dispatch) refers to ble_conn_params.o(i.ble_conn_params_on_ble_evt) for ble_conn_params_on_ble_evt
    main.o(i.ble_evt_dispatch) refers to ble_bcs.o(i.ble_bcs_on_ble_evt) for ble_bcs_on_ble_evt
    main.o(i.ble_evt_dispatch) refers to ble_dfu.o(i.ble_dfu_on_ble_evt) for ble_dfu_on_ble_evt
    main.o(i.ble_evt_dispatch) refers to main.o(i.on_ble_evt) for on_ble_evt
    main.o(i.ble_evt_dispatch) refers to main.o(.bss) for .bss
    main.o(i.ble_stack_init) refers to softdevice_handler.o(i.softdevice_handler_init) for softdevice_handler_init
    main.o(i.ble_stack_init) refers to softdevice_handler.o(i.softdevice_ble_evt_handler_set) for softdevice_ble_evt_handler_set
    main.o(i.ble_stack_init) refers to softdevice_handler.o(i.softdevice_sys_evt_handler_set) for softdevice_sys_evt_handler_set
    main.o(i.ble_stack_init) refers to main.o(i.app_error_handler) for app_error_handler
[...]
    dfu_app_handler_mod.o(i.bootloader_start) refers to main.o(i.app_error_handler) for app_error_handler
    dfu_app_handler_mod.o(i.bootloader_start) refers to bootloader_util_arm.o(i.bootloader_util_app_start) for bootloader_util_app_start
    dfu_app_handler_mod.o(i.bootloader_start) refers to dfu_app_handler_mod.o(.data) for .data
    dfu_app_handler_mod.o(i.dfu_app_on_dfu_evt) refers to dfu_app_handler_mod.o(i.bootloader_start) for bootloader_start
    dfu_app_handler_mod.o(i.dfu_app_on_dfu_evt) refers to ble_dfu.o(i.ble_dfu_response_send) for ble_dfu_response_send
    dfu_app_handler_mod.o(i.dfu_app_on_dfu_evt) refers to main.o(i.app_error_handler) for app_error_handler
    dfu_app_handler_mod.o(i.dfu_app_reset_prepare_set) refers to dfu_app_handler_mod.o(.data) for .data
    dfu_app_handler_mod.o(.data) refers to dfu_app_handler_mod.o(i.dfu_app_reset_prepare) for dfu_app_reset_prepare
    pstorage_mod.o(i.app_notify) refers to pstorage_mod.o(.bss) for .bss
    pstorage_mod.o(i.cmd_process) refers to uidiv.o(.text) for __aeabi_uidivmod
    pstorage_mod.o(i.cmd_process) refers to pstorage_mod.o(i.swap_state_process) for swap_state_process
    pstorage_mod.o(i.cmd_process) refers to pstorage_mod.o(.bss) for .bss
    pstorage_mod.o(i.cmd_process) refers to pstorage_mod.o(.data) for .data
    pstorage_mod.o(i.cmd_queue_dequeue) refers to pstorage_mod.o(i.cmd_process) for cmd_process
    pstorage_mod.o(i.cmd_queue_dequeue) refers to pstorage_mod.o(.bss) for .bss
    pstorage_mod.o(i.cmd_queue_element_init) refers to pstorage_mod.o(.bss) for .bss
    pstorage_mod.o(i.cmd_queue_enqueue) refers to pstorage_mod.o(i.cmd_process) for cmd_process
    pstorage_mod.o(i.cmd_queue_enqueue) refers to pstorage_mod.o(.bss) for .bss
    pstorage_mod.o(i.pstorage_access_status_get) refers to pstorage_mod.o(.data) for .data
    pstorage_mod.o(i.pstorage_access_status_get) refers to pstorage_mod.o(.bss) for .bss
    pstorage_mod.o(i.pstorage_block_identifier_get) refers to pstorage_mod.o(.data) for .data
    pstorage_mod.o(i.pstorage_block_identifier_get) refers to pstorage_mod.o(.bss) for .bss
    pstorage_mod.o(i.pstorage_clear) refers to pstorage_mod.o(i.is_word_aligned) for is_word_aligned
    pstorage_mod.o(i.pstorage_clear) refers to uidiv.o(.text) for __aeabi_uidivmod
    pstorage_mod.o(i.pstorage_clear) refers to pstorage_mod.o(i.cmd_queue_enqueue) for cmd_queue_enqueue
    pstorage_mod.o(i.pstorage_clear) refers to pstorage_mod.o(.data) for .data
    pstorage_mod.o(i.pstorage_clear) refers to pstorage_mod.o(.bss) for .bss
    pstorage_mod.o(i.pstorage_init) refers to pstorage_mod.o(i.cmd_queue_element_init) for cmd_queue_element_init
    pstorage_mod.o(i.pstorage_init) refers to uidiv.o(.text) for __aeabi_uidivmod
    pstorage_mod.o(i.pstorage_init) refers to pstorage_mod.o(.data) for .data
    pstorage_mod.o(i.pstorage_init) refers to pstorage_mod.o(.bss) for .bss
    pstorage_mod.o(i.pstorage_load) refers to pstorage_mod.o(i.is_word_aligned) for is_word_aligned
    pstorage_mod.o(i.pstorage_load) refers to memcpya.o(.text) for __aeabi_memcpy
    pstorage_mod.o(i.pstorage_load) refers to pstorage_mod.o(.data) for .data
    pstorage_mod.o(i.pstorage_load) refers to pstorage_mod.o(.bss) for .bss
    pstorage_mod.o(i.pstorage_register) refers to uidiv.o(.text) for __aeabi_uidivmod
    pstorage_mod.o(i.pstorage_register) refers to pstorage_mod.o(.data) for .data
    pstorage_mod.o(i.pstorage_register) refers to pstorage_mod.o(.bss) for .bss
    pstorage_mod.o(i.pstorage_store) refers to pstorage_mod.o(i.is_word_aligned) for is_word_aligned
    pstorage_mod.o(i.pstorage_store) refers to pstorage_mod.o(i.cmd_queue_enqueue) for cmd_queue_enqueue
    pstorage_mod.o(i.pstorage_store) refers to pstorage_mod.o(.data) for .data
    pstorage_mod.o(i.pstorage_store) refers to pstorage_mod.o(.bss) for .bss
    pstorage_mod.o(i.pstorage_sys_event_handler) refers to pstorage_mod.o(i.app_notify) for app_notify
    pstorage_mod.o(i.pstorage_sys_event_handler) refers to pstorage_mod.o(i.cmd_queue_dequeue) for cmd_queue_dequeue
    pstorage_mod.o(i.pstorage_sys_event_handler) refers to pstorage_mod.o(i.cmd_queue_element_init) for cmd_queue_element_init
    pstorage_mod.o(i.pstorage_sys_event_handler) refers to pstorage_mod.o(.bss) for .bss
    pstorage_mod.o(i.pstorage_sys_event_handler) refers to pstorage_mod.o(.data) for .data
    pstorage_mod.o(i.pstorage_update) refers to pstorage_mod.o(i.is_word_aligned) for is_word_aligned
    pstorage_mod.o(i.pstorage_update) refers to pstorage_mod.o(i.cmd_queue_enqueue) for cmd_queue_enqueue
    pstorage_mod.o(i.pstorage_update) refers to pstorage_mod.o(.data) for .data
    pstorage_mod.o(i.pstorage_update) refers to pstorage_mod.o(.bss) for .bss
    pstorage_mod.o(i.swap_state_process) refers to main.o(i.__ARM_common_switch8) for __ARM_common_switch8
    pstorage_mod.o(i.swap_state_process) refers to uidiv.o(.text) for __aeabi_uidivmod
    pstorage_mod.o(i.swap_state_process) refers to pstorage_mod.o(.data) for .data
    app_button.o(i.app_button_disable) refers to app_gpiote.o(i.app_gpiote_user_disable) for app_gpiote_user_disable
    app_button.o(i.app_button_disable) refers to app_timer.o(i.app_timer_stop) for app_timer_stop
    app_button.o(i.app_button_disable) refers to app_button.o(.data) for .data
    app_button.o(i.app_button_enable) refers to app_gpiote.o(i.app_gpiote_user_enable) for app_gpiote_user_enable
    app_button.o(i.app_button_enable) refers to app_button.o(.data) for .data
    app_button.o(i.app_button_init) refers to app_gpiote.o(i.app_gpiote_user_register) for app_gpiote_user_register
    app_button.o(i.app_button_init) refers to app_timer.o(i.app_timer_create) for app_timer_create
    app_button.o(i.app_button_init) refers to app_button.o(.data) for .data
    app_button.o(i.app_button_init) refers to app_button.o(i.gpiote_event_handler) for gpiote_event_handler
    app_button.o(i.app_button_init) refers to app_button.o(i.detection_delay_timeout_handler) for detection_delay_timeout_handler
    app_button.o(i.app_button_is_pushed) refers to app_gpiote.o(i.app_gpiote_pins_state_get) for app_gpiote_pins_state_get
    app_button.o(i.app_button_is_pushed) refers to app_button.o(.data) for .data
    app_button.o(i.button_handler_execute) refers to main.o(i.app_error_handler) for app_error_handler
    app_button.o(i.button_handler_execute) refers to app_button.o(.data) for .data
    app_button.o(i.detection_delay_timeout_handler) refers to app_gpiote.o(i.app_gpiote_pins_state_get) for app_gpiote_pins_state_get
    app_button.o(i.detection_delay_timeout_handler) refers to app_button.o(i.button_handler_execute) for button_handler_execute
    app_button.o(i.detection_delay_timeout_handler) refers to app_button.o(.data) for .data
    app_button.o(i.gpiote_event_handler) refers to app_timer.o(i.app_timer_stop) for app_timer_stop
    app_button.o(i.gpiote_event_handler) refers to app_timer.o(i.app_timer_start) for app_timer_start
    app_button.o(i.gpiote_event_handler) refers to app_button.o(.data) for .data
    app_gpiote.o(i.GPIOTE_IRQHandler) refers to app_gpiote.o(i.sense_level_toggle) for sense_level_toggle
    app_gpiote.o(i.GPIOTE_IRQHandler) refers to app_gpiote.o(.data) for .data
    app_gpiote.o(i.app_gpiote_init) refers to memseta.o(.text) for __aeabi_memclr4
    app_gpiote.o(i.app_gpiote_init) refers to app_gpiote.o(.data) for .data
    app_gpiote.o(i.app_gpiote_pins_state_get) refers to app_gpiote.o(.data) for .data
    app_gpiote.o(i.app_gpiote_user_disable) refers to app_gpiote.o(i.pins_sense_disable) for pins_sense_disable
    app_gpiote.o(i.app_gpiote_user_disable) refers to app_gpiote.o(.data) for .data
    app_gpiote.o(i.app_gpiote_user_enable) refers to app_gpiote.o(.data) for .data
    app_gpiote.o(i.app_gpiote_user_register) refers to app_gpiote.o(i.pins_sense_disable) for pins_sense_disable
    app_gpiote.o(i.app_gpiote_user_register) refers to app_gpiote.o(.data) for .data
    app_gpiote.o(i.pins_sense_disable) refers to app_gpiote.o(.data) for .data
    app_scheduler.o(i.app_sched_event_get) refers to app_scheduler.o(.data) for .data
    app_scheduler.o(i.app_sched_event_put) refers to main.o(i.app_error_handler) for app_error_handler
    app_scheduler.o(i.app_sched_event_put) refers to memcpya.o(.text) for __aeabi_memcpy
    app_scheduler.o(i.app_sched_event_put) refers to app_scheduler.o(.data) for .data
    app_scheduler.o(i.app_sched_execute) refers to app_scheduler.o(i.app_sched_event_get) for app_sched_event_get
    app_scheduler.o(i.app_sched_init) refers to app_scheduler.o(.data) for .data
    app_timer.o(i.RTC1_IRQHandler) refers to app_timer.o(i.timer_timeouts_check) for timer_timeouts_check
    app_timer.o(i.SWI0_IRQHandler) refers to app_timer.o(i.elapsed_ticks_acquire) for elapsed_ticks_acquire
    app_timer.o(i.SWI0_IRQHandler) refers to app_timer.o(i.list_deletions_handler) for list_deletions_handler
    app_timer.o(i.SWI0_IRQHandler) refers to app_timer.o(i.expired_timers_handler) for expired_timers_handler
    app_timer.o(i.SWI0_IRQHandler) refers to app_timer.o(i.list_insertions_handler) for list_insertions_handler
    app_timer.o(i.SWI0_IRQHandler) refers to app_timer.o(i.compare_reg_update) for compare_reg_update
    app_timer.o(i.SWI0_IRQHandler) refers to app_timer.o(.data) for .data
    app_timer.o(i.app_timer_create) refers to app_timer.o(.data) for .data
    app_timer.o(i.app_timer_init) refers to app_timer.o(i.rtc1_stop) for rtc1_stop
    app_timer.o(i.app_timer_init) refers to app_timer.o(i.NVIC_SetPriority) for NVIC_SetPriority
    app_timer.o(i.app_timer_init) refers to app_timer.o(.data) for .data
    app_timer.o(i.app_timer_start) refers to app_timer.o(i.user_id_get) for user_id_get
    app_timer.o(i.app_timer_start) refers to app_timer.o(i.user_op_alloc) for user_op_alloc
    app_timer.o(i.app_timer_start) refers to app_timer.o(i.timer_list_handler_sched) for timer_list_handler_sched
    app_timer.o(i.app_timer_start) refers to app_timer.o(.data) for .data
    app_timer.o(i.app_timer_stop) refers to app_timer.o(i.user_id_get) for user_id_get
    app_timer.o(i.app_timer_stop) refers to app_timer.o(i.user_op_alloc) for user_op_alloc
    app_timer.o(i.app_timer_stop) refers to app_timer.o(i.timer_list_handler_sched) for timer_list_handler_sched
    app_timer.o(i.app_timer_stop) refers to app_timer.o(.data) for .data
    app_timer.o(i.app_timer_stop_all) refers to app_timer.o(i.user_id_get) for user_id_get
    app_timer.o(i.app_timer_stop_all) refers to app_timer.o(i.user_op_alloc) for user_op_alloc
    app_timer.o(i.app_timer_stop_all) refers to app_timer.o(i.timer_list_handler_sched) for timer_list_handler_sched
    app_timer.o(i.app_timer_stop_all) refers to app_timer.o(.data) for .data
    app_timer.o(i.compare_reg_update) refers to app_timer.o(.emb_text) for __asm___11_app_timer_c_cd27f9c3__nrf_delay_us
    app_timer.o(i.compare_reg_update) refers to app_timer.o(i.rtc1_stop) for rtc1_stop
    app_timer.o(i.compare_reg_update) refers to app_timer.o(.data) for .data
    app_timer.o(i.elapsed_ticks_acquire) refers to app_timer.o(.data) for .data
    app_timer.o(i.expired_timers_handler) refers to app_timer.o(.data) for .data
    app_timer.o(i.list_deletions_handler) refers to app_timer.o(i.timer_list_remove) for timer_list_remove
    app_timer.o(i.list_deletions_handler) refers to app_timer.o(.data) for .data
    app_timer.o(i.list_insertions_handler) refers to app_timer.o(i.timer_list_insert) for timer_list_insert
    app_timer.o(i.list_insertions_handler) refers to app_timer.o(.data) for .data
    app_timer.o(i.rtc1_stop) refers to app_timer.o(.emb_text) for __asm___11_app_timer_c_cd27f9c3__nrf_delay_us
    app_timer.o(i.rtc1_stop) refers to app_timer.o(.data) for .data
    app_timer.o(i.timer_list_insert) refers to app_timer.o(.data) for .data
    app_timer.o(i.timer_list_remove) refers to app_timer.o(.data) for .data
    app_timer.o(i.timer_timeouts_check) refers to main.o(i.app_error_handler) for app_error_handler
    app_timer.o(i.timer_timeouts_check) refers to app_timer.o(i.timer_list_handler_sched) for timer_list_handler_sched
    app_timer.o(i.timer_timeouts_check) refers to app_timer.o(.data) for .data
    softdevice_handler.o(i.SWI2_IRQHandler) refers to main.o(i.app_error_handler) for app_error_handler
    softdevice_handler.o(i.SWI2_IRQHandler) refers to softdevice_handler.o(i.intern_softdevice_events_execute) for intern_softdevice_events_execute
    softdevice_handler.o(i.SWI2_IRQHandler) refers to softdevice_handler.o(.data) for .data
    softdevice_handler.o(i.intern_softdevice_events_execute) refers to main.o(i.app_error_handler) for app_error_handler
    softdevice_handler.o(i.intern_softdevice_events_execute) refers to softdevice_handler.o(.data) for .data
    softdevice_handler.o(i.softdevice_assertion_handler) refers (Weak) to main.o(i.assert_nrf_callback) for assert_nrf_callback
    softdevice_handler.o(i.softdevice_ble_evt_handler_set) refers to softdevice_handler.o(.data) for .data
    softdevice_handler.o(i.softdevice_handler_init) refers to softdevice_handler.o(.data) for .data
    softdevice_handler.o(i.softdevice_handler_init) refers to softdevice_handler.o(i.softdevice_assertion_handler) for softdevice_assertion_handler
    softdevice_handler.o(i.softdevice_handler_sd_disable) refers to softdevice_handler.o(.data) for .data
    softdevice_handler.o(i.softdevice_sys_evt_handler_set) refers to softdevice_handler.o(.data) for .data
    ble_bcs.o(i.beacon_adv_interval_char_add) refers to memseta.o(.text) for __aeabi_memclr4
    ble_bcs.o(i.beacon_calib_char_add) refers to memseta.o(.text) for __aeabi_memclr4
    ble_bcs.o(i.beacon_company_id_char_add) refers to memseta.o(.text) for __aeabi_memclr4
    ble_bcs.o(i.beacon_id_char_add) refers to memseta.o(.text) for __aeabi_memclr4
    ble_bcs.o(i.beacon_led_char_add) refers to memseta.o(.text) for __aeabi_memclr4
    ble_bcs.o(i.beacon_maj_min_char_add) refers to memseta.o(.text) for __aeabi_memclr4
    ble_bcs.o(i.ble_bcs_init) refers to ble_bcs.o(i.beacon_maj_min_char_add) for beacon_maj_min_char_add
    ble_bcs.o(i.ble_bcs_init) refers to ble_bcs.o(i.beacon_calib_char_add) for beacon_calib_char_add
    ble_bcs.o(i.ble_bcs_init) refers to ble_bcs.o(i.beacon_id_char_add) for beacon_id_char_add
    ble_bcs.o(i.ble_bcs_init) refers to ble_bcs.o(i.beacon_company_id_char_add) for beacon_company_id_char_add
    ble_bcs.o(i.ble_bcs_init) refers to ble_bcs.o(i.beacon_adv_interval_char_add) for beacon_adv_interval_char_add
    ble_bcs.o(i.ble_bcs_init) refers to ble_bcs.o(i.beacon_led_char_add) for beacon_led_char_add
    ble_bcs.o(i.ble_bcs_init) refers to ble_bcs.o(.constdata) for .constdata
    ble_bcs.o(i.ble_bcs_on_ble_evt) refers to ble_bcs.o(i.on_write) for on_write
    ble_dfu.o(i.ble_dfu_bytes_rcvd_report) refers to ble_dfu.o(i.uint32_encode) for uint32_encode
    ble_dfu.o(i.ble_dfu_bytes_rcvd_report) refers to ble_dfu.o(.data) for .data
    ble_dfu.o(i.ble_dfu_init) refers to ble_dfu.o(i.dfu_pkt_char_add) for dfu_pkt_char_add
    ble_dfu.o(i.ble_dfu_init) refers to ble_dfu.o(i.dfu_ctrl_pt_add) for dfu_ctrl_pt_add
    ble_dfu.o(i.ble_dfu_init) refers to ble_dfu.o(i.dfu_rev_char_add) for dfu_rev_char_add
    ble_dfu.o(i.ble_dfu_init) refers to ble_dfu.o(.constdata) for .constdata
    ble_dfu.o(i.ble_dfu_init) refers to ble_dfu.o(.data) for .data
    ble_dfu.o(i.ble_dfu_on_ble_evt) refers to ble_dfu.o(i.on_ctrl_pt_write) for on_ctrl_pt_write
    ble_dfu.o(i.ble_dfu_pkts_rcpt_notify) refers to ble_dfu.o(i.uint32_encode) for uint32_encode
    ble_dfu.o(i.ble_dfu_pkts_rcpt_notify) refers to ble_dfu.o(.data) for .data
    ble_dfu.o(i.ble_dfu_response_send) refers to ble_dfu.o(.data) for .data
    ble_dfu.o(i.dfu_ctrl_pt_add) refers to memseta.o(.text) for __aeabi_memclr4
    ble_dfu.o(i.dfu_pkt_char_add) refers to memseta.o(.text) for __aeabi_memclr4
    ble_dfu.o(i.dfu_rev_char_add) refers to memseta.o(.text) for __aeabi_memclr4
    ble_dfu.o(i.on_ctrl_pt_write) refers to main.o(i.__ARM_common_switch8) for __ARM_common_switch8
    ble_dfu.o(i.on_ctrl_pt_write) refers to ble_dfu.o(i.ble_dfu_response_send) for ble_dfu_response_send
    entry.o(.ARM.Collect$$$$00000000) refers (Special) to entry10a.o(.ARM.Collect$$$$0000000D) for __rt_final_cpp
    entry.o(.ARM.Collect$$$$00000000) refers (Special) to entry11a.o(.ARM.Collect$$$$0000000F) for __rt_final_exit
    entry.o(.ARM.Collect$$$$00000000) refers (Special) to entry7b.o(.ARM.Collect$$$$00000008) for _main_clock
    entry.o(.ARM.Collect$$$$00000000) refers (Special) to entry8b.o(.ARM.Collect$$$$0000000A) for _main_cpp_init
    entry.o(.ARM.Collect$$$$00000000) refers (Special) to entry9a.o(.ARM.Collect$$$$0000000B) for _main_init
    entry.o(.ARM.Collect$$$$00000000) refers (Special) to entry5.o(.ARM.Collect$$$$00000004) for _main_scatterload
    entry.o(.ARM.Collect$$$$00000000) refers (Special) to entry2.o(.ARM.Collect$$$$00000001) for _main_stk
    uldiv.o(.text) refers to llushr.o(.text) for __aeabi_llsr
    uldiv.o(.text) refers to llshl.o(.text) for __aeabi_llsl
    entry2.o(.ARM.Collect$$$$00000001) refers to entry2.o(.ARM.Collect$$$$00002712) for __lit__00000000
    entry2.o(.ARM.Collect$$$$00002712) refers to arm_startup_nrf51.o(STACK) for __initial_sp
    entry2.o(__vectab_stack_and_reset_area) refers to arm_startup_nrf51.o(STACK) for __initial_sp
    entry2.o(__vectab_stack_and_reset_area) refers to entry.o(.ARM.Collect$$$$00000000) for __main
    entry5.o(.ARM.Collect$$$$00000004) refers to init.o(.text) for __scatterload
    entry9a.o(.ARM.Collect$$$$0000000B) refers to main.o(i.main) for main
    entry9b.o(.ARM.Collect$$$$0000000C) refers to main.o(i.main) for main
    init.o(.text) refers to entry5.o(.ARM.Collect$$$$00000004) for __main_after_scatterload


==============================================================================

Removing Unused input sections from the image.

    Removing main.o(.rev16_text), (4 bytes).
    Removing main.o(.revsh_text), (4 bytes).
    Removing main.o(i.assert_nrf_callback), (16 bytes).
    Removing led_softblink.o(.rev16_text), (4 bytes).
    Removing led_softblink.o(.revsh_text), (4 bytes).
    Removing arm_startup_nrf51.o(HEAP), (2048 bytes).
    Removing system_nrf51.o(.rev16_text), (4 bytes).
    Removing system_nrf51.o(.revsh_text), (4 bytes).
    Removing system_nrf51.o(i.SystemCoreClockUpdate), (16 bytes).
    Removing ble_conn_params.o(i.ble_conn_params_change_conn_params), (80 bytes).
    Removing ble_srv_common.o(i.ble_srv_ascii_to_utf8), (18 bytes).
    Removing ble_srv_common.o(i.ble_srv_report_ref_encode), (12 bytes).
    Removing nrf_delay.o(.rev16_text), (4 bytes).
    Removing nrf_delay.o(.revsh_text), (4 bytes).
    Removing nrf_delay.o(.emb_text), (30 bytes).
    Removing nrf_delay.o(i.nrf_delay_ms), (28 bytes).
    Removing dfu_app_handler_mod.o(.rev16_text), (4 bytes).
    Removing dfu_app_handler_mod.o(.revsh_text), (4 bytes).
    Removing pstorage_mod.o(.rev16_text), (4 bytes).
    Removing pstorage_mod.o(.revsh_text), (4 bytes).
    Removing pstorage_mod.o(i.pstorage_block_identifier_get), (84 bytes).
    Removing pstorage_mod.o(i.pstorage_load), (164 bytes).
    Removing pstorage_mod.o(i.pstorage_update), (144 bytes).
    Removing app_button.o(.rev16_text), (4 bytes).
    Removing app_button.o(.revsh_text), (4 bytes).
    Removing app_button.o(i.app_button_disable), (36 bytes).
    Removing app_error.o(.rev16_text), (4 bytes).
    Removing app_error.o(.revsh_text), (4 bytes).
    Removing app_error.o(i.app_error_handler), (24 bytes).
    Removing app_gpiote.o(.rev16_text), (4 bytes).
    Removing app_gpiote.o(.revsh_text), (4 bytes).
    Removing app_gpiote.o(i.app_gpiote_user_disable), (64 bytes).
    Removing app_scheduler.o(.rev16_text), (4 bytes).
    Removing app_scheduler.o(.revsh_text), (4 bytes).
    Removing app_timer.o(.rev16_text), (4 bytes).
    Removing app_timer.o(.revsh_text), (4 bytes).
    Removing app_timer.o(i.app_timer_cnt_diff_compute), (12 bytes).
    Removing app_timer.o(i.app_timer_cnt_get), (16 bytes).
    Removing app_timer.o(i.app_timer_stop_all), (68 bytes).
    Removing softdevice_handler.o(.rev16_text), (4 bytes).
    Removing softdevice_handler.o(.revsh_text), (4 bytes).
    Removing softdevice_handler.o(i.softdevice_handler_sd_disable), (24 bytes).
    Removing ble_dfu.o(i.ble_dfu_bytes_rcvd_report), (120 bytes).
    Removing ble_dfu.o(i.ble_dfu_pkts_rcpt_notify), (112 bytes).
    Removing ble_dfu.o(i.uint32_encode), (18 bytes).

45 unused section(s) (total 3230 bytes) removed from the image.

==============================================================================

Image Symbol Table

    Local Symbols

    Symbol Name                              Value     Ov Type        Size  Object(Section)

    ../clib/microlib/division.c              0x00000000   Number         0  uidiv.o ABSOLUTE
    ../clib/microlib/division.c              0x00000000   Number         0  uldiv.o ABSOLUTE
    ../clib/microlib/init/entry.s            0x00000000   Number         0  entry11b.o ABSOLUTE
    ../clib/microlib/init/entry.s            0x00000000   Number         0  entry8a.o ABSOLUTE
    ../clib/microlib/init/entry.s            0x00000000   Number         0  entry11a.o ABSOLUTE
    ../clib/microlib/init/entry.s            0x00000000   Number         0  entry10b.o ABSOLUTE
    ../clib/microlib/init/entry.s            0x00000000   Number         0  entry7a.o ABSOLUTE
    ../clib/microlib/init/entry.s            0x00000000   Number         0  entry10a.o ABSOLUTE
    ../clib/microlib/init/entry.s            0x00000000   Number         0  entry7b.o ABSOLUTE
    ../clib/microlib/init/entry.s            0x00000000   Number         0  entry9b.o ABSOLUTE
    ../clib/microlib/init/entry.s            0x00000000   Number         0  entry8b.o ABSOLUTE
    ../clib/microlib/init/entry.s            0x00000000   Number         0  entry.o ABSOLUTE
    ../clib/microlib/init/entry.s            0x00000000   Number         0  entry2.o ABSOLUTE
    ../clib/microlib/init/entry.s            0x00000000   Number         0  entry5.o ABSOLUTE
    ../clib/microlib/init/entry.s            0x00000000   Number         0  entry9a.o ABSOLUTE
    ../clib/microlib/longlong.c              0x00000000   Number         0  llshl.o ABSOLUTE
    ../clib/microlib/longlong.c              0x00000000   Number         0  llushr.o ABSOLUTE
    ../clib/microlib/string/memcpy.c         0x00000000   Number         0  memcpya.o ABSOLUTE
    ../clib/microlib/string/memcpy.c         0x00000000   Number         0  memcpyb.o ABSOLUTE
    ../clib/microlib/string/memset.c         0x00000000   Number         0  memseta.o ABSOLUTE
    ../clib/microlib/string/strlen.c         0x00000000   Number         0  strlen.o ABSOLUTE
    ..\..\..\..\..\components\ble\ble_services\ble_dfu\ble_dfu.c 0x00000000   Number         0  ble_dfu.o ABSOLUTE
    ..\..\..\..\..\components\ble\common\ble_advdata.c 0x00000000   Number         0  ble_advdata.o ABSOLUTE
    ..\..\..\..\..\components\ble\common\ble_conn_params.c 0x00000000   Number         0  ble_conn_params.o ABSOLUTE
    ..\..\..\..\..\components\ble\common\ble_srv_common.c 0x00000000   Number         0  ble_srv_common.o ABSOLUTE
    ..\..\..\..\..\components\drivers_nrf\hal\nrf_delay.c 0x00000000   Number         0  nrf_delay.o ABSOLUTE
    ..\..\..\..\..\components\libraries\bootloader_dfu\bootloader_util_arm.c 0x00000000   Number         0  bootloader_util_arm.o ABSOLUTE
    ..\..\..\..\..\components\libraries\button\app_button.c 0x00000000   Number         0  app_button.o ABSOLUTE
    ..\..\..\..\..\components\libraries\gpiote\app_gpiote.c 0x00000000   Number         0  app_gpiote.o ABSOLUTE
    ..\..\..\..\..\components\libraries\scheduler\app_scheduler.c 0x00000000   Number         0  app_scheduler.o ABSOLUTE
    ..\..\..\..\..\components\libraries\timer\app_timer.c 0x00000000   Number         0  app_timer.o ABSOLUTE
    ..\..\..\..\..\components\libraries\util\app_error.c 0x00000000   Number         0  app_error.o ABSOLUTE
    ..\..\..\..\..\components\libraries\util\nrf_assert.c 0x00000000   Number         0  nrf_assert.o ABSOLUTE
    ..\..\..\..\..\components\softdevice\common\softdevice_handler\softdevice_handler.c 0x00000000   Number         0  softdevice_handler.o ABSOLUTE
    ..\..\..\..\..\components\toolchain\arm\arm_startup_nrf51.s 0x00000000   Number         0  arm_startup_nrf51.o ABSOLUTE
    ..\..\..\..\..\components\toolchain\system_nrf51.c 0x00000000   Number         0  system_nrf51.o ABSOLUTE
    ..\..\..\..\common\ble_bcs\ble_bcs.c     0x00000000   Number         0  ble_bcs.o ABSOLUTE
    ..\..\..\..\common\led_softblink\led_softblink.c 0x00000000   Number         0  led_softblink.o ABSOLUTE
    ..\..\..\..\common\sdk_modified\dfu_app_handler\dfu_app_handler_mod.c 0x00000000   Number         0  dfu_app_handler_mod.o ABSOLUTE
    ..\..\..\..\common\sdk_modified\pstorage\pstorage_mod.c 0x00000000   Number         0  pstorage_mod.o ABSOLUTE
    ..\..\..\main.c                          0x00000000   Number         0  main.o ABSOLUTE
    ..\\..\\..\\..\\..\\components\\drivers_nrf\\hal\\nrf_delay.c 0x00000000   Number         0  nrf_delay.o ABSOLUTE
    ..\\..\\..\\..\\..\\components\\libraries\\bootloader_dfu\\bootloader_util_arm.c 0x00000000   Number         0  bootloader_util_arm.o ABSOLUTE
    ..\\..\\..\\..\\..\\components\\libraries\\button\\app_button.c 0x00000000   Number         0  app_button.o ABSOLUTE
    ..\\..\\..\\..\\..\\components\\libraries\\gpiote\\app_gpiote.c 0x00000000   Number         0  app_gpiote.o ABSOLUTE
    ..\\..\\..\\..\\..\\components\\libraries\\scheduler\\app_scheduler.c 0x00000000   Number         0  app_scheduler.o ABSOLUTE
    ..\\..\\..\\..\\..\\components\\libraries\\timer\\app_timer.c 0x00000000   Number         0  app_timer.o ABSOLUTE
    ..\\..\\..\\..\\..\\components\\libraries\\util\\app_error.c 0x00000000   Number         0  app_error.o ABSOLUTE
    ..\\..\\..\\..\\..\\components\\softdevice\\common\\softdevice_handler\\softdevice_handler.c 0x00000000   Number         0  softdevice_handler.o ABSOLUTE
    ..\\..\\..\\..\\..\\components\\toolchain\\system_nrf51.c 0x00000000   Number         0  system_nrf51.o ABSOLUTE
    ..\\..\\..\\..\\common\\led_softblink\\led_softblink.c 0x00000000   Number         0  led_softblink.o ABSOLUTE
    ..\\..\\..\\..\\common\\sdk_modified\\dfu_app_handler\\dfu_app_handler_mod.c 0x00000000   Number         0  dfu_app_handler_mod.o ABSOLUTE
    ..\\..\\..\\..\\common\\sdk_modified\\pstorage\\pstorage_mod.c 0x00000000   Number         0  pstorage_mod.o ABSOLUTE
    ..\\..\\..\\main.c                       0x00000000   Number         0  main.o ABSOLUTE
    dc.s                                     0x00000000   Number         0  dc.o ABSOLUTE
    handlers.s                               0x00000000   Number         0  handlers.o ABSOLUTE
    init.s                                   0x00000000   Number         0  init.o ABSOLUTE
    RESET                                    0x00016000   Section      192  arm_startup_nrf51.o(RESET)
    .ARM.Collect$$$$00000000                 0x000160c0   Section        0  entry.o(.ARM.Collect$$$$00000000)
    .ARM.Collect$$$$00000001                 0x000160c0   Section        4  entry2.o(.ARM.Collect$$$$00000001)
    .ARM.Collect$$$$00000004                 0x000160c4   Section        4  entry5.o(.ARM.Collect$$$$00000004)
    .ARM.Collect$$$$00000008                 0x000160c8   Section        0  entry7b.o(.ARM.Collect$$$$00000008)
    .ARM.Collect$$$$0000000A                 0x000160c8   Section        0  entry8b.o(.ARM.Collect$$$$0000000A)
    .ARM.Collect$$$$0000000B                 0x000160c8   Section        8  entry9a.o(.ARM.Collect$$$$0000000B)
    .ARM.Collect$$$$0000000D                 0x000160d0   Section        0  entry10a.o(.ARM.Collect$$$$0000000D)
    .ARM.Collect$$$$0000000F                 0x000160d0   Section        0  entry11a.o(.ARM.Collect$$$$0000000F)
    .ARM.Collect$$$$00002712                 0x000160d0   Section        4  entry2.o(.ARM.Collect$$$$00002712)
    __lit__00000000                          0x000160d0   Data           4  entry2.o(.ARM.Collect$$$$00002712)
    .emb_text                                0x000160d4   Section       68  bootloader_util_arm.o(.emb_text)
    .emb_text                                0x00016118   Section       30  app_timer.o(.emb_text)
    .text                                    0x00016138   Section       56  arm_startup_nrf51.o(.text)
    .text                                    0x00016170   Section        0  uidiv.o(.text)
    .text                                    0x0001619c   Section        0  uldiv.o(.text)
    .text                                    0x000161fc   Section        0  memcpya.o(.text)
    .text                                    0x00016220   Section        0  memseta.o(.text)
    .text                                    0x00016244   Section        0  llshl.o(.text)
    .text                                    0x00016264   Section        0  llushr.o(.text)
    .text                                    0x00016288   Section       36  init.o(.text)
    i.GPIOTE_IRQHandler                      0x000162ac   Section        0  app_gpiote.o(i.GPIOTE_IRQHandler)
    i.NVIC_SetPriority                       0x00016338   Section        0  app_timer.o(i.NVIC_SetPriority)
    NVIC_SetPriority                         0x00016339   Thumb Code    60  app_timer.o(i.NVIC_SetPriority)
    i.NVIC_SystemReset                       0x0001637c   Section        0  main.o(i.NVIC_SystemReset)
    NVIC_SystemReset                         0x0001637d   Thumb Code    16  main.o(i.NVIC_SystemReset)
    i.RTC1_IRQHandler                        0x00016394   Section        0  app_timer.o(i.RTC1_IRQHandler)
    i.SWI0_IRQHandler                        0x000163b4   Section        0  app_timer.o(i.SWI0_IRQHandler)
    i.SWI2_IRQHandler                        0x00016408   Section        0  softdevice_handler.o(i.SWI2_IRQHandler)
    i.SystemInit                             0x0001642c   Section        0  system_nrf51.o(i.SystemInit)
    i.__ARM_common_switch8                   0x00016480   Section        0  main.o(i.__ARM_common_switch8)
    i.__scatterload_copy                     0x0001649a   Section       14  handlers.o(i.__scatterload_copy)
    i.__scatterload_null                     0x000164a8   Section        2  handlers.o(i.__scatterload_null)
    i.__scatterload_zeroinit                 0x000164aa   Section       14  handlers.o(i.__scatterload_zeroinit)
    i.adv_data_encode                        0x000164b8   Section        0  ble_advdata.o(i.adv_data_encode)
    adv_data_encode                          0x000164b9   Thumb Code   360  ble_advdata.o(i.adv_data_encode)
    i.advertising_init                       0x00016620   Section        0  main.o(i.advertising_init)
    advertising_init                         0x00016621   Thumb Code   226  main.o(i.advertising_init)
    i.app_button_enable                      0x00016714   Section        0  app_button.o(i.app_button_enable)
    i.app_button_evt_get                     0x00016730   Section        0  main.o(i.app_button_evt_get)
    app_button_evt_get                       0x00016731   Thumb Code    28  main.o(i.app_button_evt_get)
    i.app_button_evt_schedule                0x0001674c   Section        0  main.o(i.app_button_evt_schedule)
    app_button_evt_schedule                  0x0001674d   Thumb Code    20  main.o(i.app_button_evt_schedule)
    i.app_button_init                        0x00016764   Section        0  app_button.o(i.app_button_init)
    i.app_button_is_pushed                   0x000167d4   Section        0  app_button.o(i.app_button_is_pushed)
    i.app_error_handler                      0x00016830   Section        0  main.o(i.app_error_handler)
    i.app_gpiote_init                        0x00016840   Section        0  app_gpiote.o(i.app_gpiote_init)
    i.app_gpiote_pins_state_get              0x000168a4   Section        0  app_gpiote.o(i.app_gpiote_pins_state_get)
    i.app_gpiote_user_enable                 0x000168d8   Section        0  app_gpiote.o(i.app_gpiote_user_enable)
    i.app_gpiote_user_register               0x0001696c   Section        0  app_gpiote.o(i.app_gpiote_user_register)
    i.app_notify                             0x000169b8   Section        0  pstorage_mod.o(i.app_notify)
    app_notify                               0x000169b9   Thumb Code    30  pstorage_mod.o(i.app_notify)
    i.app_sched_event_get                    0x000169dc   Section        0  app_scheduler.o(i.app_sched_event_get)
    app_sched_event_get                      0x000169dd   Thumb Code    62  app_scheduler.o(i.app_sched_event_get)
    i.app_sched_event_put                    0x00016a20   Section        0  app_scheduler.o(i.app_sched_event_put)
    i.app_sched_execute                      0x00016b20   Section        0  app_scheduler.o(i.app_sched_execute)
    i.app_sched_init                         0x00016b40   Section        0  app_scheduler.o(i.app_sched_init)
    i.app_timer_create                       0x00016b6c   Section        0  app_timer.o(i.app_timer_create)
    i.app_timer_init                         0x00016bb8   Section        0  app_timer.o(i.app_timer_init)
    i.app_timer_start                        0x00016c6c   Section        0  app_timer.o(i.app_timer_start)
    i.app_timer_stop                         0x00016cf0   Section        0  app_timer.o(i.app_timer_stop)
    i.beacon_adv_interval_char_add           0x00016d48   Section        0  ble_bcs.o(i.beacon_adv_interval_char_add)
    beacon_adv_interval_char_add             0x00016d49   Thumb Code   168  ble_bcs.o(i.beacon_adv_interval_char_add)
    i.beacon_calib_char_add                  0x00016df4   Section        0  ble_bcs.o(i.beacon_calib_char_add)
    beacon_calib_char_add                    0x00016df5   Thumb Code   138  ble_bcs.o(i.beacon_calib_char_add)
    i.beacon_company_id_char_add             0x00016e84   Section        0  ble_bcs.o(i.beacon_company_id_char_add)
    beacon_company_id_char_add               0x00016e85   Thumb Code   168  ble_bcs.o(i.beacon_company_id_char_add)
    i.beacon_id_char_add                     0x00016f30   Section        0  ble_bcs.o(i.beacon_id_char_add)
    beacon_id_char_add                       0x00016f31   Thumb Code   138  ble_bcs.o(i.beacon_id_char_add)
    i.beacon_led_char_add                    0x00016fc0   Section        0  ble_bcs.o(i.beacon_led_char_add)
    beacon_led_char_add                      0x00016fc1   Thumb Code   138  ble_bcs.o(i.beacon_led_char_add)
    i.beacon_maj_min_char_add                0x00017050   Section        0  ble_bcs.o(i.beacon_maj_min_char_add)
    beacon_maj_min_char_add                  0x00017051   Thumb Code   136  ble_bcs.o(i.beacon_maj_min_char_add)
    i.beacon_params_default_set              0x000170dc   Section        0  main.o(i.beacon_params_default_set)
    beacon_params_default_set                0x000170dd   Thumb Code   114  main.o(i.beacon_params_default_set)
    i.beacon_reset                           0x00017174   Section        0  main.o(i.beacon_reset)
    beacon_reset                             0x00017175   Thumb Code    42  main.o(i.beacon_reset)
    i.beacon_setup                           0x000171a4   Section        0  main.o(i.beacon_setup)
    beacon_setup                             0x000171a5   Thumb Code   166  main.o(i.beacon_setup)
    i.beacon_start                           0x00017268   Section        0  main.o(i.beacon_start)
    beacon_start                             0x00017269   Thumb Code    52  main.o(i.beacon_start)
    i.beacon_write_handler                   0x000172a4   Section        0  main.o(i.beacon_write_handler)
    beacon_write_handler                     0x000172a5   Thumb Code   166  main.o(i.beacon_write_handler)
    i.ble_advdata_set                        0x00017354   Section        0  ble_advdata.o(i.ble_advdata_set)
    i.ble_bcs_init                           0x000173bc   Section        0  ble_bcs.o(i.ble_bcs_init)
    i.ble_bcs_on_ble_evt                     0x0001744c   Section        0  ble_bcs.o(i.ble_bcs_on_ble_evt)
    i.ble_conn_params_init                   0x00017470   Section        0  ble_conn_params.o(i.ble_conn_params_init)
    i.ble_conn_params_on_ble_evt             0x000174c4   Section        0  ble_conn_params.o(i.ble_conn_params_on_ble_evt)
    i.ble_conn_params_stop                   0x00017554   Section        0  ble_conn_params.o(i.ble_conn_params_stop)
    i.ble_dfu_init                           0x00017564   Section        0  ble_dfu.o(i.ble_dfu_init)
    i.ble_dfu_on_ble_evt                     0x000175f4   Section        0  ble_dfu.o(i.ble_dfu_on_ble_evt)
    i.ble_dfu_response_send                  0x00017668   Section        0  ble_dfu.o(i.ble_dfu_response_send)
    i.ble_evt_dispatch                       0x000176c8   Section        0  main.o(i.ble_evt_dispatch)
    ble_evt_dispatch                         0x000176c9   Thumb Code    34  main.o(i.ble_evt_dispatch)
    i.ble_stack_init                         0x000176f0   Section        0  main.o(i.ble_stack_init)
    ble_stack_init                           0x000176f1   Thumb Code    64  main.o(i.ble_stack_init)
    i.bootloader_start                       0x00017740   Section        0  dfu_app_handler_mod.o(i.bootloader_start)
    bootloader_start                         0x00017741   Thumb Code   106  dfu_app_handler_mod.o(i.bootloader_start)
    i.bootloader_util_app_start              0x000177bc   Section        0  bootloader_util_arm.o(i.bootloader_util_app_start)
    i.button_handler                         0x000177c4   Section        0  main.o(i.button_handler)
    button_handler                           0x000177c5   Thumb Code    30  main.o(i.button_handler)
    i.button_handler_execute                 0x000177e4   Section        0  app_button.o(i.button_handler_execute)
    button_handler_execute                   0x000177e5   Thumb Code    58  app_button.o(i.button_handler_execute)
    i.cmd_process                            0x00017824   Section        0  pstorage_mod.o(i.cmd_process)
    cmd_process                              0x00017825   Thumb Code   226  pstorage_mod.o(i.cmd_process)
    i.cmd_queue_dequeue                      0x00017910   Section        0  pstorage_mod.o(i.cmd_queue_dequeue)
    cmd_queue_dequeue                        0x00017911   Thumb Code    34  pstorage_mod.o(i.cmd_queue_dequeue)
    i.cmd_queue_element_init                 0x00017938   Section        0  pstorage_mod.o(i.cmd_queue_element_init)
    cmd_queue_element_init                   0x00017939   Thumb Code    26  pstorage_mod.o(i.cmd_queue_element_init)
    i.cmd_queue_enqueue                      0x00017958   Section        0  pstorage_mod.o(i.cmd_queue_enqueue)
    cmd_queue_enqueue                        0x00017959   Thumb Code    76  pstorage_mod.o(i.cmd_queue_enqueue)
    i.compare_reg_update                     0x000179a8   Section        0  app_timer.o(i.compare_reg_update)
    compare_reg_update                       0x000179a9   Thumb Code   140  app_timer.o(i.compare_reg_update)
    i.conn_int_encode                        0x00017a4c   Section        0  ble_advdata.o(i.conn_int_encode)
    conn_int_encode                          0x00017a4d   Thumb Code   126  ble_advdata.o(i.conn_int_encode)
    i.conn_params_error_handler              0x00017ad0   Section        0  main.o(i.conn_params_error_handler)
    conn_params_error_handler                0x00017ad1   Thumb Code     8  main.o(i.conn_params_error_handler)
    i.conn_params_negotiation                0x00017ad8   Section        0  ble_conn_params.o(i.conn_params_negotiation)
    conn_params_negotiation                  0x00017ad9   Thumb Code    90  ble_conn_params.o(i.conn_params_negotiation)
    i.detection_delay_timeout_handler        0x00017b3c   Section        0  app_button.o(i.detection_delay_timeout_handler)
    detection_delay_timeout_handler          0x00017b3d   Thumb Code    98  app_button.o(i.detection_delay_timeout_handler)
    i.dfu_app_on_dfu_evt                     0x00017ba4   Section        0  dfu_app_handler_mod.o(i.dfu_app_on_dfu_evt)
    i.dfu_app_reset_prepare                  0x00017bc8   Section        0  dfu_app_handler_mod.o(i.dfu_app_reset_prepare)
    dfu_app_reset_prepare                    0x00017bc9   Thumb Code     2  dfu_app_handler_mod.o(i.dfu_app_reset_prepare)
    i.dfu_app_reset_prepare_set              0x00017bcc   Section        0  dfu_app_handler_mod.o(i.dfu_app_reset_prepare_set)
    i.dfu_ctrl_pt_add                        0x00017bd8   Section        0  ble_dfu.o(i.dfu_ctrl_pt_add)
    dfu_ctrl_pt_add                          0x00017bd9   Thumb Code   132  ble_dfu.o(i.dfu_ctrl_pt_add)
    i.dfu_pkt_char_add                       0x00017c60   Section        0  ble_dfu.o(i.dfu_pkt_char_add)
    dfu_pkt_char_add                         0x00017c61   Thumb Code   128  ble_dfu.o(i.dfu_pkt_char_add)
    i.dfu_reset_prepare                      0x00017ce4   Section        0  main.o(i.dfu_reset_prepare)
    dfu_reset_prepare                        0x00017ce5   Thumb Code    56  main.o(i.dfu_reset_prepare)
    i.dfu_rev_char_add                       0x00017d24   Section        0  ble_dfu.o(i.dfu_rev_char_add)
    dfu_rev_char_add                         0x00017d25   Thumb Code   138  ble_dfu.o(i.dfu_rev_char_add)
    i.elapsed_ticks_acquire                  0x00017db4   Section        0  app_timer.o(i.elapsed_ticks_acquire)
    elapsed_ticks_acquire                    0x00017db5   Thumb Code    58  app_timer.o(i.elapsed_ticks_acquire)
    i.expired_timers_handler                 0x00017df4   Section        0  app_timer.o(i.expired_timers_handler)
    expired_timers_handler                   0x00017df5   Thumb Code    82  app_timer.o(i.expired_timers_handler)
    i.gpiote_event_handler                   0x00017e4c   Section        0  app_button.o(i.gpiote_event_handler)
    gpiote_event_handler                     0x00017e4d   Thumb Code    40  app_button.o(i.gpiote_event_handler)
    i.intern_softdevice_events_execute       0x00017e78   Section        0  softdevice_handler.o(i.intern_softdevice_events_execute)
    i.is_conn_params_ok                      0x00017ef8   Section        0  ble_conn_params.o(i.is_conn_params_ok)
    is_conn_params_ok                        0x00017ef9   Thumb Code    24  ble_conn_params.o(i.is_conn_params_ok)
    i.is_manual_peripheral_setup_needed      0x00017f14   Section        0  system_nrf51.o(i.is_manual_peripheral_setup_needed)
    is_manual_peripheral_setup_needed        0x00017f15   Thumb Code    66  system_nrf51.o(i.is_manual_peripheral_setup_needed)
    i.is_word_aligned                        0x00017f5c   Section        0  pstorage_mod.o(i.is_word_aligned)
    is_word_aligned                          0x00017f5d   Thumb Code    12  pstorage_mod.o(i.is_word_aligned)
    i.led_softblink_init                     0x00017f68   Section        0  led_softblink.o(i.led_softblink_init)
    i.led_softblink_off_time_set             0x00018008   Section        0  led_softblink.o(i.led_softblink_off_time_set)
    i.led_softblink_on_timeout               0x00018020   Section        0  led_softblink.o(i.led_softblink_on_timeout)
    led_softblink_on_timeout                 0x00018021   Thumb Code   168  led_softblink.o(i.led_softblink_on_timeout)
    i.led_softblink_start                    0x000180d0   Section        0  led_softblink.o(i.led_softblink_start)
    i.led_softblink_stop                     0x0001810c   Section        0  led_softblink.o(i.led_softblink_stop)
    i.leds_init                              0x00018140   Section        0  main.o(i.leds_init)
    leds_init                                0x00018141   Thumb Code    88  main.o(i.leds_init)
    i.list_deletions_handler                 0x000181a0   Section        0  app_timer.o(i.list_deletions_handler)
    list_deletions_handler                   0x000181a1   Thumb Code   144  app_timer.o(i.list_deletions_handler)
    i.list_insertions_handler                0x00018234   Section        0  app_timer.o(i.list_insertions_handler)
    list_insertions_handler                  0x00018235   Thumb Code   230  app_timer.o(i.list_insertions_handler)
    i.main                                   0x00018324   Section        0  main.o(i.main)
    i.manuf_specific_data_encode             0x000183f0   Section        0  ble_advdata.o(i.manuf_specific_data_encode)
    manuf_specific_data_encode               0x000183f1   Thumb Code   100  ble_advdata.o(i.manuf_specific_data_encode)
    i.name_encode                            0x00018454   Section        0  ble_advdata.o(i.name_encode)
    name_encode                              0x00018455   Thumb Code   106  ble_advdata.o(i.name_encode)
    i.on_ble_evt                             0x000184c0   Section        0  main.o(i.on_ble_evt)
    on_ble_evt                               0x000184c1   Thumb Code   138  main.o(i.on_ble_evt)
    i.on_conn_params_evt                     0x00018554   Section        0  main.o(i.on_conn_params_evt)
    on_conn_params_evt                       0x00018555   Thumb Code    30  main.o(i.on_conn_params_evt)
    i.on_ctrl_pt_write                       0x00018578   Section        0  ble_dfu.o(i.on_ctrl_pt_write)
    on_ctrl_pt_write                         0x00018579   Thumb Code   218  ble_dfu.o(i.on_ctrl_pt_write)
    i.on_write                               0x00018652   Section        0  ble_bcs.o(i.on_write)
    on_write                                 0x00018653   Thumb Code   160  ble_bcs.o(i.on_write)
    i.pins_sense_disable                     0x000186f4   Section        0  app_gpiote.o(i.pins_sense_disable)
    pins_sense_disable                       0x000186f5   Thumb Code    52  app_gpiote.o(i.pins_sense_disable)
    i.pstorage_access_status_get             0x00018730   Section        0  pstorage_mod.o(i.pstorage_access_status_get)
    i.pstorage_clear                         0x00018758   Section        0  pstorage_mod.o(i.pstorage_clear)
    i.pstorage_init                          0x000187d4   Section        0  pstorage_mod.o(i.pstorage_init)
    i.pstorage_ntf_cb                        0x0001886c   Section        0  main.o(i.pstorage_ntf_cb)
    pstorage_ntf_cb                          0x0001886d   Thumb Code    16  main.o(i.pstorage_ntf_cb)
    i.pstorage_register                      0x0001887c   Section        0  pstorage_mod.o(i.pstorage_register)
    i.pstorage_store                         0x00018978   Section        0  pstorage_mod.o(i.pstorage_store)
    i.pstorage_sys_event_handler             0x00018a08   Section        0  pstorage_mod.o(i.pstorage_sys_event_handler)
    i.rtc1_stop                              0x00018b0c   Section        0  app_timer.o(i.rtc1_stop)
    rtc1_stop                                0x00018b0d   Thumb Code    50  app_timer.o(i.rtc1_stop)
    i.sec_params_init                        0x00018b50   Section        0  main.o(i.sec_params_init)
    sec_params_init                          0x00018b51   Thumb Code    34  main.o(i.sec_params_init)
    i.sense_level_toggle                     0x00018b78   Section        0  app_gpiote.o(i.sense_level_toggle)
    sense_level_toggle                       0x00018b79   Thumb Code    64  app_gpiote.o(i.sense_level_toggle)
    i.service_data_encode                    0x00018bbc   Section        0  ble_advdata.o(i.service_data_encode)
    service_data_encode                      0x00018bbd   Thumb Code   124  ble_advdata.o(i.service_data_encode)
    i.services_init                          0x00018c38   Section        0  main.o(i.services_init)
    services_init                            0x00018c39   Thumb Code    72  main.o(i.services_init)
    i.softdevice_assertion_handler           0x00018c94   Section        0  softdevice_handler.o(i.softdevice_assertion_handler)
    i.softdevice_ble_evt_handler_set         0x00018ca0   Section        0  softdevice_handler.o(i.softdevice_ble_evt_handler_set)
    i.softdevice_evt_get                     0x00018cb4   Section        0  main.o(i.softdevice_evt_get)
    softdevice_evt_get                       0x00018cb5   Thumb Code    22  main.o(i.softdevice_evt_get)
    i.softdevice_evt_schedule                0x00018ccc   Section        0  main.o(i.softdevice_evt_schedule)
    softdevice_evt_schedule                  0x00018ccd   Thumb Code    14  main.o(i.softdevice_evt_schedule)
    i.softdevice_handler_init                0x00018ce0   Section        0  softdevice_handler.o(i.softdevice_handler_init)
    i.softdevice_sys_evt_handler_set         0x00018d10   Section        0  softdevice_handler.o(i.softdevice_sys_evt_handler_set)
    i.storage_access_complete_handler        0x00018d24   Section        0  main.o(i.storage_access_complete_handler)
    storage_access_complete_handler          0x00018d25   Thumb Code    30  main.o(i.storage_access_complete_handler)
    i.swap_state_process                     0x00018d48   Section        0  pstorage_mod.o(i.swap_state_process)
    swap_state_process                       0x00018d49   Thumb Code   362  pstorage_mod.o(i.swap_state_process)
    i.sys_evt_dispatch                       0x00018ebc   Section        0  main.o(i.sys_evt_dispatch)
    sys_evt_dispatch                         0x00018ebd   Thumb Code    42  main.o(i.sys_evt_dispatch)
    i.timer_list_handler_sched               0x00018eec   Section        0  app_timer.o(i.timer_list_handler_sched)
    timer_list_handler_sched                 0x00018eed   Thumb Code    10  app_timer.o(i.timer_list_handler_sched)
    i.timer_list_insert                      0x00018efc   Section        0  app_timer.o(i.timer_list_insert)
    timer_list_insert                        0x00018efd   Thumb Code    94  app_timer.o(i.timer_list_insert)
    i.timer_list_remove                      0x00018f60   Section        0  app_timer.o(i.timer_list_remove)
    timer_list_remove                        0x00018f61   Thumb Code   104  app_timer.o(i.timer_list_remove)
    i.timer_timeouts_check                   0x00018fd0   Section        0  app_timer.o(i.timer_timeouts_check)
    timer_timeouts_check                     0x00018fd1   Thumb Code   120  app_timer.o(i.timer_timeouts_check)
    i.uint16_encode                          0x00019050   Section        0  ble_advdata.o(i.uint16_encode)
    uint16_encode                            0x00019051   Thumb Code    10  ble_advdata.o(i.uint16_encode)
    i.update_timeout_handler                 0x0001905c   Section        0  ble_conn_params.o(i.update_timeout_handler)
    update_timeout_handler                   0x0001905d   Thumb Code    86  ble_conn_params.o(i.update_timeout_handler)
    i.user_id_get                            0x000190c0   Section        0  app_timer.o(i.user_id_get)
    user_id_get                              0x000190c1   Thumb Code    74  app_timer.o(i.user_id_get)
    i.user_op_alloc                          0x00019114   Section        0  app_timer.o(i.user_op_alloc)
    user_op_alloc                            0x00019115   Thumb Code    36  app_timer.o(i.user_op_alloc)
    i.uuid_list_encode                       0x00019138   Section        0  ble_advdata.o(i.uuid_list_encode)
    uuid_list_encode                         0x00019139   Thumb Code    38  ble_advdata.o(i.uuid_list_encode)
    i.uuid_list_sized_encode                 0x0001915e   Section        0  ble_advdata.o(i.uuid_list_sized_encode)
    uuid_list_sized_encode                   0x0001915f   Thumb Code   162  ble_advdata.o(i.uuid_list_sized_encode)
    .constdata                               0x00019200   Section        4  main.o(.constdata)
    .constdata                               0x00019204   Section       16  ble_bcs.o(.constdata)
    .constdata                               0x00019214   Section       16  ble_dfu.o(.constdata)
    .data                                    0x20002000   Section       44  main.o(.data)
    m_beacon_reset                           0x20002000   Data           1  main.o(.data)
    m_beacon_start                           0x20002001   Data           1  main.o(.data)
    m_beacon_mode                            0x20002002   Data           1  main.o(.data)
    m_conn_handle                            0x20002004   Data           2  main.o(.data)
    p_beacon                                 0x20002008   Data           4  main.o(.data)
    m_sec_params                             0x2000200c   Data           6  main.o(.data)
    m_pstorage_block_id                      0x20002014   Data           8  main.o(.data)
    buttons                                  0x2000201c   Data          16  main.o(.data)
    .data                                    0x2000202c   Section        4  system_nrf51.o(.data)
    __tagsym$$used                           0x2000202c   Number         0  system_nrf51.o(.data)
    .data                                    0x20002030   Section       24  ble_conn_params.o(.data)
    m_change_param                           0x20002030   Data           1  ble_conn_params.o(.data)
    m_update_count                           0x20002031   Data           1  ble_conn_params.o(.data)
    m_conn_handle                            0x20002032   Data           2  ble_conn_params.o(.data)
    m_conn_params_timer_id                   0x20002034   Data           4  ble_conn_params.o(.data)
    m_preferred_conn_params                  0x20002038   Data           8  ble_conn_params.o(.data)
    m_current_conn_params                    0x20002040   Data           8  ble_conn_params.o(.data)
    .data                                    0x20002048   Section        4  dfu_app_handler_mod.o(.data)
    m_reset_prepare                          0x20002048   Data           4  dfu_app_handler_mod.o(.data)
    .data                                    0x2000204c   Section       12  pstorage_mod.o(.data)
    m_module_initialized                     0x2000204c   Data           1  pstorage_mod.o(.data)
    m_swap_state                             0x2000204d   Data           1  pstorage_mod.o(.data)
    m_next_app_instance                      0x2000204e   Data           2  pstorage_mod.o(.data)
    m_round_val                              0x20002050   Data           2  pstorage_mod.o(.data)
    m_next_page_addr                         0x20002054   Data           4  pstorage_mod.o(.data)
    .data                                    0x20002058   Section       28  app_button.o(.data)
    m_button_count                           0x20002058   Data           1  app_button.o(.data)
    m_gpiote_user_id                         0x20002059   Data           1  app_button.o(.data)
    mp_buttons                               0x2000205c   Data           4  app_button.o(.data)
    m_detection_delay                        0x20002060   Data           4  app_button.o(.data)
    m_evt_schedule_func                      0x20002064   Data           4  app_button.o(.data)
    m_detection_delay_timer_id               0x20002068   Data           4  app_button.o(.data)
    m_pin_transition                         0x2000206c   Data           8  app_button.o(.data)
    .data                                    0x20002074   Section       12  app_gpiote.o(.data)
    m_user_array_size                        0x20002074   Data           1  app_gpiote.o(.data)
    m_user_count                             0x20002075   Data           1  app_gpiote.o(.data)
    mp_users                                 0x20002078   Data           4  app_gpiote.o(.data)
    m_enabled_users_mask                     0x2000207c   Data           4  app_gpiote.o(.data)
    .data                                    0x20002080   Section       16  app_scheduler.o(.data)
    m_queue_start_index                      0x20002080   Data           1  app_scheduler.o(.data)
    m_queue_end_index                        0x20002081   Data           1  app_scheduler.o(.data)
    m_queue_event_size                       0x20002082   Data           2  app_scheduler.o(.data)
    m_queue_size                             0x20002084   Data           2  app_scheduler.o(.data)
    m_queue_event_headers                    0x20002088   Data           4  app_scheduler.o(.data)
    m_queue_event_data                       0x2000208c   Data           4  app_scheduler.o(.data)
    .data                                    0x20002090   Section       36  app_timer.o(.data)
    m_node_array_size                        0x20002090   Data           1  app_timer.o(.data)
    m_user_array_size                        0x20002091   Data           1  app_timer.o(.data)
    m_ticks_elapsed_q_read_ind               0x20002092   Data           1  app_timer.o(.data)
    m_ticks_elapsed_q_write_ind              0x20002093   Data           1  app_timer.o(.data)
    m_rtc1_running                           0x20002094   Data           1  app_timer.o(.data)
    m_rtc1_reset                             0x20002095   Data           1  app_timer.o(.data)
    mp_nodes                                 0x20002098   Data           4  app_timer.o(.data)
    mp_users                                 0x2000209c   Data           4  app_timer.o(.data)
    m_timer_id_head                          0x200020a0   Data           4  app_timer.o(.data)
    m_ticks_latest                           0x200020a4   Data           4  app_timer.o(.data)
    m_evt_schedule_func                      0x200020a8   Data           4  app_timer.o(.data)
    m_ticks_elapsed                          0x200020ac   Data           8  app_timer.o(.data)
    .data                                    0x200020b4   Section       20  softdevice_handler.o(.data)
    m_softdevice_enabled                     0x200020b4   Data           1  softdevice_handler.o(.data)
    m_ble_evt_buffer_size                    0x200020b6   Data           2  softdevice_handler.o(.data)
    m_evt_schedule_func                      0x200020b8   Data           4  softdevice_handler.o(.data)
    m_evt_buffer                             0x200020bc   Data           4  softdevice_handler.o(.data)
    m_ble_evt_handler                        0x200020c0   Data           4  softdevice_handler.o(.data)
    m_sys_evt_handler                        0x200020c4   Data           4  softdevice_handler.o(.data)
    .data                                    0x200020c8   Section        8  ble_dfu.o(.data)
    m_is_dfu_service_initialized             0x200020c8   Data           1  ble_dfu.o(.data)
    m_notif_buffer                           0x200020c9   Data           7  ble_dfu.o(.data)
    .bss                                     0x200020d0   Section     1044  main.o(.bss)
    tmp                                      0x200020d0   Data          32  main.o(.bss)
    m_auth_status                            0x200020f0   Data          50  main.o(.bss)
    EVT_BUFFER                               0x20002124   Data          80  main.o(.bss)
    tmp                                      0x20002174   Data          32  main.o(.bss)
    APP_SCHED_BUF                            0x20002194   Data         176  main.o(.bss)
    APP_TIMER_BUF                            0x20002244   Data         504  main.o(.bss)
    app_gpiote_buf                           0x2000243c   Data          40  main.o(.bss)
    m_bcs                                    0x20002464   Data          60  main.o(.bss)
    m_dfus                                   0x200024a0   Data          48  main.o(.bss)
    m_adv_params                             0x200024d0   Data          20  main.o(.bss)
    .bss                                     0x200024e4   Section       36  led_softblink.o(.bss)
    m_led_sb                                 0x200024e4   Data          36  led_softblink.o(.bss)
    .bss                                     0x20002508   Section       28  ble_conn_params.o(.bss)
    m_conn_params_config                     0x20002508   Data          28  ble_conn_params.o(.bss)
    .bss                                     0x20002524   Section      220  pstorage_mod.o(.bss)
    m_cmd_queue                              0x20002524   Data         204  pstorage_mod.o(.bss)
    m_app_table                              0x200025f0   Data          16  pstorage_mod.o(.bss)
    STACK                                    0x20002600   Section     2048  arm_startup_nrf51.o(STACK)

    Global Symbols

    Symbol Name                              Value     Ov Type        Size  Object(Section)

    BuildAttributes$$THM_ISAv3M$S$PE$A:L22$X:L11$S22$IEEE1$IW$USESV6$~STKCKD$USESV7$~SHL$OSPACE$EBA8$MICROLIB$REQ8$PRES8$EABIv2 0x00000000   Number         0  anon$$obj.o ABSOLUTE
    __ARM_use_no_argv                        0x00000000   Number         0  main.o ABSOLUTE
    __cpp_initialize__aeabi_                  - Undefined Weak Reference
    __cxa_finalize                            - Undefined Weak Reference
    __decompress                              - Undefined Weak Reference
    _clock_init                               - Undefined Weak Reference
    _microlib_exit                            - Undefined Weak Reference
    __Vectors_Size                           0x000000c0   Number         0  arm_startup_nrf51.o ABSOLUTE
    __Vectors                                0x00016000   Data           4  arm_startup_nrf51.o(RESET)
    __Vectors_End                            0x000160c0   Data           0  arm_startup_nrf51.o(RESET)
    __main                                   0x000160c1   Thumb Code     0  entry.o(.ARM.Collect$$$$00000000)
    _main_stk                                0x000160c1   Thumb Code     0  entry2.o(.ARM.Collect$$$$00000001)
    _main_scatterload                        0x000160c5   Thumb Code     0  entry5.o(.ARM.Collect$$$$00000004)
    __main_after_scatterload                 0x000160c9   Thumb Code     0  entry5.o(.ARM.Collect$$$$00000004)
    _main_clock                              0x000160c9   Thumb Code     0  entry7b.o(.ARM.Collect$$$$00000008)
    _main_cpp_init                           0x000160c9   Thumb Code     0  entry8b.o(.ARM.Collect$$$$0000000A)
    _main_init                               0x000160c9   Thumb Code     0  entry9a.o(.ARM.Collect$$$$0000000B)
    __rt_final_cpp                           0x000160d1   Thumb Code     0  entry10a.o(.ARM.Collect$$$$0000000D)
    __rt_final_exit                          0x000160d1   Thumb Code     0  entry11a.o(.ARM.Collect$$$$0000000F)
    __asm___21_bootloader_util_arm_c_c13d365c__bootloader_util_reset 0x000160d5   Thumb Code    52  bootloader_util_arm.o(.emb_text)
    __asm___11_app_timer_c_cd27f9c3__nrf_delay_us 0x00016119   Thumb Code    30  app_timer.o(.emb_text)
    Reset_Handler                            0x00016139   Thumb Code    26  arm_startup_nrf51.o(.text)
    NMI_Handler                              0x00016153   Thumb Code     2  arm_startup_nrf51.o(.text)
    HardFault_Handler                        0x00016155   Thumb Code     2  arm_startup_nrf51.o(.text)
    SVC_Handler                              0x00016157   Thumb Code     2  arm_startup_nrf51.o(.text)
    PendSV_Handler                           0x00016159   Thumb Code     2  arm_startup_nrf51.o(.text)
    SysTick_Handler                          0x0001615b   Thumb Code     2  arm_startup_nrf51.o(.text)
    ADC_IRQHandler                           0x0001615d   Thumb Code     0  arm_startup_nrf51.o(.text)
    CCM_AAR_IRQHandler                       0x0001615d   Thumb Code     0  arm_startup_nrf51.o(.text)
    ECB_IRQHandler                           0x0001615d   Thumb Code     0  arm_startup_nrf51.o(.text)
    LPCOMP_IRQHandler                        0x0001615d   Thumb Code     0  arm_startup_nrf51.o(.text)
    POWER_CLOCK_IRQHandler                   0x0001615d   Thumb Code     0  arm_startup_nrf51.o(.text)
    QDEC_IRQHandler                          0x0001615d   Thumb Code     0  arm_startup_nrf51.o(.text)
    RADIO_IRQHandler                         0x0001615d   Thumb Code     0  arm_startup_nrf51.o(.text)
    RNG_IRQHandler                           0x0001615d   Thumb Code     0  arm_startup_nrf51.o(.text)
    RTC0_IRQHandler                          0x0001615d   Thumb Code     0  arm_startup_nrf51.o(.text)
    SPI0_TWI0_IRQHandler                     0x0001615d   Thumb Code     0  arm_startup_nrf51.o(.text)
    SPI1_TWI1_IRQHandler                     0x0001615d   Thumb Code     0  arm_startup_nrf51.o(.text)
    SWI1_IRQHandler                          0x0001615d   Thumb Code     0  arm_startup_nrf51.o(.text)
    SWI3_IRQHandler                          0x0001615d   Thumb Code     0  arm_startup_nrf51.o(.text)
    SWI4_IRQHandler                          0x0001615d   Thumb Code     0  arm_startup_nrf51.o(.text)
    SWI5_IRQHandler                          0x0001615d   Thumb Code     0  arm_startup_nrf51.o(.text)
    TEMP_IRQHandler                          0x0001615d   Thumb Code     0  arm_startup_nrf51.o(.text)
    TIMER0_IRQHandler                        0x0001615d   Thumb Code     0  arm_startup_nrf51.o(.text)
    TIMER1_IRQHandler                        0x0001615d   Thumb Code     0  arm_startup_nrf51.o(.text)
    TIMER2_IRQHandler                        0x0001615d   Thumb Code     0  arm_startup_nrf51.o(.text)
    UART0_IRQHandler                         0x0001615d   Thumb Code     0  arm_startup_nrf51.o(.text)
    WDT_IRQHandler                           0x0001615d   Thumb Code     0  arm_startup_nrf51.o(.text)
    __aeabi_uidiv                            0x00016171   Thumb Code     0  uidiv.o(.text)
    __aeabi_uidivmod                         0x00016171   Thumb Code    44  uidiv.o(.text)
    __aeabi_uldivmod                         0x0001619d   Thumb Code    96  uldiv.o(.text)
    __aeabi_memcpy                           0x000161fd   Thumb Code    36  memcpya.o(.text)
    __aeabi_memcpy4                          0x000161fd   Thumb Code     0  memcpya.o(.text)
    __aeabi_memcpy8                          0x000161fd   Thumb Code     0  memcpya.o(.text)
    __aeabi_memset                           0x00016221   Thumb Code    14  memseta.o(.text)
    __aeabi_memset4                          0x00016221   Thumb Code     0  memseta.o(.text)
    __aeabi_memset8                          0x00016221   Thumb Code     0  memseta.o(.text)
    __aeabi_memclr                           0x0001622f   Thumb Code     4  memseta.o(.text)
    __aeabi_memclr4                          0x0001622f   Thumb Code     0  memseta.o(.text)
    __aeabi_memclr8                          0x0001622f   Thumb Code     0  memseta.o(.text)
    _memset$wrapper                          0x00016233   Thumb Code    18  memseta.o(.text)
    __aeabi_llsl                             0x00016245   Thumb Code    32  llshl.o(.text)
    _ll_shift_l                              0x00016245   Thumb Code     0  llshl.o(.text)
    __aeabi_llsr                             0x00016265   Thumb Code    34  llushr.o(.text)
    _ll_ushift_r                             0x00016265   Thumb Code     0  llushr.o(.text)
    __scatterload                            0x00016289   Thumb Code    28  init.o(.text)
    __scatterload_rt2                        0x00016289   Thumb Code     0  init.o(.text)
    GPIOTE_IRQHandler                        0x000162ad   Thumb Code   128  app_gpiote.o(i.GPIOTE_IRQHandler)
    RTC1_IRQHandler                          0x00016395   Thumb Code    28  app_timer.o(i.RTC1_IRQHandler)
    SWI0_IRQHandler                          0x000163b5   Thumb Code    78  app_timer.o(i.SWI0_IRQHandler)
    SWI2_IRQHandler                          0x00016409   Thumb Code    32  softdevice_handler.o(i.SWI2_IRQHandler)
    SystemInit                               0x0001642d   Thumb Code    64  system_nrf51.o(i.SystemInit)
    __ARM_common_switch8                     0x00016481   Thumb Code    26  main.o(i.__ARM_common_switch8)
    __scatterload_copy                       0x0001649b   Thumb Code    14  handlers.o(i.__scatterload_copy)
    __scatterload_null                       0x000164a9   Thumb Code     2  handlers.o(i.__scatterload_null)
    __scatterload_zeroinit                   0x000164ab   Thumb Code    14  handlers.o(i.__scatterload_zeroinit)
    app_button_enable                        0x00016715   Thumb Code    22  app_button.o(i.app_button_enable)
    app_button_init                          0x00016765   Thumb Code    94  app_button.o(i.app_button_init)
    app_button_is_pushed                     0x000167d5   Thumb Code    88  app_button.o(i.app_button_is_pushed)
    app_error_handler                        0x00016831   Thumb Code    12  main.o(i.app_error_handler)
    app_gpiote_init                          0x00016841   Thumb Code    78  app_gpiote.o(i.app_gpiote_init)
    app_gpiote_pins_state_get                0x000168a5   Thumb Code    42  app_gpiote.o(i.app_gpiote_pins_state_get)
    app_gpiote_user_enable                   0x000168d9   Thumb Code   128  app_gpiote.o(i.app_gpiote_user_enable)
    app_gpiote_user_register                 0x0001696d   Thumb Code    70  app_gpiote.o(i.app_gpiote_user_register)
    app_sched_event_put                      0x00016a21   Thumb Code   240  app_scheduler.o(i.app_sched_event_put)
    app_sched_execute                        0x00016b21   Thumb Code    30  app_scheduler.o(i.app_sched_execute)
    app_sched_init                           0x00016b41   Thumb Code    40  app_scheduler.o(i.app_sched_init)
    app_timer_create                         0x00016b6d   Thumb Code    72  app_timer.o(i.app_timer_create)
    app_timer_init                           0x00016bb9   Thumb Code   164  app_timer.o(i.app_timer_init)
    app_timer_start                          0x00016c6d   Thumb Code   122  app_timer.o(i.app_timer_start)
    app_timer_stop                           0x00016cf1   Thumb Code    82  app_timer.o(i.app_timer_stop)
    ble_advdata_set                          0x00017355   Thumb Code   102  ble_advdata.o(i.ble_advdata_set)
    ble_bcs_init                             0x000173bd   Thumb Code   136  ble_bcs.o(i.ble_bcs_init)
    ble_bcs_on_ble_evt                       0x0001744d   Thumb Code    34  ble_bcs.o(i.ble_bcs_on_ble_evt)
    ble_conn_params_init                     0x00017471   Thumb Code    72  ble_conn_params.o(i.ble_conn_params_init)
    ble_conn_params_on_ble_evt               0x000174c5   Thumb Code   134  ble_conn_params.o(i.ble_conn_params_on_ble_evt)
    ble_conn_params_stop                     0x00017555   Thumb Code    12  ble_conn_params.o(i.ble_conn_params_stop)
    ble_dfu_init                             0x00017565   Thumb Code   130  ble_dfu.o(i.ble_dfu_init)
    ble_dfu_on_ble_evt                       0x000175f5   Thumb Code   116  ble_dfu.o(i.ble_dfu_on_ble_evt)
    ble_dfu_response_send                    0x00017669   Thumb Code    86  ble_dfu.o(i.ble_dfu_response_send)
    bootloader_util_app_start                0x000177bd   Thumb Code     8  bootloader_util_arm.o(i.bootloader_util_app_start)
    dfu_app_on_dfu_evt                       0x00017ba5   Thumb Code    36  dfu_app_handler_mod.o(i.dfu_app_on_dfu_evt)
    dfu_app_reset_prepare_set                0x00017bcd   Thumb Code     6  dfu_app_handler_mod.o(i.dfu_app_reset_prepare_set)
    intern_softdevice_events_execute         0x00017e79   Thumb Code   124  softdevice_handler.o(i.intern_softdevice_events_execute)
    led_softblink_init                       0x00017f69   Thumb Code   144  led_softblink.o(i.led_softblink_init)
    led_softblink_off_time_set               0x00018009   Thumb Code    18  led_softblink.o(i.led_softblink_off_time_set)
    led_softblink_start                      0x000180d1   Thumb Code    50  led_softblink.o(i.led_softblink_start)
    led_softblink_stop                       0x0001810d   Thumb Code    48  led_softblink.o(i.led_softblink_stop)
    main                                     0x00018325   Thumb Code   178  main.o(i.main)
    pstorage_access_status_get               0x00018731   Thumb Code    30  pstorage_mod.o(i.pstorage_access_status_get)
    pstorage_clear                           0x00018759   Thumb Code   114  pstorage_mod.o(i.pstorage_clear)
    pstorage_init                            0x000187d5   Thumb Code   138  pstorage_mod.o(i.pstorage_init)
    pstorage_register                        0x0001887d   Thumb Code   240  pstorage_mod.o(i.pstorage_register)
    pstorage_store                           0x00018979   Thumb Code   134  pstorage_mod.o(i.pstorage_store)
    pstorage_sys_event_handler               0x00018a09   Thumb Code   250  pstorage_mod.o(i.pstorage_sys_event_handler)
    softdevice_assertion_handler             0x00018c95   Thumb Code    12  softdevice_handler.o(i.softdevice_assertion_handler)
    softdevice_ble_evt_handler_set           0x00018ca1   Thumb Code    16  softdevice_handler.o(i.softdevice_ble_evt_handler_set)
    softdevice_handler_init                  0x00018ce1   Thumb Code    40  softdevice_handler.o(i.softdevice_handler_init)
    softdevice_sys_evt_handler_set           0x00018d11   Thumb Code    16  softdevice_handler.o(i.softdevice_sys_evt_handler_set)
    Region$$Table$$Base                      0x00019224   Number         0  anon$$obj.o(Region$$Table)
    Region$$Table$$Limit                     0x00019244   Number         0  anon$$obj.o(Region$$Table)
    SystemCoreClock                          0x2000202c   Data           4  system_nrf51.o(.data)
    __initial_sp                             0x20002e00   Data           0  arm_startup_nrf51.o(STACK)



==============================================================================

Memory Map of the image

  Image Entry point : 0x000160c1

  Load Region LR_IROM1 (Base: 0x00016000, Size: 0x00003314, Max: 0x00029000, ABSOLUTE)

    Execution Region ER_IROM1 (Base: 0x00016000, Size: 0x00003244, Max: 0x00029000, ABSOLUTE)

    Base Addr    Size         Type   Attr      Idx    E Section Name        Object

    0x00016000   0x000000c0   Data   RO          379    RESET               arm_startup_nrf51.o
    0x000160c0   0x00000000   Code   RO         1324  * .ARM.Collect$$$$00000000  mc_p.l(entry.o)
    0x000160c0   0x00000004   Code   RO         1339    .ARM.Collect$$$$00000001  mc_p.l(entry2.o)
    0x000160c4   0x00000004   Code   RO         1342    .ARM.Collect$$$$00000004  mc_p.l(entry5.o)
    0x000160c8   0x00000000   Code   RO         1344    .ARM.Collect$$$$00000008  mc_p.l(entry7b.o)
    0x000160c8   0x00000000   Code   RO         1346    .ARM.Collect$$$$0000000A  mc_p.l(entry8b.o)
    0x000160c8   0x00000008   Code   RO         1347    .ARM.Collect$$$$0000000B  mc_p.l(entry9a.o)
    0x000160d0   0x00000000   Code   RO         1349    .ARM.Collect$$$$0000000D  mc_p.l(entry10a.o)
    0x000160d0   0x00000000   Code   RO         1351    .ARM.Collect$$$$0000000F  mc_p.l(entry11a.o)
    0x000160d0   0x00000004   Code   RO         1340    .ARM.Collect$$$$00002712  mc_p.l(entry2.o)
    0x000160d4   0x00000044   Code   RO          601    .emb_text           bootloader_util_arm.o
    0x00016118   0x0000001e   Code   RO          981    .emb_text           app_timer.o
    0x00016136   0x00000002   PAD
    0x00016138   0x00000038   Code   RO          380    .text               arm_startup_nrf51.o
    0x00016170   0x0000002c   Code   RO         1327    .text               mc_p.l(uidiv.o)
    0x0001619c   0x00000060   Code   RO         1329    .text               mc_p.l(uldiv.o)
    0x000161fc   0x00000024   Code   RO         1331    .text               mc_p.l(memcpya.o)
    0x00016220   0x00000024   Code   RO         1333    .text               mc_p.l(memseta.o)
    0x00016244   0x00000020   Code   RO         1353    .text               mc_p.l(llshl.o)
    0x00016264   0x00000022   Code   RO         1355    .text               mc_p.l(llushr.o)
    0x00016286   0x00000002   PAD
    0x00016288   0x00000024   Code   RO         1357    .text               mc_p.l(init.o)
    0x000162ac   0x0000008c   Code   RO          865    i.GPIOTE_IRQHandler  app_gpiote.o
    0x00016338   0x00000044   Code   RO          982    i.NVIC_SetPriority  app_timer.o
    0x0001637c   0x00000018   Code   RO            3    i.NVIC_SystemReset  main.o
    0x00016394   0x00000020   Code   RO          983    i.RTC1_IRQHandler   app_timer.o
    0x000163b4   0x00000054   Code   RO          984    i.SWI0_IRQHandler   app_timer.o
    0x00016408   0x00000024   Code   RO         1132    i.SWI2_IRQHandler   softdevice_handler.o
    0x0001642c   0x00000054   Code   RO          387    i.SystemInit        system_nrf51.o
    0x00016480   0x0000001a   Code   RO          154    i.__ARM_common_switch8  main.o
    0x0001649a   0x0000000e   Code   RO         1361    i.__scatterload_copy  mc_p.l(handlers.o)
    0x000164a8   0x00000002   Code   RO         1362    i.__scatterload_null  mc_p.l(handlers.o)
    0x000164aa   0x0000000e   Code   RO         1363    i.__scatterload_zeroinit  mc_p.l(handlers.o)
    0x000164b8   0x00000168   Code   RO          421    i.adv_data_encode   ble_advdata.o
    0x00016620   0x000000f4   Code   RO            4    i.advertising_init  main.o
    0x00016714   0x0000001c   Code   RO          785    i.app_button_enable  app_button.o
    0x00016730   0x0000001c   Code   RO            5    i.app_button_evt_get  main.o
    0x0001674c   0x00000018   Code   RO            6    i.app_button_evt_schedule  main.o
    0x00016764   0x00000070   Code   RO          786    i.app_button_init   app_button.o
    0x000167d4   0x0000005c   Code   RO          787    i.app_button_is_pushed  app_button.o
    0x00016830   0x00000010   Code   RO            7    i.app_error_handler  main.o
    0x00016840   0x00000064   Code   RO          866    i.app_gpiote_init   app_gpiote.o
    0x000168a4   0x00000034   Code   RO          867    i.app_gpiote_pins_state_get  app_gpiote.o
    0x000168d8   0x00000094   Code   RO          869    i.app_gpiote_user_enable  app_gpiote.o
    0x0001696c   0x0000004c   Code   RO          870    i.app_gpiote_user_register  app_gpiote.o
    0x000169b8   0x00000024   Code   RO          669    i.app_notify        pstorage_mod.o
    0x000169dc   0x00000044   Code   RO          936    i.app_sched_event_get  app_scheduler.o
    0x00016a20   0x00000100   Code   RO          937    i.app_sched_event_put  app_scheduler.o
    0x00016b20   0x0000001e   Code   RO          938    i.app_sched_execute  app_scheduler.o
    0x00016b3e   0x00000002   PAD
    0x00016b40   0x0000002c   Code   RO          939    i.app_sched_init    app_scheduler.o
    0x00016b6c   0x0000004c   Code   RO          987    i.app_timer_create  app_timer.o
    0x00016bb8   0x000000b4   Code   RO          988    i.app_timer_init    app_timer.o
    0x00016c6c   0x00000084   Code   RO          989    i.app_timer_start   app_timer.o
    0x00016cf0   0x00000058   Code   RO          990    i.app_timer_stop    app_timer.o
    0x00016d48   0x000000ac   Code   RO         1194    i.beacon_adv_interval_char_add  ble_bcs.o
    0x00016df4   0x00000090   Code   RO         1195    i.beacon_calib_char_add  ble_bcs.o
    0x00016e84   0x000000ac   Code   RO         1196    i.beacon_company_id_char_add  ble_bcs.o
    0x00016f30   0x00000090   Code   RO         1197    i.beacon_id_char_add  ble_bcs.o
    0x00016fc0   0x00000090   Code   RO         1198    i.beacon_led_char_add  ble_bcs.o
    0x00017050   0x0000008c   Code   RO         1199    i.beacon_maj_min_char_add  ble_bcs.o
    0x000170dc   0x00000098   Code   RO            9    i.beacon_params_default_set  main.o
    0x00017174   0x00000030   Code   RO           10    i.beacon_reset      main.o
    0x000171a4   0x000000c4   Code   RO           11    i.beacon_setup      main.o
    0x00017268   0x0000003c   Code   RO           12    i.beacon_start      main.o
    0x000172a4   0x000000b0   Code   RO           13    i.beacon_write_handler  main.o
    0x00017354   0x00000066   Code   RO          422    i.ble_advdata_set   ble_advdata.o
    0x000173ba   0x00000002   PAD
    0x000173bc   0x00000090   Code   RO         1200    i.ble_bcs_init      ble_bcs.o
    0x0001744c   0x00000022   Code   RO         1201    i.ble_bcs_on_ble_evt  ble_bcs.o
    0x0001746e   0x00000002   PAD
    0x00017470   0x00000054   Code   RO          492    i.ble_conn_params_init  ble_conn_params.o
    0x000174c4   0x00000090   Code   RO          493    i.ble_conn_params_on_ble_evt  ble_conn_params.o
    0x00017554   0x00000010   Code   RO          494    i.ble_conn_params_stop  ble_conn_params.o
    0x00017564   0x00000090   Code   RO         1252    i.ble_dfu_init      ble_dfu.o
    0x000175f4   0x00000074   Code   RO         1253    i.ble_dfu_on_ble_evt  ble_dfu.o
    0x00017668   0x00000060   Code   RO         1255    i.ble_dfu_response_send  ble_dfu.o
    0x000176c8   0x00000028   Code   RO           14    i.ble_evt_dispatch  main.o
    0x000176f0   0x00000050   Code   RO           15    i.ble_stack_init    main.o
    0x00017740   0x0000007c   Code   RO          622    i.bootloader_start  dfu_app_handler_mod.o
    0x000177bc   0x00000008   Code   RO          602    i.bootloader_util_app_start  bootloader_util_arm.o
    0x000177c4   0x0000001e   Code   RO           16    i.button_handler    main.o
    0x000177e2   0x00000002   PAD
    0x000177e4   0x00000040   Code   RO          788    i.button_handler_execute  app_button.o
    0x00017824   0x000000ec   Code   RO          670    i.cmd_process       pstorage_mod.o
    0x00017910   0x00000028   Code   RO          671    i.cmd_queue_dequeue  pstorage_mod.o
    0x00017938   0x00000020   Code   RO          672    i.cmd_queue_element_init  pstorage_mod.o
    0x00017958   0x00000050   Code   RO          673    i.cmd_queue_enqueue  pstorage_mod.o
    0x000179a8   0x000000a4   Code   RO          992    i.compare_reg_update  app_timer.o
    0x00017a4c   0x00000084   Code   RO          423    i.conn_int_encode   ble_advdata.o
    0x00017ad0   0x00000008   Code   RO           17    i.conn_params_error_handler  main.o
    0x00017ad8   0x00000064   Code   RO          495    i.conn_params_negotiation  ble_conn_params.o
    0x00017b3c   0x00000068   Code   RO          789    i.detection_delay_timeout_handler  app_button.o
    0x00017ba4   0x00000024   Code   RO          623    i.dfu_app_on_dfu_evt  dfu_app_handler_mod.o
    0x00017bc8   0x00000002   Code   RO          624    i.dfu_app_reset_prepare  dfu_app_handler_mod.o
    0x00017bca   0x00000002   PAD
    0x00017bcc   0x0000000c   Code   RO          625    i.dfu_app_reset_prepare_set  dfu_app_handler_mod.o
    0x00017bd8   0x00000088   Code   RO         1256    i.dfu_ctrl_pt_add   ble_dfu.o
    0x00017c60   0x00000084   Code   RO         1257    i.dfu_pkt_char_add  ble_dfu.o
    0x00017ce4   0x00000040   Code   RO           18    i.dfu_reset_prepare  main.o
    0x00017d24   0x00000090   Code   RO         1258    i.dfu_rev_char_add  ble_dfu.o
    0x00017db4   0x00000040   Code   RO          993    i.elapsed_ticks_acquire  app_timer.o
    0x00017df4   0x00000058   Code   RO          994    i.expired_timers_handler  app_timer.o
    0x00017e4c   0x0000002c   Code   RO          790    i.gpiote_event_handler  app_button.o
    0x00017e78   0x00000080   Code   RO         1133    i.intern_softdevice_events_execute  softdevice_handler.o
    0x00017ef8   0x0000001c   Code   RO          496    i.is_conn_params_ok  ble_conn_params.o
    0x00017f14   0x00000048   Code   RO          388    i.is_manual_peripheral_setup_needed  system_nrf51.o
    0x00017f5c   0x0000000c   Code   RO          674    i.is_word_aligned   pstorage_mod.o
    0x00017f68   0x000000a0   Code   RO          325    i.led_softblink_init  led_softblink.o
    0x00018008   0x00000018   Code   RO          326    i.led_softblink_off_time_set  led_softblink.o
    0x00018020   0x000000b0   Code   RO          327    i.led_softblink_on_timeout  led_softblink.o
    0x000180d0   0x0000003c   Code   RO          328    i.led_softblink_start  led_softblink.o
    0x0001810c   0x00000034   Code   RO          329    i.led_softblink_stop  led_softblink.o
    0x00018140   0x00000060   Code   RO           19    i.leds_init         main.o
    0x000181a0   0x00000094   Code   RO          995    i.list_deletions_handler  app_timer.o
    0x00018234   0x000000f0   Code   RO          996    i.list_insertions_handler  app_timer.o
    0x00018324   0x000000cc   Code   RO           20    i.main              main.o
    0x000183f0   0x00000064   Code   RO          424    i.manuf_specific_data_encode  ble_advdata.o
    0x00018454   0x0000006a   Code   RO          425    i.name_encode       ble_advdata.o
    0x000184be   0x00000002   PAD
    0x000184c0   0x00000094   Code   RO           21    i.on_ble_evt        main.o
    0x00018554   0x00000024   Code   RO           22    i.on_conn_params_evt  main.o
    0x00018578   0x000000da   Code   RO         1259    i.on_ctrl_pt_write  ble_dfu.o
    0x00018652   0x000000a0   Code   RO         1202    i.on_write          ble_bcs.o
    0x000186f2   0x00000002   PAD
    0x000186f4   0x0000003c   Code   RO          871    i.pins_sense_disable  app_gpiote.o
    0x00018730   0x00000028   Code   RO          675    i.pstorage_access_status_get  pstorage_mod.o
    0x00018758   0x0000007c   Code   RO          677    i.pstorage_clear    pstorage_mod.o
    0x000187d4   0x00000098   Code   RO          678    i.pstorage_init     pstorage_mod.o
    0x0001886c   0x00000010   Code   RO           23    i.pstorage_ntf_cb   main.o
    0x0001887c   0x000000fc   Code   RO          680    i.pstorage_register  pstorage_mod.o
    0x00018978   0x00000090   Code   RO          681    i.pstorage_store    pstorage_mod.o
    0x00018a08   0x00000104   Code   RO          682    i.pstorage_sys_event_handler  pstorage_mod.o
    0x00018b0c   0x00000044   Code   RO          997    i.rtc1_stop         app_timer.o
    0x00018b50   0x00000028   Code   RO           24    i.sec_params_init   main.o
    0x00018b78   0x00000044   Code   RO          872    i.sense_level_toggle  app_gpiote.o
    0x00018bbc   0x0000007c   Code   RO          426    i.service_data_encode  ble_advdata.o
    0x00018c38   0x0000005c   Code   RO           25    i.services_init     main.o
    0x00018c94   0x0000000c   Code   RO         1134    i.softdevice_assertion_handler  softdevice_handler.o
    0x00018ca0   0x00000014   Code   RO         1135    i.softdevice_ble_evt_handler_set  softdevice_handler.o
    0x00018cb4   0x00000016   Code   RO           26    i.softdevice_evt_get  main.o
    0x00018cca   0x00000002   PAD
    0x00018ccc   0x00000014   Code   RO           27    i.softdevice_evt_schedule  main.o
    0x00018ce0   0x00000030   Code   RO         1136    i.softdevice_handler_init  softdevice_handler.o
    0x00018d10   0x00000014   Code   RO         1138    i.softdevice_sys_evt_handler_set  softdevice_handler.o
    0x00018d24   0x00000024   Code   RO           28    i.storage_access_complete_handler  main.o
    0x00018d48   0x00000174   Code   RO          684    i.swap_state_process  pstorage_mod.o
    0x00018ebc   0x00000030   Code   RO           29    i.sys_evt_dispatch  main.o
    0x00018eec   0x00000010   Code   RO          998    i.timer_list_handler_sched  app_timer.o
    0x00018efc   0x00000064   Code   RO          999    i.timer_list_insert  app_timer.o
    0x00018f60   0x00000070   Code   RO         1000    i.timer_list_remove  app_timer.o
    0x00018fd0   0x00000080   Code   RO         1001    i.timer_timeouts_check  app_timer.o
    0x00019050   0x0000000a   Code   RO          427    i.uint16_encode     ble_advdata.o
    0x0001905a   0x00000002   PAD
    0x0001905c   0x00000064   Code   RO          497    i.update_timeout_handler  ble_conn_params.o
    0x000190c0   0x00000054   Code   RO         1002    i.user_id_get       app_timer.o
    0x00019114   0x00000024   Code   RO         1003    i.user_op_alloc     app_timer.o
    0x00019138   0x00000026   Code   RO          428    i.uuid_list_encode  ble_advdata.o
    0x0001915e   0x000000a2   Code   RO          429    i.uuid_list_sized_encode  ble_advdata.o
    0x00019200   0x00000004   Data   RO           31    .constdata          main.o
    0x00019204   0x00000010   Data   RO         1203    .constdata          ble_bcs.o
    0x00019214   0x00000010   Data   RO         1261    .constdata          ble_dfu.o
    0x00019224   0x00000020   Data   RO         1359    Region$$Table       anon$$obj.o


    Execution Region RW_IRAM1 (Base: 0x20002000, Size: 0x00000e00, Max: 0x00002000, ABSOLUTE)

    Base Addr    Size         Type   Attr      Idx    E Section Name        Object

    0x20002000   0x0000002c   Data   RW           32    .data               main.o
    0x2000202c   0x00000004   Data   RW          389    .data               system_nrf51.o
    0x20002030   0x00000018   Data   RW          499    .data               ble_conn_params.o
    0x20002048   0x00000004   Data   RW          626    .data               dfu_app_handler_mod.o
    0x2000204c   0x0000000c   Data   RW          686    .data               pstorage_mod.o
    0x20002058   0x0000001c   Data   RW          791    .data               app_button.o
    0x20002074   0x0000000c   Data   RW          873    .data               app_gpiote.o
    0x20002080   0x00000010   Data   RW          940    .data               app_scheduler.o
    0x20002090   0x00000024   Data   RW         1004    .data               app_timer.o
    0x200020b4   0x00000014   Data   RW         1139    .data               softdevice_handler.o
    0x200020c8   0x00000008   Data   RW         1262    .data               ble_dfu.o
    0x200020d0   0x00000414   Zero   RW           30    .bss                main.o
    0x200024e4   0x00000024   Zero   RW          330    .bss                led_softblink.o
    0x20002508   0x0000001c   Zero   RW          498    .bss                ble_conn_params.o
    0x20002524   0x000000dc   Zero   RW          685    .bss                pstorage_mod.o
    0x20002600   0x00000800   Zero   RW          377    STACK               arm_startup_nrf51.o


==============================================================================

Image component sizes


      Code (inc. data)   RO Data    RW Data    ZI Data      Debug   Object Name

       444         44          0         28          0       9997   app_button.o
       644         82          0         12          0      13078   app_gpiote.o
       398         26          0         16          0      12871   app_scheduler.o
      1938        160          0         36          0      27047   app_timer.o
        56         18        192          0       2048        716   arm_startup_nrf51.o
      1134          6          0          0          0      26194   ble_advdata.o
      1254         38         16          0          0       9644   ble_bcs.o
       472         54          0         24         28      12019   ble_conn_params.o
       986         50         16          8          0      12344   ble_dfu.o
        76         18          0          0          0       1208   bootloader_util_arm.o
       174         24          0          4          0      11969   dfu_app_handler_mod.o
       472         44          0          0         36       7537   led_softblink.o
      1974        258          4         44       1044     104583   main.o
      1780        118          0         12        220      16048   pstorage_mod.o
       264         24          0         20          0       8640   softdevice_handler.o
       156         26          0          4          0       2155   system_nrf51.o

    ----------------------------------------------------------------------
     12242        990        260        208       3376     276050   Object Totals
         0          0         32          0          0          0   (incl. Generated)
        20          0          0          0          0          0   (incl. Padding)

    ----------------------------------------------------------------------

      Code (inc. data)   RO Data    RW Data    ZI Data      Debug   Library Member Name

         0          0          0          0          0          0   entry.o
         0          0          0          0          0          0   entry10a.o
         0          0          0          0          0          0   entry11a.o
         8          4          0          0          0          0   entry2.o
         4          0          0          0          0          0   entry5.o
         0          0          0          0          0          0   entry7b.o
         0          0          0          0          0          0   entry8b.o
         8          4          0          0          0          0   entry9a.o
        30          0          0          0          0          0   handlers.o
        36          8          0          0          0         68   init.o
        32          0          0          0          0         68   llshl.o
        34          0          0          0          0         68   llushr.o
        36          0          0          0          0         60   memcpya.o
        36          0          0          0          0        100   memseta.o
        44          0          0          0          0         72   uidiv.o
        96          0          0          0          0         84   uldiv.o

    ----------------------------------------------------------------------
       366         16          0          0          0        520   Library Totals
         2          0          0          0          0          0   (incl. Padding)

    ----------------------------------------------------------------------

      Code (inc. data)   RO Data    RW Data    ZI Data      Debug   Library Name

       364         16          0          0          0        520   mc_p.l

    ----------------------------------------------------------------------
       366         16          0          0          0        520   Library Totals

    ----------------------------------------------------------------------

==============================================================================


      Code (inc. data)   RO Data    RW Data    ZI Data      Debug   

     12608       1006        260        208       3376     271030   Grand Totals
     12608       1006        260        208       3376     271030   ELF Image Totals
     12608       1006        260        208          0          0   ROM Totals

==============================================================================

    Total RO  Size (Code + RO Data)                12868 (  12.57kB)
    Total RW  Size (RW Data + ZI Data)              3584 (   3.50kB)
    Total ROM Size (Code + RO Data + RW Data)      13076 (  12.77kB)

==============================================================================

