<!doctype html public "-//w3c//dtd html 4.0 transitional//en">
<html><head>
<title>Static Call Graph - [.\_build\nrf51822_beacon_app.axf]</title></head>
<body><HR>
<H1>Static Call Graph for image .\_build\nrf51822_beacon_app.axf</H1><HR>
<BR><P>#&#060CALLGRAPH&#062# ARM Linker, 5060020: Last Updated: Fri Dec 18 01:09:50 2015
<BR><P>
<H3>Maximum Stack Usage =        424 bytes + Unknown(Cycles, Untraceable Function Pointers)</H3><H3>
Call chain for Maximum Stack Depth:</H3>
main &rArr; beacon_start &rArr; beacon_setup &rArr; advertising_init &rArr; ble_advdata_set &rArr; adv_data_encode &rArr; uuid_list_encode &rArr; uuid_list_sized_encode
<P>
<H3>
Mutually Recursive functions
</H3> <LI><a href="#[1]">NMI_Handler</a>&nbsp;&nbsp;&nbsp;&rArr;&nbsp;&nbsp;&nbsp;<a href="#[1]">NMI_Handler</a><BR>
 <LI><a href="#[2]">HardFault_Handler</a>&nbsp;&nbsp;&nbsp;&rArr;&nbsp;&nbsp;&nbsp;<a href="#[2]">HardFault_Handler</a><BR>
 <LI><a href="#[3]">SVC_Handler</a>&nbsp;&nbsp;&nbsp;&rArr;&nbsp;&nbsp;&nbsp;<a href="#[3]">SVC_Handler</a><BR>
 <LI><a href="#[4]">PendSV_Handler</a>&nbsp;&nbsp;&nbsp;&rArr;&nbsp;&nbsp;&nbsp;<a href="#[4]">PendSV_Handler</a><BR>
 <LI><a href="#[5]">SysTick_Handler</a>&nbsp;&nbsp;&nbsp;&rArr;&nbsp;&nbsp;&nbsp;<a href="#[5]">SysTick_Handler</a><BR>
 <LI><a href="#[c]">ADC_IRQHandler</a>&nbsp;&nbsp;&nbsp;&rArr;&nbsp;&nbsp;&nbsp;<a href="#[c]">ADC_IRQHandler</a><BR>
 <LI><a href="#[38]">__asm___11_app_timer_c_cd27f9c3__nrf_delay_us</a>&nbsp;&nbsp;&nbsp;&rArr;&nbsp;&nbsp;&nbsp;<a href="#[38]">__asm___11_app_timer_c_cd27f9c3__nrf_delay_us</a><BR>
</UL>
<P>
<H3>
Function Pointers
</H3><UL>
 <LI><a href="#[c]">ADC_IRQHandler</a> from arm_startup_nrf51.o(.text) referenced from arm_startup_nrf51.o(RESET)
 <LI><a href="#[14]">CCM_AAR_IRQHandler</a> from arm_startup_nrf51.o(.text) referenced from arm_startup_nrf51.o(RESET)
 <LI><a href="#[13]">ECB_IRQHandler</a> from arm_startup_nrf51.o(.text) referenced from arm_startup_nrf51.o(RESET)
 <LI><a href="#[b]">GPIOTE_IRQHandler</a> from app_gpiote.o(i.GPIOTE_IRQHandler) referenced from arm_startup_nrf51.o(RESET)
 <LI><a href="#[2]">HardFault_Handler</a> from arm_startup_nrf51.o(.text) referenced from arm_startup_nrf51.o(RESET)
 <LI><a href="#[18]">LPCOMP_IRQHandler</a> from arm_startup_nrf51.o(.text) referenced from arm_startup_nrf51.o(RESET)
 <LI><a href="#[1]">NMI_Handler</a> from arm_startup_nrf51.o(.text) referenced from arm_startup_nrf51.o(RESET)
 <LI><a href="#[6]">POWER_CLOCK_IRQHandler</a> from arm_startup_nrf51.o(.text) referenced from arm_startup_nrf51.o(RESET)
 <LI><a href="#[4]">PendSV_Handler</a> from arm_startup_nrf51.o(.text) referenced from arm_startup_nrf51.o(RESET)
 <LI><a href="#[17]">QDEC_IRQHandler</a> from arm_startup_nrf51.o(.text) referenced from arm_startup_nrf51.o(RESET)
 <LI><a href="#[7]">RADIO_IRQHandler</a> from arm_startup_nrf51.o(.text) referenced from arm_startup_nrf51.o(RESET)
 <LI><a href="#[12]">RNG_IRQHandler</a> from arm_startup_nrf51.o(.text) referenced from arm_startup_nrf51.o(RESET)
 <LI><a href="#[10]">RTC0_IRQHandler</a> from arm_startup_nrf51.o(.text) referenced from arm_startup_nrf51.o(RESET)
 <LI><a href="#[16]">RTC1_IRQHandler</a> from app_timer.o(i.RTC1_IRQHandler) referenced from arm_startup_nrf51.o(RESET)
 <LI><a href="#[0]">Reset_Handler</a> from arm_startup_nrf51.o(.text) referenced from arm_startup_nrf51.o(RESET)
 <LI><a href="#[9]">SPI0_TWI0_IRQHandler</a> from arm_startup_nrf51.o(.text) referenced from arm_startup_nrf51.o(RESET)
 <LI><a href="#[a]">SPI1_TWI1_IRQHandler</a> from arm_startup_nrf51.o(.text) referenced from arm_startup_nrf51.o(RESET)
 <LI><a href="#[3]">SVC_Handler</a> from arm_startup_nrf51.o(.text) referenced from arm_startup_nrf51.o(RESET)
 <LI><a href="#[19]">SWI0_IRQHandler</a> from app_timer.o(i.SWI0_IRQHandler) referenced from arm_startup_nrf51.o(RESET)
 <LI><a href="#[1a]">SWI1_IRQHandler</a> from arm_startup_nrf51.o(.text) referenced from arm_startup_nrf51.o(RESET)
 <LI><a href="#[1b]">SWI2_IRQHandler</a> from softdevice_handler.o(i.SWI2_IRQHandler) referenced from arm_startup_nrf51.o(RESET)
 <LI><a href="#[1c]">SWI3_IRQHandler</a> from arm_startup_nrf51.o(.text) referenced from arm_startup_nrf51.o(RESET)
 <LI><a href="#[1d]">SWI4_IRQHandler</a> from arm_startup_nrf51.o(.text) referenced from arm_startup_nrf51.o(RESET)
 <LI><a href="#[1e]">SWI5_IRQHandler</a> from arm_startup_nrf51.o(.text) referenced from arm_startup_nrf51.o(RESET)
 <LI><a href="#[5]">SysTick_Handler</a> from arm_startup_nrf51.o(.text) referenced from arm_startup_nrf51.o(RESET)
 <LI><a href="#[20]">SystemInit</a> from system_nrf51.o(i.SystemInit) referenced from arm_startup_nrf51.o(.text)
 <LI><a href="#[11]">TEMP_IRQHandler</a> from arm_startup_nrf51.o(.text) referenced from arm_startup_nrf51.o(RESET)
 <LI><a href="#[d]">TIMER0_IRQHandler</a> from arm_startup_nrf51.o(.text) referenced from arm_startup_nrf51.o(RESET)
 <LI><a href="#[e]">TIMER1_IRQHandler</a> from arm_startup_nrf51.o(.text) referenced from arm_startup_nrf51.o(RESET)
 <LI><a href="#[f]">TIMER2_IRQHandler</a> from arm_startup_nrf51.o(.text) referenced from arm_startup_nrf51.o(RESET)
 <LI><a href="#[8]">UART0_IRQHandler</a> from arm_startup_nrf51.o(.text) referenced from arm_startup_nrf51.o(RESET)
 <LI><a href="#[15]">WDT_IRQHandler</a> from arm_startup_nrf51.o(.text) referenced from arm_startup_nrf51.o(RESET)
 <LI><a href="#[21]">__main</a> from entry.o(.ARM.Collect$$$$00000000) referenced from arm_startup_nrf51.o(.text)
 <LI><a href="#[22]">app_button_evt_get</a> from main.o(i.app_button_evt_get) referenced from main.o(i.app_button_evt_schedule)
 <LI><a href="#[2c]">app_button_evt_schedule</a> from main.o(i.app_button_evt_schedule) referenced from main.o(i.main)
 <LI><a href="#[30]">beacon_write_handler</a> from main.o(i.beacon_write_handler) referenced from main.o(i.services_init)
 <LI><a href="#[29]">ble_evt_dispatch</a> from main.o(i.ble_evt_dispatch) referenced from main.o(i.ble_stack_init)
 <LI><a href="#[34]">button_handler</a> from main.o(i.button_handler) referenced 2 times from main.o(.data)
 <LI><a href="#[26]">conn_params_error_handler</a> from main.o(i.conn_params_error_handler) referenced from main.o(i.beacon_setup)
 <LI><a href="#[24]">detection_delay_timeout_handler</a> from app_button.o(i.detection_delay_timeout_handler) referenced from app_button.o(i.app_button_init)
 <LI><a href="#[2e]">dfu_app_on_dfu_evt</a> from dfu_app_handler_mod.o(i.dfu_app_on_dfu_evt) referenced from main.o(i.services_init)
 <LI><a href="#[35]">dfu_app_reset_prepare</a> from dfu_app_handler_mod.o(i.dfu_app_reset_prepare) referenced from dfu_app_handler_mod.o(.data)
 <LI><a href="#[2f]">dfu_reset_prepare</a> from main.o(i.dfu_reset_prepare) referenced from main.o(i.services_init)
 <LI><a href="#[23]">gpiote_event_handler</a> from app_button.o(i.gpiote_event_handler) referenced from app_button.o(i.app_button_init)
 <LI><a href="#[2b]">led_softblink_on_timeout</a> from led_softblink.o(i.led_softblink_on_timeout) referenced from led_softblink.o(i.led_softblink_init)
 <LI><a href="#[1f]">main</a> from main.o(i.main) referenced from entry9a.o(.ARM.Collect$$$$0000000B)
 <LI><a href="#[25]">on_conn_params_evt</a> from main.o(i.on_conn_params_evt) referenced from main.o(i.beacon_setup)
 <LI><a href="#[2d]">pstorage_ntf_cb</a> from main.o(i.pstorage_ntf_cb) referenced from main.o(i.main)
 <LI><a href="#[32]">softdevice_assertion_handler</a> from softdevice_handler.o(i.softdevice_assertion_handler) referenced from softdevice_handler.o(i.softdevice_handler_init)
 <LI><a href="#[31]">softdevice_evt_get</a> from main.o(i.softdevice_evt_get) referenced from main.o(i.softdevice_evt_schedule)
 <LI><a href="#[28]">softdevice_evt_schedule</a> from main.o(i.softdevice_evt_schedule) referenced from main.o(i.ble_stack_init)
 <LI><a href="#[33]">storage_access_complete_handler</a> from main.o(i.storage_access_complete_handler) referenced from main.o(i.sys_evt_dispatch)
 <LI><a href="#[2a]">sys_evt_dispatch</a> from main.o(i.sys_evt_dispatch) referenced from main.o(i.ble_stack_init)
 <LI><a href="#[27]">update_timeout_handler</a> from ble_conn_params.o(i.update_timeout_handler) referenced from ble_conn_params.o(i.ble_conn_params_init)
</UL>
<P>
<H3>
Global Symbols
</H3>
<P><STRONG><a name="[21]"></a>__main</STRONG> (Thumb, 0 bytes, Stack size unknown bytes, entry.o(.ARM.Collect$$$$00000000))
<BR>[Address Reference Count : 1]<UL><LI> arm_startup_nrf51.o(.text)
</UL>
<P><STRONG><a name="[a7]"></a>_main_stk</STRONG> (Thumb, 0 bytes, Stack size unknown bytes, entry2.o(.ARM.Collect$$$$00000001))

<P><STRONG><a name="[36]"></a>_main_scatterload</STRONG> (Thumb, 0 bytes, Stack size unknown bytes, entry5.o(.ARM.Collect$$$$00000004))
<BR><BR>[Calls]<UL><LI><a href="#[37]">&gt;&gt;</a>&nbsp;&nbsp;&nbsp;__scatterload
</UL>

<P><STRONG><a name="[3f]"></a>__main_after_scatterload</STRONG> (Thumb, 0 bytes, Stack size unknown bytes, entry5.o(.ARM.Collect$$$$00000004))
<BR><BR>[Called By]<UL><LI><a href="#[37]">&gt;&gt;</a>&nbsp;&nbsp;&nbsp;__scatterload
</UL>

<P><STRONG><a name="[a8]"></a>_main_clock</STRONG> (Thumb, 0 bytes, Stack size unknown bytes, entry7b.o(.ARM.Collect$$$$00000008))

<P><STRONG><a name="[a9]"></a>_main_cpp_init</STRONG> (Thumb, 0 bytes, Stack size unknown bytes, entry8b.o(.ARM.Collect$$$$0000000A))

<P><STRONG><a name="[aa]"></a>_main_init</STRONG> (Thumb, 0 bytes, Stack size unknown bytes, entry9a.o(.ARM.Collect$$$$0000000B))

<P><STRONG><a name="[ab]"></a>__rt_final_cpp</STRONG> (Thumb, 0 bytes, Stack size unknown bytes, entry10a.o(.ARM.Collect$$$$0000000D))

<P><STRONG><a name="[ac]"></a>__rt_final_exit</STRONG> (Thumb, 0 bytes, Stack size unknown bytes, entry11a.o(.ARM.Collect$$$$0000000F))

<P><STRONG><a name="[92]"></a>__asm___21_bootloader_util_arm_c_c13d365c__bootloader_util_reset</STRONG> (Thumb, 52 bytes, Stack size 0 bytes, bootloader_util_arm.o(.emb_text))
<BR><BR>[Called By]<UL><LI><a href="#[91]">&gt;&gt;</a>&nbsp;&nbsp;&nbsp;bootloader_util_app_start
</UL>

<P><STRONG><a name="[38]"></a>__asm___11_app_timer_c_cd27f9c3__nrf_delay_us</STRONG> (Thumb, 30 bytes, Stack size 0 bytes, app_timer.o(.emb_text))
<BR><BR>[Calls]<UL><LI><a href="#[38]">&gt;&gt;</a>&nbsp;&nbsp;&nbsp;__asm___11_app_timer_c_cd27f9c3__nrf_delay_us
</UL>
<BR>[Called By]<UL><LI><a href="#[38]">&gt;&gt;</a>&nbsp;&nbsp;&nbsp;__asm___11_app_timer_c_cd27f9c3__nrf_delay_us
<LI><a href="#[64]">&gt;&gt;</a>&nbsp;&nbsp;&nbsp;rtc1_stop
<LI><a href="#[46]">&gt;&gt;</a>&nbsp;&nbsp;&nbsp;compare_reg_update
</UL>

<P><STRONG><a name="[0]"></a>Reset_Handler</STRONG> (Thumb, 26 bytes, Stack size 0 bytes, arm_startup_nrf51.o(.text))
<BR>[Address Reference Count : 1]<UL><LI> arm_startup_nrf51.o(RESET)
</UL>
<P><STRONG><a name="[1]"></a>NMI_Handler</STRONG> (Thumb, 2 bytes, Stack size 0 bytes, arm_startup_nrf51.o(.text))
<BR><BR>[Calls]<UL><LI><a href="#[1]">&gt;&gt;</a>&nbsp;&nbsp;&nbsp;NMI_Handler
</UL>
<BR>[Called By]<UL><LI><a href="#[1]">&gt;&gt;</a>&nbsp;&nbsp;&nbsp;NMI_Handler
</UL>
<BR>[Address Reference Count : 1]<UL><LI> arm_startup_nrf51.o(RESET)
</UL>
<P><STRONG><a name="[2]"></a>HardFault_Handler</STRONG> (Thumb, 2 bytes, Stack size 0 bytes, arm_startup_nrf51.o(.text))
<BR><BR>[Calls]<UL><LI><a href="#[2]">&gt;&gt;</a>&nbsp;&nbsp;&nbsp;HardFault_Handler
</UL>
<BR>[Called By]<UL><LI><a href="#[2]">&gt;&gt;</a>&nbsp;&nbsp;&nbsp;HardFault_Handler
</UL>
<BR>[Address Reference Count : 1]<UL><LI> arm_startup_nrf51.o(RESET)
</UL>
<P><STRONG><a name="[3]"></a>SVC_Handler</STRONG> (Thumb, 2 bytes, Stack size 0 bytes, arm_startup_nrf51.o(.text))
<BR><BR>[Calls]<UL><LI><a href="#[3]">&gt;&gt;</a>&nbsp;&nbsp;&nbsp;SVC_Handler
</UL>
<BR>[Called By]<UL><LI><a href="#[3]">&gt;&gt;</a>&nbsp;&nbsp;&nbsp;SVC_Handler
</UL>
<BR>[Address Reference Count : 1]<UL><LI> arm_startup_nrf51.o(RESET)
</UL>
<P><STRONG><a name="[4]"></a>PendSV_Handler</STRONG> (Thumb, 2 bytes, Stack size 0 bytes, arm_startup_nrf51.o(.text))
<BR><BR>[Calls]<UL><LI><a href="#[4]">&gt;&gt;</a>&nbsp;&nbsp;&nbsp;PendSV_Handler
</UL>
<BR>[Called By]<UL><LI><a href="#[4]">&gt;&gt;</a>&nbsp;&nbsp;&nbsp;PendSV_Handler
</UL>
<BR>[Address Reference Count : 1]<UL><LI> arm_startup_nrf51.o(RESET)
</UL>
<P><STRONG><a name="[5]"></a>SysTick_Handler</STRONG> (Thumb, 2 bytes, Stack size 0 bytes, arm_startup_nrf51.o(.text))
<BR><BR>[Calls]<UL><LI><a href="#[5]">&gt;&gt;</a>&nbsp;&nbsp;&nbsp;SysTick_Handler
</UL>
<BR>[Called By]<UL><LI><a href="#[5]">&gt;&gt;</a>&nbsp;&nbsp;&nbsp;SysTick_Handler
</UL>
<BR>[Address Reference Count : 1]<UL><LI> arm_startup_nrf51.o(RESET)
</UL>
<P><STRONG><a name="[c]"></a>ADC_IRQHandler</STRONG> (Thumb, 0 bytes, Stack size 0 bytes, arm_startup_nrf51.o(.text))
<BR><BR>[Calls]<UL><LI><a href="#[c]">&gt;&gt;</a>&nbsp;&nbsp;&nbsp;ADC_IRQHandler
</UL>
<BR>[Called By]<UL><LI><a href="#[c]">&gt;&gt;</a>&nbsp;&nbsp;&nbsp;ADC_IRQHandler
</UL>
<BR>[Address Reference Count : 1]<UL><LI> arm_startup_nrf51.o(RESET)
</UL>
<P><STRONG><a name="[14]"></a>CCM_AAR_IRQHandler</STRONG> (Thumb, 0 bytes, Stack size 0 bytes, arm_startup_nrf51.o(.text))
<BR>[Address Reference Count : 1]<UL><LI> arm_startup_nrf51.o(RESET)
</UL>
<P><STRONG><a name="[13]"></a>ECB_IRQHandler</STRONG> (Thumb, 0 bytes, Stack size 0 bytes, arm_startup_nrf51.o(.text))
<BR>[Address Reference Count : 1]<UL><LI> arm_startup_nrf51.o(RESET)
</UL>
<P><STRONG><a name="[18]"></a>LPCOMP_IRQHandler</STRONG> (Thumb, 0 bytes, Stack size 0 bytes, arm_startup_nrf51.o(.text))
<BR>[Address Reference Count : 1]<UL><LI> arm_startup_nrf51.o(RESET)
</UL>
<P><STRONG><a name="[6]"></a>POWER_CLOCK_IRQHandler</STRONG> (Thumb, 0 bytes, Stack size 0 bytes, arm_startup_nrf51.o(.text))
<BR>[Address Reference Count : 1]<UL><LI> arm_startup_nrf51.o(RESET)
</UL>
<P><STRONG><a name="[17]"></a>QDEC_IRQHandler</STRONG> (Thumb, 0 bytes, Stack size 0 bytes, arm_startup_nrf51.o(.text))
<BR>[Address Reference Count : 1]<UL><LI> arm_startup_nrf51.o(RESET)
</UL>
<P><STRONG><a name="[7]"></a>RADIO_IRQHandler</STRONG> (Thumb, 0 bytes, Stack size 0 bytes, arm_startup_nrf51.o(.text))
<BR>[Address Reference Count : 1]<UL><LI> arm_startup_nrf51.o(RESET)
</UL>
<P><STRONG><a name="[12]"></a>RNG_IRQHandler</STRONG> (Thumb, 0 bytes, Stack size 0 bytes, arm_startup_nrf51.o(.text))
<BR>[Address Reference Count : 1]<UL><LI> arm_startup_nrf51.o(RESET)
</UL>
<P><STRONG><a name="[10]"></a>RTC0_IRQHandler</STRONG> (Thumb, 0 bytes, Stack size 0 bytes, arm_startup_nrf51.o(.text))
<BR>[Address Reference Count : 1]<UL><LI> arm_startup_nrf51.o(RESET)
</UL>
<P><STRONG><a name="[9]"></a>SPI0_TWI0_IRQHandler</STRONG> (Thumb, 0 bytes, Stack size 0 bytes, arm_startup_nrf51.o(.text))
<BR>[Address Reference Count : 1]<UL><LI> arm_startup_nrf51.o(RESET)
</UL>
<P><STRONG><a name="[a]"></a>SPI1_TWI1_IRQHandler</STRONG> (Thumb, 0 bytes, Stack size 0 bytes, arm_startup_nrf51.o(.text))
<BR>[Address Reference Count : 1]<UL><LI> arm_startup_nrf51.o(RESET)
</UL>
<P><STRONG><a name="[1a]"></a>SWI1_IRQHandler</STRONG> (Thumb, 0 bytes, Stack size 0 bytes, arm_startup_nrf51.o(.text))
<BR>[Address Reference Count : 1]<UL><LI> arm_startup_nrf51.o(RESET)
</UL>
<P><STRONG><a name="[1c]"></a>SWI3_IRQHandler</STRONG> (Thumb, 0 bytes, Stack size 0 bytes, arm_startup_nrf51.o(.text))
<BR>[Address Reference Count : 1]<UL><LI> arm_startup_nrf51.o(RESET)
</UL>
<P><STRONG><a name="[1d]"></a>SWI4_IRQHandler</STRONG> (Thumb, 0 bytes, Stack size 0 bytes, arm_startup_nrf51.o(.text))
<BR>[Address Reference Count : 1]<UL><LI> arm_startup_nrf51.o(RESET)
</UL>
<P><STRONG><a name="[1e]"></a>SWI5_IRQHandler</STRONG> (Thumb, 0 bytes, Stack size 0 bytes, arm_startup_nrf51.o(.text))
<BR>[Address Reference Count : 1]<UL><LI> arm_startup_nrf51.o(RESET)
</UL>
<P><STRONG><a name="[11]"></a>TEMP_IRQHandler</STRONG> (Thumb, 0 bytes, Stack size 0 bytes, arm_startup_nrf51.o(.text))
<BR>[Address Reference Count : 1]<UL><LI> arm_startup_nrf51.o(RESET)
</UL>
<P><STRONG><a name="[d]"></a>TIMER0_IRQHandler</STRONG> (Thumb, 0 bytes, Stack size 0 bytes, arm_startup_nrf51.o(.text))
<BR>[Address Reference Count : 1]<UL><LI> arm_startup_nrf51.o(RESET)
</UL>
<P><STRONG><a name="[e]"></a>TIMER1_IRQHandler</STRONG> (Thumb, 0 bytes, Stack size 0 bytes, arm_startup_nrf51.o(.text))
<BR>[Address Reference Count : 1]<UL><LI> arm_startup_nrf51.o(RESET)
</UL>
<P><STRONG><a name="[f]"></a>TIMER2_IRQHandler</STRONG> (Thumb, 0 bytes, Stack size 0 bytes, arm_startup_nrf51.o(.text))
<BR>[Address Reference Count : 1]<UL><LI> arm_startup_nrf51.o(RESET)
</UL>
<P><STRONG><a name="[8]"></a>UART0_IRQHandler</STRONG> (Thumb, 0 bytes, Stack size 0 bytes, arm_startup_nrf51.o(.text))
<BR>[Address Reference Count : 1]<UL><LI> arm_startup_nrf51.o(RESET)
</UL>
<P><STRONG><a name="[15]"></a>WDT_IRQHandler</STRONG> (Thumb, 0 bytes, Stack size 0 bytes, arm_startup_nrf51.o(.text))
<BR>[Address Reference Count : 1]<UL><LI> arm_startup_nrf51.o(RESET)
</UL>
<P><STRONG><a name="[ad]"></a>__aeabi_uidiv</STRONG> (Thumb, 0 bytes, Stack size 12 bytes, uidiv.o(.text), UNUSED)

<P><STRONG><a name="[55]"></a>__aeabi_uidivmod</STRONG> (Thumb, 44 bytes, Stack size 12 bytes, uidiv.o(.text))
<BR><BR>[Stack]<UL><LI>Max Depth = 12<LI>Call Chain = __aeabi_uidivmod
</UL>
<BR>[Called By]<UL><LI><a href="#[95]">&gt;&gt;</a>&nbsp;&nbsp;&nbsp;swap_state_process
<LI><a href="#[94]">&gt;&gt;</a>&nbsp;&nbsp;&nbsp;cmd_process
<LI><a href="#[a0]">&gt;&gt;</a>&nbsp;&nbsp;&nbsp;pstorage_register
<LI><a href="#[9f]">&gt;&gt;</a>&nbsp;&nbsp;&nbsp;pstorage_init
<LI><a href="#[73]">&gt;&gt;</a>&nbsp;&nbsp;&nbsp;pstorage_clear
<LI><a href="#[52]">&gt;&gt;</a>&nbsp;&nbsp;&nbsp;advertising_init
</UL>

<P><STRONG><a name="[39]"></a>__aeabi_uldivmod</STRONG> (Thumb, 96 bytes, Stack size 48 bytes, uldiv.o(.text))
<BR><BR>[Stack]<UL><LI>Max Depth = 56<LI>Call Chain = __aeabi_uldivmod &rArr; __aeabi_llsr
</UL>
<BR>[Calls]<UL><LI><a href="#[3a]">&gt;&gt;</a>&nbsp;&nbsp;&nbsp;__aeabi_llsr
<LI><a href="#[3b]">&gt;&gt;</a>&nbsp;&nbsp;&nbsp;__aeabi_llsl
</UL>
<BR>[Called By]<UL><LI><a href="#[2b]">&gt;&gt;</a>&nbsp;&nbsp;&nbsp;led_softblink_on_timeout
</UL>

<P><STRONG><a name="[4d]"></a>__aeabi_memcpy</STRONG> (Thumb, 36 bytes, Stack size 0 bytes, memcpya.o(.text))
<BR><BR>[Called By]<UL><LI><a href="#[51]">&gt;&gt;</a>&nbsp;&nbsp;&nbsp;service_data_encode
<LI><a href="#[50]">&gt;&gt;</a>&nbsp;&nbsp;&nbsp;manuf_specific_data_encode
<LI><a href="#[4a]">&gt;&gt;</a>&nbsp;&nbsp;&nbsp;adv_data_encode
<LI><a href="#[82]">&gt;&gt;</a>&nbsp;&nbsp;&nbsp;ble_conn_params_on_ble_evt
<LI><a href="#[7a]">&gt;&gt;</a>&nbsp;&nbsp;&nbsp;ble_conn_params_init
<LI><a href="#[58]">&gt;&gt;</a>&nbsp;&nbsp;&nbsp;app_sched_event_put
<LI><a href="#[8b]">&gt;&gt;</a>&nbsp;&nbsp;&nbsp;on_ble_evt
<LI><a href="#[30]">&gt;&gt;</a>&nbsp;&nbsp;&nbsp;beacon_write_handler
<LI><a href="#[71]">&gt;&gt;</a>&nbsp;&nbsp;&nbsp;beacon_params_default_set
</UL>

<P><STRONG><a name="[72]"></a>__aeabi_memcpy4</STRONG> (Thumb, 0 bytes, Stack size 0 bytes, memcpya.o(.text))
<BR><BR>[Called By]<UL><LI><a href="#[9b]">&gt;&gt;</a>&nbsp;&nbsp;&nbsp;led_softblink_init
<LI><a href="#[7a]">&gt;&gt;</a>&nbsp;&nbsp;&nbsp;ble_conn_params_init
<LI><a href="#[30]">&gt;&gt;</a>&nbsp;&nbsp;&nbsp;beacon_write_handler
<LI><a href="#[71]">&gt;&gt;</a>&nbsp;&nbsp;&nbsp;beacon_params_default_set
</UL>

<P><STRONG><a name="[ae]"></a>__aeabi_memcpy8</STRONG> (Thumb, 0 bytes, Stack size 0 bytes, memcpya.o(.text), UNUSED)

<P><STRONG><a name="[3d]"></a>__aeabi_memset</STRONG> (Thumb, 14 bytes, Stack size 0 bytes, memseta.o(.text), UNUSED)
<BR><BR>[Called By]<UL><LI><a href="#[3e]">&gt;&gt;</a>&nbsp;&nbsp;&nbsp;_memset$wrapper
<LI><a href="#[3c]">&gt;&gt;</a>&nbsp;&nbsp;&nbsp;__aeabi_memclr
</UL>

<P><STRONG><a name="[af]"></a>__aeabi_memset4</STRONG> (Thumb, 0 bytes, Stack size 0 bytes, memseta.o(.text), UNUSED)

<P><STRONG><a name="[b0]"></a>__aeabi_memset8</STRONG> (Thumb, 0 bytes, Stack size 0 bytes, memseta.o(.text), UNUSED)

<P><STRONG><a name="[3c]"></a>__aeabi_memclr</STRONG> (Thumb, 4 bytes, Stack size 0 bytes, memseta.o(.text), UNUSED)
<BR><BR>[Calls]<UL><LI><a href="#[3d]">&gt;&gt;</a>&nbsp;&nbsp;&nbsp;__aeabi_memset
</UL>

<P><STRONG><a name="[53]"></a>__aeabi_memclr4</STRONG> (Thumb, 0 bytes, Stack size 0 bytes, memseta.o(.text))
<BR><BR>[Called By]<UL><LI><a href="#[9b]">&gt;&gt;</a>&nbsp;&nbsp;&nbsp;led_softblink_init
<LI><a href="#[5f]">&gt;&gt;</a>&nbsp;&nbsp;&nbsp;app_gpiote_init
<LI><a href="#[77]">&gt;&gt;</a>&nbsp;&nbsp;&nbsp;beacon_setup
<LI><a href="#[52]">&gt;&gt;</a>&nbsp;&nbsp;&nbsp;advertising_init
<LI><a href="#[88]">&gt;&gt;</a>&nbsp;&nbsp;&nbsp;dfu_rev_char_add
<LI><a href="#[86]">&gt;&gt;</a>&nbsp;&nbsp;&nbsp;dfu_pkt_char_add
<LI><a href="#[87]">&gt;&gt;</a>&nbsp;&nbsp;&nbsp;dfu_ctrl_pt_add
<LI><a href="#[70]">&gt;&gt;</a>&nbsp;&nbsp;&nbsp;beacon_maj_min_char_add
<LI><a href="#[6f]">&gt;&gt;</a>&nbsp;&nbsp;&nbsp;beacon_led_char_add
<LI><a href="#[6e]">&gt;&gt;</a>&nbsp;&nbsp;&nbsp;beacon_id_char_add
<LI><a href="#[6d]">&gt;&gt;</a>&nbsp;&nbsp;&nbsp;beacon_company_id_char_add
<LI><a href="#[6c]">&gt;&gt;</a>&nbsp;&nbsp;&nbsp;beacon_calib_char_add
<LI><a href="#[6b]">&gt;&gt;</a>&nbsp;&nbsp;&nbsp;beacon_adv_interval_char_add
</UL>

<P><STRONG><a name="[b1]"></a>__aeabi_memclr8</STRONG> (Thumb, 0 bytes, Stack size 0 bytes, memseta.o(.text), UNUSED)

<P><STRONG><a name="[3e]"></a>_memset$wrapper</STRONG> (Thumb, 18 bytes, Stack size 8 bytes, memseta.o(.text), UNUSED)
<BR><BR>[Calls]<UL><LI><a href="#[3d]">&gt;&gt;</a>&nbsp;&nbsp;&nbsp;__aeabi_memset
</UL>

<P><STRONG><a name="[3b]"></a>__aeabi_llsl</STRONG> (Thumb, 32 bytes, Stack size 8 bytes, llshl.o(.text))
<BR><BR>[Stack]<UL><LI>Max Depth = 8<LI>Call Chain = __aeabi_llsl
</UL>
<BR>[Called By]<UL><LI><a href="#[39]">&gt;&gt;</a>&nbsp;&nbsp;&nbsp;__aeabi_uldivmod
</UL>

<P><STRONG><a name="[b2]"></a>_ll_shift_l</STRONG> (Thumb, 0 bytes, Stack size 8 bytes, llshl.o(.text), UNUSED)

<P><STRONG><a name="[3a]"></a>__aeabi_llsr</STRONG> (Thumb, 34 bytes, Stack size 8 bytes, llushr.o(.text))
<BR><BR>[Stack]<UL><LI>Max Depth = 8<LI>Call Chain = __aeabi_llsr
</UL>
<BR>[Called By]<UL><LI><a href="#[39]">&gt;&gt;</a>&nbsp;&nbsp;&nbsp;__aeabi_uldivmod
</UL>

<P><STRONG><a name="[b3]"></a>_ll_ushift_r</STRONG> (Thumb, 0 bytes, Stack size 8 bytes, llushr.o(.text), UNUSED)

<P><STRONG><a name="[37]"></a>__scatterload</STRONG> (Thumb, 28 bytes, Stack size 0 bytes, init.o(.text))
<BR><BR>[Calls]<UL><LI><a href="#[3f]">&gt;&gt;</a>&nbsp;&nbsp;&nbsp;__main_after_scatterload
</UL>
<BR>[Called By]<UL><LI><a href="#[36]">&gt;&gt;</a>&nbsp;&nbsp;&nbsp;_main_scatterload
</UL>

<P><STRONG><a name="[b4]"></a>__scatterload_rt2</STRONG> (Thumb, 0 bytes, Stack size 0 bytes, init.o(.text), UNUSED)

<P><STRONG><a name="[b]"></a>GPIOTE_IRQHandler</STRONG> (Thumb, 128 bytes, Stack size 24 bytes, app_gpiote.o(i.GPIOTE_IRQHandler))
<BR><BR>[Stack]<UL><LI>Max Depth = 44<LI>Call Chain = GPIOTE_IRQHandler &rArr; sense_level_toggle
</UL>
<BR>[Calls]<UL><LI><a href="#[40]">&gt;&gt;</a>&nbsp;&nbsp;&nbsp;sense_level_toggle
</UL>
<BR>[Address Reference Count : 1]<UL><LI> arm_startup_nrf51.o(RESET)
</UL>
<P><STRONG><a name="[16]"></a>RTC1_IRQHandler</STRONG> (Thumb, 28 bytes, Stack size 8 bytes, app_timer.o(i.RTC1_IRQHandler))
<BR><BR>[Stack]<UL><LI>Max Depth = 32<LI>Call Chain = RTC1_IRQHandler &rArr; timer_timeouts_check
</UL>
<BR>[Calls]<UL><LI><a href="#[41]">&gt;&gt;</a>&nbsp;&nbsp;&nbsp;timer_timeouts_check
</UL>
<BR>[Address Reference Count : 1]<UL><LI> arm_startup_nrf51.o(RESET)
</UL>
<P><STRONG><a name="[19]"></a>SWI0_IRQHandler</STRONG> (Thumb, 78 bytes, Stack size 32 bytes, app_timer.o(i.SWI0_IRQHandler))
<BR><BR>[Stack]<UL><LI>Max Depth = 76<LI>Call Chain = SWI0_IRQHandler &rArr; list_insertions_handler &rArr; timer_list_insert
</UL>
<BR>[Calls]<UL><LI><a href="#[45]">&gt;&gt;</a>&nbsp;&nbsp;&nbsp;list_insertions_handler
<LI><a href="#[43]">&gt;&gt;</a>&nbsp;&nbsp;&nbsp;list_deletions_handler
<LI><a href="#[44]">&gt;&gt;</a>&nbsp;&nbsp;&nbsp;expired_timers_handler
<LI><a href="#[42]">&gt;&gt;</a>&nbsp;&nbsp;&nbsp;elapsed_ticks_acquire
<LI><a href="#[46]">&gt;&gt;</a>&nbsp;&nbsp;&nbsp;compare_reg_update
</UL>
<BR>[Address Reference Count : 1]<UL><LI> arm_startup_nrf51.o(RESET)
</UL>
<P><STRONG><a name="[1b]"></a>SWI2_IRQHandler</STRONG> (Thumb, 32 bytes, Stack size 8 bytes, softdevice_handler.o(i.SWI2_IRQHandler))
<BR><BR>[Stack]<UL><LI>Max Depth = 32<LI>Call Chain = SWI2_IRQHandler &rArr; intern_softdevice_events_execute
</UL>
<BR>[Calls]<UL><LI><a href="#[48]">&gt;&gt;</a>&nbsp;&nbsp;&nbsp;intern_softdevice_events_execute
<LI><a href="#[47]">&gt;&gt;</a>&nbsp;&nbsp;&nbsp;app_error_handler
</UL>
<BR>[Address Reference Count : 1]<UL><LI> arm_startup_nrf51.o(RESET)
</UL>
<P><STRONG><a name="[20]"></a>SystemInit</STRONG> (Thumb, 64 bytes, Stack size 8 bytes, system_nrf51.o(i.SystemInit))
<BR><BR>[Stack]<UL><LI>Max Depth = 8<LI>Call Chain = SystemInit
</UL>
<BR>[Calls]<UL><LI><a href="#[49]">&gt;&gt;</a>&nbsp;&nbsp;&nbsp;is_manual_peripheral_setup_needed
</UL>
<BR>[Address Reference Count : 1]<UL><LI> arm_startup_nrf51.o(.text)
</UL>
<P><STRONG><a name="[7e]"></a>__ARM_common_switch8</STRONG> (Thumb, 26 bytes, Stack size 8 bytes, main.o(i.__ARM_common_switch8))
<BR><BR>[Stack]<UL><LI>Max Depth = 8<LI>Call Chain = __ARM_common_switch8
</UL>
<BR>[Called By]<UL><LI><a href="#[95]">&gt;&gt;</a>&nbsp;&nbsp;&nbsp;swap_state_process
<LI><a href="#[30]">&gt;&gt;</a>&nbsp;&nbsp;&nbsp;beacon_write_handler
<LI><a href="#[8a]">&gt;&gt;</a>&nbsp;&nbsp;&nbsp;on_ctrl_pt_write
</UL>

<P><STRONG><a name="[b5]"></a>__scatterload_copy</STRONG> (Thumb, 14 bytes, Stack size unknown bytes, handlers.o(i.__scatterload_copy), UNUSED)

<P><STRONG><a name="[b6]"></a>__scatterload_null</STRONG> (Thumb, 2 bytes, Stack size unknown bytes, handlers.o(i.__scatterload_null), UNUSED)

<P><STRONG><a name="[b7]"></a>__scatterload_zeroinit</STRONG> (Thumb, 14 bytes, Stack size unknown bytes, handlers.o(i.__scatterload_zeroinit), UNUSED)

<P><STRONG><a name="[56]"></a>app_button_enable</STRONG> (Thumb, 22 bytes, Stack size 8 bytes, app_button.o(i.app_button_enable))
<BR><BR>[Stack]<UL><LI>Max Depth = 28<LI>Call Chain = app_button_enable &rArr; app_gpiote_user_enable
</UL>
<BR>[Calls]<UL><LI><a href="#[57]">&gt;&gt;</a>&nbsp;&nbsp;&nbsp;app_gpiote_user_enable
</UL>
<BR>[Called By]<UL><LI><a href="#[1f]">&gt;&gt;</a>&nbsp;&nbsp;&nbsp;main
</UL>

<P><STRONG><a name="[59]"></a>app_button_init</STRONG> (Thumb, 94 bytes, Stack size 24 bytes, app_button.o(i.app_button_init))
<BR><BR>[Stack]<UL><LI>Max Depth = 68<LI>Call Chain = app_button_init &rArr; app_gpiote_user_register &rArr; pins_sense_disable
</UL>
<BR>[Calls]<UL><LI><a href="#[5b]">&gt;&gt;</a>&nbsp;&nbsp;&nbsp;app_timer_create
<LI><a href="#[5a]">&gt;&gt;</a>&nbsp;&nbsp;&nbsp;app_gpiote_user_register
</UL>
<BR>[Called By]<UL><LI><a href="#[1f]">&gt;&gt;</a>&nbsp;&nbsp;&nbsp;main
</UL>

<P><STRONG><a name="[5c]"></a>app_button_is_pushed</STRONG> (Thumb, 88 bytes, Stack size 16 bytes, app_button.o(i.app_button_is_pushed))
<BR><BR>[Stack]<UL><LI>Max Depth = 16<LI>Call Chain = app_button_is_pushed
</UL>
<BR>[Calls]<UL><LI><a href="#[5d]">&gt;&gt;</a>&nbsp;&nbsp;&nbsp;app_gpiote_pins_state_get
</UL>
<BR>[Called By]<UL><LI><a href="#[1f]">&gt;&gt;</a>&nbsp;&nbsp;&nbsp;main
</UL>

<P><STRONG><a name="[47]"></a>app_error_handler</STRONG> (Thumb, 12 bytes, Stack size 0 bytes, main.o(i.app_error_handler))
<BR><BR>[Calls]<UL><LI><a href="#[5e]">&gt;&gt;</a>&nbsp;&nbsp;&nbsp;NVIC_SystemReset
</UL>
<BR>[Called By]<UL><LI><a href="#[90]">&gt;&gt;</a>&nbsp;&nbsp;&nbsp;bootloader_start
<LI><a href="#[2b]">&gt;&gt;</a>&nbsp;&nbsp;&nbsp;led_softblink_on_timeout
<LI><a href="#[48]">&gt;&gt;</a>&nbsp;&nbsp;&nbsp;intern_softdevice_events_execute
<LI><a href="#[2e]">&gt;&gt;</a>&nbsp;&nbsp;&nbsp;dfu_app_on_dfu_evt
<LI><a href="#[58]">&gt;&gt;</a>&nbsp;&nbsp;&nbsp;app_sched_event_put
<LI><a href="#[1f]">&gt;&gt;</a>&nbsp;&nbsp;&nbsp;main
<LI><a href="#[2a]">&gt;&gt;</a>&nbsp;&nbsp;&nbsp;sys_evt_dispatch
<LI><a href="#[31]">&gt;&gt;</a>&nbsp;&nbsp;&nbsp;softdevice_evt_get
<LI><a href="#[79]">&gt;&gt;</a>&nbsp;&nbsp;&nbsp;services_init
<LI><a href="#[2d]">&gt;&gt;</a>&nbsp;&nbsp;&nbsp;pstorage_ntf_cb
<LI><a href="#[25]">&gt;&gt;</a>&nbsp;&nbsp;&nbsp;on_conn_params_evt
<LI><a href="#[8b]">&gt;&gt;</a>&nbsp;&nbsp;&nbsp;on_ble_evt
<LI><a href="#[2f]">&gt;&gt;</a>&nbsp;&nbsp;&nbsp;dfu_reset_prepare
<LI><a href="#[26]">&gt;&gt;</a>&nbsp;&nbsp;&nbsp;conn_params_error_handler
<LI><a href="#[34]">&gt;&gt;</a>&nbsp;&nbsp;&nbsp;button_handler
<LI><a href="#[8c]">&gt;&gt;</a>&nbsp;&nbsp;&nbsp;ble_stack_init
<LI><a href="#[30]">&gt;&gt;</a>&nbsp;&nbsp;&nbsp;beacon_write_handler
<LI><a href="#[7d]">&gt;&gt;</a>&nbsp;&nbsp;&nbsp;beacon_start
<LI><a href="#[77]">&gt;&gt;</a>&nbsp;&nbsp;&nbsp;beacon_setup
<LI><a href="#[75]">&gt;&gt;</a>&nbsp;&nbsp;&nbsp;beacon_reset
<LI><a href="#[71]">&gt;&gt;</a>&nbsp;&nbsp;&nbsp;beacon_params_default_set
<LI><a href="#[22]">&gt;&gt;</a>&nbsp;&nbsp;&nbsp;app_button_evt_get
<LI><a href="#[52]">&gt;&gt;</a>&nbsp;&nbsp;&nbsp;advertising_init
<LI><a href="#[1b]">&gt;&gt;</a>&nbsp;&nbsp;&nbsp;SWI2_IRQHandler
<LI><a href="#[41]">&gt;&gt;</a>&nbsp;&nbsp;&nbsp;timer_timeouts_check
<LI><a href="#[93]">&gt;&gt;</a>&nbsp;&nbsp;&nbsp;button_handler_execute
</UL>

<P><STRONG><a name="[5f]"></a>app_gpiote_init</STRONG> (Thumb, 78 bytes, Stack size 8 bytes, app_gpiote.o(i.app_gpiote_init))
<BR><BR>[Stack]<UL><LI>Max Depth = 8<LI>Call Chain = app_gpiote_init
</UL>
<BR>[Calls]<UL><LI><a href="#[53]">&gt;&gt;</a>&nbsp;&nbsp;&nbsp;__aeabi_memclr4
</UL>
<BR>[Called By]<UL><LI><a href="#[1f]">&gt;&gt;</a>&nbsp;&nbsp;&nbsp;main
</UL>

<P><STRONG><a name="[5d]"></a>app_gpiote_pins_state_get</STRONG> (Thumb, 42 bytes, Stack size 0 bytes, app_gpiote.o(i.app_gpiote_pins_state_get))
<BR><BR>[Called By]<UL><LI><a href="#[5c]">&gt;&gt;</a>&nbsp;&nbsp;&nbsp;app_button_is_pushed
<LI><a href="#[24]">&gt;&gt;</a>&nbsp;&nbsp;&nbsp;detection_delay_timeout_handler
</UL>

<P><STRONG><a name="[57]"></a>app_gpiote_user_enable</STRONG> (Thumb, 128 bytes, Stack size 20 bytes, app_gpiote.o(i.app_gpiote_user_enable))
<BR><BR>[Stack]<UL><LI>Max Depth = 20<LI>Call Chain = app_gpiote_user_enable
</UL>
<BR>[Called By]<UL><LI><a href="#[56]">&gt;&gt;</a>&nbsp;&nbsp;&nbsp;app_button_enable
</UL>

<P><STRONG><a name="[5a]"></a>app_gpiote_user_register</STRONG> (Thumb, 70 bytes, Stack size 24 bytes, app_gpiote.o(i.app_gpiote_user_register))
<BR><BR>[Stack]<UL><LI>Max Depth = 44<LI>Call Chain = app_gpiote_user_register &rArr; pins_sense_disable
</UL>
<BR>[Calls]<UL><LI><a href="#[60]">&gt;&gt;</a>&nbsp;&nbsp;&nbsp;pins_sense_disable
</UL>
<BR>[Called By]<UL><LI><a href="#[59]">&gt;&gt;</a>&nbsp;&nbsp;&nbsp;app_button_init
</UL>

<P><STRONG><a name="[58]"></a>app_sched_event_put</STRONG> (Thumb, 240 bytes, Stack size 40 bytes, app_scheduler.o(i.app_sched_event_put))
<BR><BR>[Stack]<UL><LI>Max Depth = 40<LI>Call Chain = app_sched_event_put
</UL>
<BR>[Calls]<UL><LI><a href="#[47]">&gt;&gt;</a>&nbsp;&nbsp;&nbsp;app_error_handler
<LI><a href="#[4d]">&gt;&gt;</a>&nbsp;&nbsp;&nbsp;__aeabi_memcpy
</UL>
<BR>[Called By]<UL><LI><a href="#[2a]">&gt;&gt;</a>&nbsp;&nbsp;&nbsp;sys_evt_dispatch
<LI><a href="#[28]">&gt;&gt;</a>&nbsp;&nbsp;&nbsp;softdevice_evt_schedule
<LI><a href="#[2c]">&gt;&gt;</a>&nbsp;&nbsp;&nbsp;app_button_evt_schedule
</UL>

<P><STRONG><a name="[61]"></a>app_sched_execute</STRONG> (Thumb, 30 bytes, Stack size 16 bytes, app_scheduler.o(i.app_sched_execute))
<BR><BR>[Stack]<UL><LI>Max Depth = 32<LI>Call Chain = app_sched_execute &rArr; app_sched_event_get
</UL>
<BR>[Calls]<UL><LI><a href="#[62]">&gt;&gt;</a>&nbsp;&nbsp;&nbsp;app_sched_event_get
</UL>
<BR>[Called By]<UL><LI><a href="#[1f]">&gt;&gt;</a>&nbsp;&nbsp;&nbsp;main
</UL>

<P><STRONG><a name="[9e]"></a>app_sched_init</STRONG> (Thumb, 40 bytes, Stack size 12 bytes, app_scheduler.o(i.app_sched_init))
<BR><BR>[Stack]<UL><LI>Max Depth = 12<LI>Call Chain = app_sched_init
</UL>
<BR>[Called By]<UL><LI><a href="#[1f]">&gt;&gt;</a>&nbsp;&nbsp;&nbsp;main
</UL>

<P><STRONG><a name="[5b]"></a>app_timer_create</STRONG> (Thumb, 72 bytes, Stack size 16 bytes, app_timer.o(i.app_timer_create))
<BR><BR>[Stack]<UL><LI>Max Depth = 16<LI>Call Chain = app_timer_create
</UL>
<BR>[Called By]<UL><LI><a href="#[9b]">&gt;&gt;</a>&nbsp;&nbsp;&nbsp;led_softblink_init
<LI><a href="#[7a]">&gt;&gt;</a>&nbsp;&nbsp;&nbsp;ble_conn_params_init
<LI><a href="#[59]">&gt;&gt;</a>&nbsp;&nbsp;&nbsp;app_button_init
</UL>

<P><STRONG><a name="[63]"></a>app_timer_init</STRONG> (Thumb, 164 bytes, Stack size 40 bytes, app_timer.o(i.app_timer_init))
<BR><BR>[Stack]<UL><LI>Max Depth = 56<LI>Call Chain = app_timer_init &rArr; rtc1_stop
</UL>
<BR>[Calls]<UL><LI><a href="#[64]">&gt;&gt;</a>&nbsp;&nbsp;&nbsp;rtc1_stop
<LI><a href="#[65]">&gt;&gt;</a>&nbsp;&nbsp;&nbsp;NVIC_SetPriority
</UL>
<BR>[Called By]<UL><LI><a href="#[1f]">&gt;&gt;</a>&nbsp;&nbsp;&nbsp;main
</UL>

<P><STRONG><a name="[66]"></a>app_timer_start</STRONG> (Thumb, 122 bytes, Stack size 32 bytes, app_timer.o(i.app_timer_start))
<BR><BR>[Stack]<UL><LI>Max Depth = 32<LI>Call Chain = app_timer_start
</UL>
<BR>[Calls]<UL><LI><a href="#[68]">&gt;&gt;</a>&nbsp;&nbsp;&nbsp;user_op_alloc
<LI><a href="#[67]">&gt;&gt;</a>&nbsp;&nbsp;&nbsp;user_id_get
<LI><a href="#[69]">&gt;&gt;</a>&nbsp;&nbsp;&nbsp;timer_list_handler_sched
</UL>
<BR>[Called By]<UL><LI><a href="#[83]">&gt;&gt;</a>&nbsp;&nbsp;&nbsp;conn_params_negotiation
<LI><a href="#[2b]">&gt;&gt;</a>&nbsp;&nbsp;&nbsp;led_softblink_on_timeout
<LI><a href="#[78]">&gt;&gt;</a>&nbsp;&nbsp;&nbsp;led_softblink_start
<LI><a href="#[23]">&gt;&gt;</a>&nbsp;&nbsp;&nbsp;gpiote_event_handler
</UL>

<P><STRONG><a name="[6a]"></a>app_timer_stop</STRONG> (Thumb, 82 bytes, Stack size 24 bytes, app_timer.o(i.app_timer_stop))
<BR><BR>[Stack]<UL><LI>Max Depth = 24<LI>Call Chain = app_timer_stop
</UL>
<BR>[Calls]<UL><LI><a href="#[68]">&gt;&gt;</a>&nbsp;&nbsp;&nbsp;user_op_alloc
<LI><a href="#[67]">&gt;&gt;</a>&nbsp;&nbsp;&nbsp;user_id_get
<LI><a href="#[69]">&gt;&gt;</a>&nbsp;&nbsp;&nbsp;timer_list_handler_sched
</UL>
<BR>[Called By]<UL><LI><a href="#[9a]">&gt;&gt;</a>&nbsp;&nbsp;&nbsp;led_softblink_stop
<LI><a href="#[84]">&gt;&gt;</a>&nbsp;&nbsp;&nbsp;ble_conn_params_stop
<LI><a href="#[82]">&gt;&gt;</a>&nbsp;&nbsp;&nbsp;ble_conn_params_on_ble_evt
<LI><a href="#[23]">&gt;&gt;</a>&nbsp;&nbsp;&nbsp;gpiote_event_handler
</UL>

<P><STRONG><a name="[54]"></a>ble_advdata_set</STRONG> (Thumb, 102 bytes, Stack size 88 bytes, ble_advdata.o(i.ble_advdata_set))
<BR><BR>[Stack]<UL><LI>Max Depth = 200<LI>Call Chain = ble_advdata_set &rArr; adv_data_encode &rArr; uuid_list_encode &rArr; uuid_list_sized_encode
</UL>
<BR>[Calls]<UL><LI><a href="#[4a]">&gt;&gt;</a>&nbsp;&nbsp;&nbsp;adv_data_encode
</UL>
<BR>[Called By]<UL><LI><a href="#[52]">&gt;&gt;</a>&nbsp;&nbsp;&nbsp;advertising_init
</UL>

<P><STRONG><a name="[7f]"></a>ble_bcs_init</STRONG> (Thumb, 136 bytes, Stack size 32 bytes, ble_bcs.o(i.ble_bcs_init))
<BR><BR>[Stack]<UL><LI>Max Depth = 112<LI>Call Chain = ble_bcs_init &rArr; beacon_company_id_char_add
</UL>
<BR>[Calls]<UL><LI><a href="#[70]">&gt;&gt;</a>&nbsp;&nbsp;&nbsp;beacon_maj_min_char_add
<LI><a href="#[6f]">&gt;&gt;</a>&nbsp;&nbsp;&nbsp;beacon_led_char_add
<LI><a href="#[6e]">&gt;&gt;</a>&nbsp;&nbsp;&nbsp;beacon_id_char_add
<LI><a href="#[6d]">&gt;&gt;</a>&nbsp;&nbsp;&nbsp;beacon_company_id_char_add
<LI><a href="#[6c]">&gt;&gt;</a>&nbsp;&nbsp;&nbsp;beacon_calib_char_add
<LI><a href="#[6b]">&gt;&gt;</a>&nbsp;&nbsp;&nbsp;beacon_adv_interval_char_add
</UL>
<BR>[Called By]<UL><LI><a href="#[79]">&gt;&gt;</a>&nbsp;&nbsp;&nbsp;services_init
</UL>

<P><STRONG><a name="[80]"></a>ble_bcs_on_ble_evt</STRONG> (Thumb, 34 bytes, Stack size 8 bytes, ble_bcs.o(i.ble_bcs_on_ble_evt))
<BR><BR>[Stack]<UL><LI>Max Depth = 24<LI>Call Chain = ble_bcs_on_ble_evt &rArr; on_write
</UL>
<BR>[Calls]<UL><LI><a href="#[81]">&gt;&gt;</a>&nbsp;&nbsp;&nbsp;on_write
</UL>
<BR>[Called By]<UL><LI><a href="#[29]">&gt;&gt;</a>&nbsp;&nbsp;&nbsp;ble_evt_dispatch
</UL>

<P><STRONG><a name="[7a]"></a>ble_conn_params_init</STRONG> (Thumb, 72 bytes, Stack size 16 bytes, ble_conn_params.o(i.ble_conn_params_init))
<BR><BR>[Stack]<UL><LI>Max Depth = 32<LI>Call Chain = ble_conn_params_init &rArr; app_timer_create
</UL>
<BR>[Calls]<UL><LI><a href="#[5b]">&gt;&gt;</a>&nbsp;&nbsp;&nbsp;app_timer_create
<LI><a href="#[72]">&gt;&gt;</a>&nbsp;&nbsp;&nbsp;__aeabi_memcpy4
<LI><a href="#[4d]">&gt;&gt;</a>&nbsp;&nbsp;&nbsp;__aeabi_memcpy
</UL>
<BR>[Called By]<UL><LI><a href="#[77]">&gt;&gt;</a>&nbsp;&nbsp;&nbsp;beacon_setup
</UL>

<P><STRONG><a name="[82]"></a>ble_conn_params_on_ble_evt</STRONG> (Thumb, 134 bytes, Stack size 24 bytes, ble_conn_params.o(i.ble_conn_params_on_ble_evt))
<BR><BR>[Stack]<UL><LI>Max Depth = 80<LI>Call Chain = ble_conn_params_on_ble_evt &rArr; conn_params_negotiation &rArr; app_timer_start
</UL>
<BR>[Calls]<UL><LI><a href="#[83]">&gt;&gt;</a>&nbsp;&nbsp;&nbsp;conn_params_negotiation
<LI><a href="#[6a]">&gt;&gt;</a>&nbsp;&nbsp;&nbsp;app_timer_stop
<LI><a href="#[4d]">&gt;&gt;</a>&nbsp;&nbsp;&nbsp;__aeabi_memcpy
</UL>
<BR>[Called By]<UL><LI><a href="#[29]">&gt;&gt;</a>&nbsp;&nbsp;&nbsp;ble_evt_dispatch
</UL>

<P><STRONG><a name="[84]"></a>ble_conn_params_stop</STRONG> (Thumb, 12 bytes, Stack size 8 bytes, ble_conn_params.o(i.ble_conn_params_stop))
<BR><BR>[Stack]<UL><LI>Max Depth = 32<LI>Call Chain = ble_conn_params_stop &rArr; app_timer_stop
</UL>
<BR>[Calls]<UL><LI><a href="#[6a]">&gt;&gt;</a>&nbsp;&nbsp;&nbsp;app_timer_stop
</UL>
<BR>[Called By]<UL><LI><a href="#[2f]">&gt;&gt;</a>&nbsp;&nbsp;&nbsp;dfu_reset_prepare
</UL>

<P><STRONG><a name="[85]"></a>ble_dfu_init</STRONG> (Thumb, 130 bytes, Stack size 32 bytes, ble_dfu.o(i.ble_dfu_init))
<BR><BR>[Stack]<UL><LI>Max Depth = 112<LI>Call Chain = ble_dfu_init &rArr; dfu_rev_char_add
</UL>
<BR>[Calls]<UL><LI><a href="#[88]">&gt;&gt;</a>&nbsp;&nbsp;&nbsp;dfu_rev_char_add
<LI><a href="#[86]">&gt;&gt;</a>&nbsp;&nbsp;&nbsp;dfu_pkt_char_add
<LI><a href="#[87]">&gt;&gt;</a>&nbsp;&nbsp;&nbsp;dfu_ctrl_pt_add
</UL>
<BR>[Called By]<UL><LI><a href="#[79]">&gt;&gt;</a>&nbsp;&nbsp;&nbsp;services_init
</UL>

<P><STRONG><a name="[89]"></a>ble_dfu_on_ble_evt</STRONG> (Thumb, 116 bytes, Stack size 24 bytes, ble_dfu.o(i.ble_dfu_on_ble_evt))
<BR><BR>[Stack]<UL><LI>Max Depth = 112<LI>Call Chain = ble_dfu_on_ble_evt &rArr; on_ctrl_pt_write &rArr; ble_dfu_response_send
</UL>
<BR>[Calls]<UL><LI><a href="#[8a]">&gt;&gt;</a>&nbsp;&nbsp;&nbsp;on_ctrl_pt_write
</UL>
<BR>[Called By]<UL><LI><a href="#[29]">&gt;&gt;</a>&nbsp;&nbsp;&nbsp;ble_evt_dispatch
</UL>

<P><STRONG><a name="[99]"></a>ble_dfu_response_send</STRONG> (Thumb, 86 bytes, Stack size 32 bytes, ble_dfu.o(i.ble_dfu_response_send))
<BR><BR>[Stack]<UL><LI>Max Depth = 32<LI>Call Chain = ble_dfu_response_send
</UL>
<BR>[Called By]<UL><LI><a href="#[2e]">&gt;&gt;</a>&nbsp;&nbsp;&nbsp;dfu_app_on_dfu_evt
<LI><a href="#[8a]">&gt;&gt;</a>&nbsp;&nbsp;&nbsp;on_ctrl_pt_write
</UL>

<P><STRONG><a name="[91]"></a>bootloader_util_app_start</STRONG> (Thumb, 8 bytes, Stack size 8 bytes, bootloader_util_arm.o(i.bootloader_util_app_start))
<BR><BR>[Stack]<UL><LI>Max Depth = 8<LI>Call Chain = bootloader_util_app_start
</UL>
<BR>[Calls]<UL><LI><a href="#[92]">&gt;&gt;</a>&nbsp;&nbsp;&nbsp;__asm___21_bootloader_util_arm_c_c13d365c__bootloader_util_reset
</UL>
<BR>[Called By]<UL><LI><a href="#[90]">&gt;&gt;</a>&nbsp;&nbsp;&nbsp;bootloader_start
</UL>

<P><STRONG><a name="[2e]"></a>dfu_app_on_dfu_evt</STRONG> (Thumb, 36 bytes, Stack size 8 bytes, dfu_app_handler_mod.o(i.dfu_app_on_dfu_evt))
<BR><BR>[Stack]<UL><LI>Max Depth = 40<LI>Call Chain = dfu_app_on_dfu_evt &rArr; ble_dfu_response_send
</UL>
<BR>[Calls]<UL><LI><a href="#[99]">&gt;&gt;</a>&nbsp;&nbsp;&nbsp;ble_dfu_response_send
<LI><a href="#[90]">&gt;&gt;</a>&nbsp;&nbsp;&nbsp;bootloader_start
<LI><a href="#[47]">&gt;&gt;</a>&nbsp;&nbsp;&nbsp;app_error_handler
</UL>
<BR>[Address Reference Count : 1]<UL><LI> main.o(i.services_init)
</UL>
<P><STRONG><a name="[a5]"></a>dfu_app_reset_prepare_set</STRONG> (Thumb, 6 bytes, Stack size 0 bytes, dfu_app_handler_mod.o(i.dfu_app_reset_prepare_set))
<BR><BR>[Called By]<UL><LI><a href="#[79]">&gt;&gt;</a>&nbsp;&nbsp;&nbsp;services_init
</UL>

<P><STRONG><a name="[48]"></a>intern_softdevice_events_execute</STRONG> (Thumb, 124 bytes, Stack size 24 bytes, softdevice_handler.o(i.intern_softdevice_events_execute))
<BR><BR>[Stack]<UL><LI>Max Depth = 24<LI>Call Chain = intern_softdevice_events_execute
</UL>
<BR>[Calls]<UL><LI><a href="#[47]">&gt;&gt;</a>&nbsp;&nbsp;&nbsp;app_error_handler
</UL>
<BR>[Called By]<UL><LI><a href="#[31]">&gt;&gt;</a>&nbsp;&nbsp;&nbsp;softdevice_evt_get
<LI><a href="#[1b]">&gt;&gt;</a>&nbsp;&nbsp;&nbsp;SWI2_IRQHandler
</UL>

<P><STRONG><a name="[9b]"></a>led_softblink_init</STRONG> (Thumb, 144 bytes, Stack size 24 bytes, led_softblink.o(i.led_softblink_init))
<BR><BR>[Stack]<UL><LI>Max Depth = 40<LI>Call Chain = led_softblink_init &rArr; app_timer_create
</UL>
<BR>[Calls]<UL><LI><a href="#[5b]">&gt;&gt;</a>&nbsp;&nbsp;&nbsp;app_timer_create
<LI><a href="#[53]">&gt;&gt;</a>&nbsp;&nbsp;&nbsp;__aeabi_memclr4
<LI><a href="#[72]">&gt;&gt;</a>&nbsp;&nbsp;&nbsp;__aeabi_memcpy4
</UL>
<BR>[Called By]<UL><LI><a href="#[1f]">&gt;&gt;</a>&nbsp;&nbsp;&nbsp;main
</UL>

<P><STRONG><a name="[7c]"></a>led_softblink_off_time_set</STRONG> (Thumb, 18 bytes, Stack size 0 bytes, led_softblink.o(i.led_softblink_off_time_set))
<BR><BR>[Called By]<UL><LI><a href="#[77]">&gt;&gt;</a>&nbsp;&nbsp;&nbsp;beacon_setup
</UL>

<P><STRONG><a name="[78]"></a>led_softblink_start</STRONG> (Thumb, 50 bytes, Stack size 8 bytes, led_softblink.o(i.led_softblink_start))
<BR><BR>[Stack]<UL><LI>Max Depth = 40<LI>Call Chain = led_softblink_start &rArr; app_timer_start
</UL>
<BR>[Calls]<UL><LI><a href="#[66]">&gt;&gt;</a>&nbsp;&nbsp;&nbsp;app_timer_start
</UL>
<BR>[Called By]<UL><LI><a href="#[77]">&gt;&gt;</a>&nbsp;&nbsp;&nbsp;beacon_setup
</UL>

<P><STRONG><a name="[9a]"></a>led_softblink_stop</STRONG> (Thumb, 48 bytes, Stack size 8 bytes, led_softblink.o(i.led_softblink_stop))
<BR><BR>[Stack]<UL><LI>Max Depth = 32<LI>Call Chain = led_softblink_stop &rArr; app_timer_stop
</UL>
<BR>[Calls]<UL><LI><a href="#[6a]">&gt;&gt;</a>&nbsp;&nbsp;&nbsp;app_timer_stop
</UL>
<BR>[Called By]<UL><LI><a href="#[2f]">&gt;&gt;</a>&nbsp;&nbsp;&nbsp;dfu_reset_prepare
</UL>

<P><STRONG><a name="[1f]"></a>main</STRONG> (Thumb, 220 bytes, Stack size 24 bytes, main.o(i.main))
<BR><BR>[Stack]<UL><LI>Max Depth = 424<LI>Call Chain = main &rArr; beacon_start &rArr; beacon_setup &rArr; advertising_init &rArr; ble_advdata_set &rArr; adv_data_encode &rArr; uuid_list_encode &rArr; uuid_list_sized_encode
</UL>
<BR>[Calls]<UL><LI><a href="#[a0]">&gt;&gt;</a>&nbsp;&nbsp;&nbsp;pstorage_register
<LI><a href="#[9f]">&gt;&gt;</a>&nbsp;&nbsp;&nbsp;pstorage_init
<LI><a href="#[9b]">&gt;&gt;</a>&nbsp;&nbsp;&nbsp;led_softblink_init
<LI><a href="#[63]">&gt;&gt;</a>&nbsp;&nbsp;&nbsp;app_timer_init
<LI><a href="#[9e]">&gt;&gt;</a>&nbsp;&nbsp;&nbsp;app_sched_init
<LI><a href="#[61]">&gt;&gt;</a>&nbsp;&nbsp;&nbsp;app_sched_execute
<LI><a href="#[5f]">&gt;&gt;</a>&nbsp;&nbsp;&nbsp;app_gpiote_init
<LI><a href="#[5c]">&gt;&gt;</a>&nbsp;&nbsp;&nbsp;app_button_is_pushed
<LI><a href="#[59]">&gt;&gt;</a>&nbsp;&nbsp;&nbsp;app_button_init
<LI><a href="#[56]">&gt;&gt;</a>&nbsp;&nbsp;&nbsp;app_button_enable
<LI><a href="#[47]">&gt;&gt;</a>&nbsp;&nbsp;&nbsp;app_error_handler
<LI><a href="#[8c]">&gt;&gt;</a>&nbsp;&nbsp;&nbsp;ble_stack_init
<LI><a href="#[7d]">&gt;&gt;</a>&nbsp;&nbsp;&nbsp;beacon_start
<LI><a href="#[71]">&gt;&gt;</a>&nbsp;&nbsp;&nbsp;beacon_params_default_set
</UL>
<BR>[Address Reference Count : 1]<UL><LI> entry9a.o(.ARM.Collect$$$$0000000B)
</UL>
<P><STRONG><a name="[76]"></a>pstorage_access_status_get</STRONG> (Thumb, 30 bytes, Stack size 0 bytes, pstorage_mod.o(i.pstorage_access_status_get))
<BR><BR>[Called By]<UL><LI><a href="#[2a]">&gt;&gt;</a>&nbsp;&nbsp;&nbsp;sys_evt_dispatch
<LI><a href="#[7d]">&gt;&gt;</a>&nbsp;&nbsp;&nbsp;beacon_start
<LI><a href="#[75]">&gt;&gt;</a>&nbsp;&nbsp;&nbsp;beacon_reset
</UL>

<P><STRONG><a name="[73]"></a>pstorage_clear</STRONG> (Thumb, 114 bytes, Stack size 24 bytes, pstorage_mod.o(i.pstorage_clear))
<BR><BR>[Stack]<UL><LI>Max Depth = 132<LI>Call Chain = pstorage_clear &rArr; cmd_queue_enqueue &rArr; cmd_process &rArr; swap_state_process &rArr; __aeabi_uidivmod
</UL>
<BR>[Calls]<UL><LI><a href="#[a1]">&gt;&gt;</a>&nbsp;&nbsp;&nbsp;is_word_aligned
<LI><a href="#[97]">&gt;&gt;</a>&nbsp;&nbsp;&nbsp;cmd_queue_enqueue
<LI><a href="#[55]">&gt;&gt;</a>&nbsp;&nbsp;&nbsp;__aeabi_uidivmod
</UL>
<BR>[Called By]<UL><LI><a href="#[30]">&gt;&gt;</a>&nbsp;&nbsp;&nbsp;beacon_write_handler
<LI><a href="#[71]">&gt;&gt;</a>&nbsp;&nbsp;&nbsp;beacon_params_default_set
</UL>

<P><STRONG><a name="[9f]"></a>pstorage_init</STRONG> (Thumb, 138 bytes, Stack size 24 bytes, pstorage_mod.o(i.pstorage_init))
<BR><BR>[Stack]<UL><LI>Max Depth = 36<LI>Call Chain = pstorage_init &rArr; __aeabi_uidivmod
</UL>
<BR>[Calls]<UL><LI><a href="#[a2]">&gt;&gt;</a>&nbsp;&nbsp;&nbsp;cmd_queue_element_init
<LI><a href="#[55]">&gt;&gt;</a>&nbsp;&nbsp;&nbsp;__aeabi_uidivmod
</UL>
<BR>[Called By]<UL><LI><a href="#[1f]">&gt;&gt;</a>&nbsp;&nbsp;&nbsp;main
</UL>

<P><STRONG><a name="[a0]"></a>pstorage_register</STRONG> (Thumb, 240 bytes, Stack size 24 bytes, pstorage_mod.o(i.pstorage_register))
<BR><BR>[Stack]<UL><LI>Max Depth = 36<LI>Call Chain = pstorage_register &rArr; __aeabi_uidivmod
</UL>
<BR>[Calls]<UL><LI><a href="#[55]">&gt;&gt;</a>&nbsp;&nbsp;&nbsp;__aeabi_uidivmod
</UL>
<BR>[Called By]<UL><LI><a href="#[1f]">&gt;&gt;</a>&nbsp;&nbsp;&nbsp;main
</UL>

<P><STRONG><a name="[74]"></a>pstorage_store</STRONG> (Thumb, 134 bytes, Stack size 24 bytes, pstorage_mod.o(i.pstorage_store))
<BR><BR>[Stack]<UL><LI>Max Depth = 132<LI>Call Chain = pstorage_store &rArr; cmd_queue_enqueue &rArr; cmd_process &rArr; swap_state_process &rArr; __aeabi_uidivmod
</UL>
<BR>[Calls]<UL><LI><a href="#[a1]">&gt;&gt;</a>&nbsp;&nbsp;&nbsp;is_word_aligned
<LI><a href="#[97]">&gt;&gt;</a>&nbsp;&nbsp;&nbsp;cmd_queue_enqueue
</UL>
<BR>[Called By]<UL><LI><a href="#[30]">&gt;&gt;</a>&nbsp;&nbsp;&nbsp;beacon_write_handler
<LI><a href="#[71]">&gt;&gt;</a>&nbsp;&nbsp;&nbsp;beacon_params_default_set
</UL>

<P><STRONG><a name="[a3]"></a>pstorage_sys_event_handler</STRONG> (Thumb, 250 bytes, Stack size 24 bytes, pstorage_mod.o(i.pstorage_sys_event_handler))
<BR><BR>[Stack]<UL><LI>Max Depth = 116<LI>Call Chain = pstorage_sys_event_handler &rArr; cmd_queue_dequeue &rArr; cmd_process &rArr; swap_state_process &rArr; __aeabi_uidivmod
</UL>
<BR>[Calls]<UL><LI><a href="#[a2]">&gt;&gt;</a>&nbsp;&nbsp;&nbsp;cmd_queue_element_init
<LI><a href="#[96]">&gt;&gt;</a>&nbsp;&nbsp;&nbsp;cmd_queue_dequeue
<LI><a href="#[a4]">&gt;&gt;</a>&nbsp;&nbsp;&nbsp;app_notify
</UL>
<BR>[Called By]<UL><LI><a href="#[2a]">&gt;&gt;</a>&nbsp;&nbsp;&nbsp;sys_evt_dispatch
</UL>

<P><STRONG><a name="[32]"></a>softdevice_assertion_handler</STRONG> (Thumb, 12 bytes, Stack size 8 bytes, softdevice_handler.o(i.softdevice_assertion_handler))
<BR><BR>[Stack]<UL><LI>Max Depth = 8<LI>Call Chain = softdevice_assertion_handler
</UL>
<BR>[Address Reference Count : 1]<UL><LI> softdevice_handler.o(i.softdevice_handler_init)
</UL>
<P><STRONG><a name="[8e]"></a>softdevice_ble_evt_handler_set</STRONG> (Thumb, 16 bytes, Stack size 0 bytes, softdevice_handler.o(i.softdevice_ble_evt_handler_set))
<BR><BR>[Called By]<UL><LI><a href="#[8c]">&gt;&gt;</a>&nbsp;&nbsp;&nbsp;ble_stack_init
</UL>

<P><STRONG><a name="[8d]"></a>softdevice_handler_init</STRONG> (Thumb, 40 bytes, Stack size 16 bytes, softdevice_handler.o(i.softdevice_handler_init))
<BR><BR>[Stack]<UL><LI>Max Depth = 16<LI>Call Chain = softdevice_handler_init
</UL>
<BR>[Called By]<UL><LI><a href="#[8c]">&gt;&gt;</a>&nbsp;&nbsp;&nbsp;ble_stack_init
</UL>

<P><STRONG><a name="[8f]"></a>softdevice_sys_evt_handler_set</STRONG> (Thumb, 16 bytes, Stack size 0 bytes, softdevice_handler.o(i.softdevice_sys_evt_handler_set))
<BR><BR>[Called By]<UL><LI><a href="#[8c]">&gt;&gt;</a>&nbsp;&nbsp;&nbsp;ble_stack_init
</UL>
<P>
<H3>
Local Symbols
</H3>
<P><STRONG><a name="[5e]"></a>NVIC_SystemReset</STRONG> (Thumb, 16 bytes, Stack size 0 bytes, main.o(i.NVIC_SystemReset))
<BR><BR>[Called By]<UL><LI><a href="#[47]">&gt;&gt;</a>&nbsp;&nbsp;&nbsp;app_error_handler
<LI><a href="#[75]">&gt;&gt;</a>&nbsp;&nbsp;&nbsp;beacon_reset
</UL>

<P><STRONG><a name="[52]"></a>advertising_init</STRONG> (Thumb, 226 bytes, Stack size 144 bytes, main.o(i.advertising_init))
<BR><BR>[Stack]<UL><LI>Max Depth = 344<LI>Call Chain = advertising_init &rArr; ble_advdata_set &rArr; adv_data_encode &rArr; uuid_list_encode &rArr; uuid_list_sized_encode
</UL>
<BR>[Calls]<UL><LI><a href="#[54]">&gt;&gt;</a>&nbsp;&nbsp;&nbsp;ble_advdata_set
<LI><a href="#[47]">&gt;&gt;</a>&nbsp;&nbsp;&nbsp;app_error_handler
<LI><a href="#[53]">&gt;&gt;</a>&nbsp;&nbsp;&nbsp;__aeabi_memclr4
<LI><a href="#[55]">&gt;&gt;</a>&nbsp;&nbsp;&nbsp;__aeabi_uidivmod
</UL>
<BR>[Called By]<UL><LI><a href="#[77]">&gt;&gt;</a>&nbsp;&nbsp;&nbsp;beacon_setup
</UL>

<P><STRONG><a name="[22]"></a>app_button_evt_get</STRONG> (Thumb, 28 bytes, Stack size 8 bytes, main.o(i.app_button_evt_get))
<BR><BR>[Stack]<UL><LI>Max Depth = 8<LI>Call Chain = app_button_evt_get
</UL>
<BR>[Calls]<UL><LI><a href="#[47]">&gt;&gt;</a>&nbsp;&nbsp;&nbsp;app_error_handler
</UL>
<BR>[Address Reference Count : 1]<UL><LI> main.o(i.app_button_evt_schedule)
</UL>
<P><STRONG><a name="[2c]"></a>app_button_evt_schedule</STRONG> (Thumb, 20 bytes, Stack size 16 bytes, main.o(i.app_button_evt_schedule))
<BR><BR>[Stack]<UL><LI>Max Depth = 56<LI>Call Chain = app_button_evt_schedule &rArr; app_sched_event_put
</UL>
<BR>[Calls]<UL><LI><a href="#[58]">&gt;&gt;</a>&nbsp;&nbsp;&nbsp;app_sched_event_put
</UL>
<BR>[Address Reference Count : 1]<UL><LI> main.o(i.main)
</UL>
<P><STRONG><a name="[71]"></a>beacon_params_default_set</STRONG> (Thumb, 114 bytes, Stack size 32 bytes, main.o(i.beacon_params_default_set))
<BR><BR>[Stack]<UL><LI>Max Depth = 164<LI>Call Chain = beacon_params_default_set &rArr; pstorage_store &rArr; cmd_queue_enqueue &rArr; cmd_process &rArr; swap_state_process &rArr; __aeabi_uidivmod
</UL>
<BR>[Calls]<UL><LI><a href="#[74]">&gt;&gt;</a>&nbsp;&nbsp;&nbsp;pstorage_store
<LI><a href="#[73]">&gt;&gt;</a>&nbsp;&nbsp;&nbsp;pstorage_clear
<LI><a href="#[47]">&gt;&gt;</a>&nbsp;&nbsp;&nbsp;app_error_handler
<LI><a href="#[72]">&gt;&gt;</a>&nbsp;&nbsp;&nbsp;__aeabi_memcpy4
<LI><a href="#[4d]">&gt;&gt;</a>&nbsp;&nbsp;&nbsp;__aeabi_memcpy
</UL>
<BR>[Called By]<UL><LI><a href="#[1f]">&gt;&gt;</a>&nbsp;&nbsp;&nbsp;main
</UL>

<P><STRONG><a name="[75]"></a>beacon_reset</STRONG> (Thumb, 42 bytes, Stack size 8 bytes, main.o(i.beacon_reset))
<BR><BR>[Stack]<UL><LI>Max Depth = 8<LI>Call Chain = beacon_reset
</UL>
<BR>[Calls]<UL><LI><a href="#[76]">&gt;&gt;</a>&nbsp;&nbsp;&nbsp;pstorage_access_status_get
<LI><a href="#[47]">&gt;&gt;</a>&nbsp;&nbsp;&nbsp;app_error_handler
<LI><a href="#[5e]">&gt;&gt;</a>&nbsp;&nbsp;&nbsp;NVIC_SystemReset
</UL>
<BR>[Called By]<UL><LI><a href="#[33]">&gt;&gt;</a>&nbsp;&nbsp;&nbsp;storage_access_complete_handler
<LI><a href="#[8b]">&gt;&gt;</a>&nbsp;&nbsp;&nbsp;on_ble_evt
<LI><a href="#[34]">&gt;&gt;</a>&nbsp;&nbsp;&nbsp;button_handler
</UL>

<P><STRONG><a name="[77]"></a>beacon_setup</STRONG> (Thumb, 162 bytes, Stack size 48 bytes, main.o(i.beacon_setup))
<BR><BR>[Stack]<UL><LI>Max Depth = 392<LI>Call Chain = beacon_setup &rArr; advertising_init &rArr; ble_advdata_set &rArr; adv_data_encode &rArr; uuid_list_encode &rArr; uuid_list_sized_encode
</UL>
<BR>[Calls]<UL><LI><a href="#[78]">&gt;&gt;</a>&nbsp;&nbsp;&nbsp;led_softblink_start
<LI><a href="#[7c]">&gt;&gt;</a>&nbsp;&nbsp;&nbsp;led_softblink_off_time_set
<LI><a href="#[7a]">&gt;&gt;</a>&nbsp;&nbsp;&nbsp;ble_conn_params_init
<LI><a href="#[47]">&gt;&gt;</a>&nbsp;&nbsp;&nbsp;app_error_handler
<LI><a href="#[79]">&gt;&gt;</a>&nbsp;&nbsp;&nbsp;services_init
<LI><a href="#[7b]">&gt;&gt;</a>&nbsp;&nbsp;&nbsp;sec_params_init
<LI><a href="#[52]">&gt;&gt;</a>&nbsp;&nbsp;&nbsp;advertising_init
<LI><a href="#[53]">&gt;&gt;</a>&nbsp;&nbsp;&nbsp;__aeabi_memclr4
</UL>
<BR>[Called By]<UL><LI><a href="#[7d]">&gt;&gt;</a>&nbsp;&nbsp;&nbsp;beacon_start
</UL>

<P><STRONG><a name="[7d]"></a>beacon_start</STRONG> (Thumb, 52 bytes, Stack size 8 bytes, main.o(i.beacon_start))
<BR><BR>[Stack]<UL><LI>Max Depth = 400<LI>Call Chain = beacon_start &rArr; beacon_setup &rArr; advertising_init &rArr; ble_advdata_set &rArr; adv_data_encode &rArr; uuid_list_encode &rArr; uuid_list_sized_encode
</UL>
<BR>[Calls]<UL><LI><a href="#[76]">&gt;&gt;</a>&nbsp;&nbsp;&nbsp;pstorage_access_status_get
<LI><a href="#[47]">&gt;&gt;</a>&nbsp;&nbsp;&nbsp;app_error_handler
<LI><a href="#[77]">&gt;&gt;</a>&nbsp;&nbsp;&nbsp;beacon_setup
</UL>
<BR>[Called By]<UL><LI><a href="#[1f]">&gt;&gt;</a>&nbsp;&nbsp;&nbsp;main
<LI><a href="#[33]">&gt;&gt;</a>&nbsp;&nbsp;&nbsp;storage_access_complete_handler
</UL>

<P><STRONG><a name="[30]"></a>beacon_write_handler</STRONG> (Thumb, 166 bytes, Stack size 16 bytes, main.o(i.beacon_write_handler))
<BR><BR>[Stack]<UL><LI>Max Depth = 148<LI>Call Chain = beacon_write_handler &rArr; pstorage_store &rArr; cmd_queue_enqueue &rArr; cmd_process &rArr; swap_state_process &rArr; __aeabi_uidivmod
</UL>
<BR>[Calls]<UL><LI><a href="#[74]">&gt;&gt;</a>&nbsp;&nbsp;&nbsp;pstorage_store
<LI><a href="#[73]">&gt;&gt;</a>&nbsp;&nbsp;&nbsp;pstorage_clear
<LI><a href="#[47]">&gt;&gt;</a>&nbsp;&nbsp;&nbsp;app_error_handler
<LI><a href="#[7e]">&gt;&gt;</a>&nbsp;&nbsp;&nbsp;__ARM_common_switch8
<LI><a href="#[72]">&gt;&gt;</a>&nbsp;&nbsp;&nbsp;__aeabi_memcpy4
<LI><a href="#[4d]">&gt;&gt;</a>&nbsp;&nbsp;&nbsp;__aeabi_memcpy
</UL>
<BR>[Address Reference Count : 1]<UL><LI> main.o(i.services_init)
</UL>
<P><STRONG><a name="[29]"></a>ble_evt_dispatch</STRONG> (Thumb, 34 bytes, Stack size 8 bytes, main.o(i.ble_evt_dispatch))
<BR><BR>[Stack]<UL><LI>Max Depth = 120<LI>Call Chain = ble_evt_dispatch &rArr; ble_dfu_on_ble_evt &rArr; on_ctrl_pt_write &rArr; ble_dfu_response_send
</UL>
<BR>[Calls]<UL><LI><a href="#[89]">&gt;&gt;</a>&nbsp;&nbsp;&nbsp;ble_dfu_on_ble_evt
<LI><a href="#[82]">&gt;&gt;</a>&nbsp;&nbsp;&nbsp;ble_conn_params_on_ble_evt
<LI><a href="#[80]">&gt;&gt;</a>&nbsp;&nbsp;&nbsp;ble_bcs_on_ble_evt
<LI><a href="#[8b]">&gt;&gt;</a>&nbsp;&nbsp;&nbsp;on_ble_evt
</UL>
<BR>[Address Reference Count : 1]<UL><LI> main.o(i.ble_stack_init)
</UL>
<P><STRONG><a name="[8c]"></a>ble_stack_init</STRONG> (Thumb, 64 bytes, Stack size 8 bytes, main.o(i.ble_stack_init))
<BR><BR>[Stack]<UL><LI>Max Depth = 24<LI>Call Chain = ble_stack_init &rArr; softdevice_handler_init
</UL>
<BR>[Calls]<UL><LI><a href="#[8f]">&gt;&gt;</a>&nbsp;&nbsp;&nbsp;softdevice_sys_evt_handler_set
<LI><a href="#[8d]">&gt;&gt;</a>&nbsp;&nbsp;&nbsp;softdevice_handler_init
<LI><a href="#[8e]">&gt;&gt;</a>&nbsp;&nbsp;&nbsp;softdevice_ble_evt_handler_set
<LI><a href="#[47]">&gt;&gt;</a>&nbsp;&nbsp;&nbsp;app_error_handler
</UL>
<BR>[Called By]<UL><LI><a href="#[1f]">&gt;&gt;</a>&nbsp;&nbsp;&nbsp;main
</UL>

<P><STRONG><a name="[34]"></a>button_handler</STRONG> (Thumb, 30 bytes, Stack size 8 bytes, main.o(i.button_handler))
<BR><BR>[Stack]<UL><LI>Max Depth = 16<LI>Call Chain = button_handler &rArr; beacon_reset
</UL>
<BR>[Calls]<UL><LI><a href="#[47]">&gt;&gt;</a>&nbsp;&nbsp;&nbsp;app_error_handler
<LI><a href="#[75]">&gt;&gt;</a>&nbsp;&nbsp;&nbsp;beacon_reset
</UL>
<BR>[Address Reference Count : 1]<UL><LI> main.o(.data)
</UL>
<P><STRONG><a name="[26]"></a>conn_params_error_handler</STRONG> (Thumb, 8 bytes, Stack size 0 bytes, main.o(i.conn_params_error_handler))
<BR><BR>[Calls]<UL><LI><a href="#[47]">&gt;&gt;</a>&nbsp;&nbsp;&nbsp;app_error_handler
</UL>
<BR>[Address Reference Count : 1]<UL><LI> main.o(i.beacon_setup)
</UL>
<P><STRONG><a name="[2f]"></a>dfu_reset_prepare</STRONG> (Thumb, 54 bytes, Stack size 8 bytes, main.o(i.dfu_reset_prepare))
<BR><BR>[Stack]<UL><LI>Max Depth = 40<LI>Call Chain = dfu_reset_prepare &rArr; led_softblink_stop &rArr; app_timer_stop
</UL>
<BR>[Calls]<UL><LI><a href="#[9a]">&gt;&gt;</a>&nbsp;&nbsp;&nbsp;led_softblink_stop
<LI><a href="#[84]">&gt;&gt;</a>&nbsp;&nbsp;&nbsp;ble_conn_params_stop
<LI><a href="#[47]">&gt;&gt;</a>&nbsp;&nbsp;&nbsp;app_error_handler
</UL>
<BR>[Address Reference Count : 1]<UL><LI> main.o(i.services_init)
</UL>
<P><STRONG><a name="[8b]"></a>on_ble_evt</STRONG> (Thumb, 138 bytes, Stack size 8 bytes, main.o(i.on_ble_evt))
<BR><BR>[Stack]<UL><LI>Max Depth = 16<LI>Call Chain = on_ble_evt &rArr; beacon_reset
</UL>
<BR>[Calls]<UL><LI><a href="#[47]">&gt;&gt;</a>&nbsp;&nbsp;&nbsp;app_error_handler
<LI><a href="#[75]">&gt;&gt;</a>&nbsp;&nbsp;&nbsp;beacon_reset
<LI><a href="#[4d]">&gt;&gt;</a>&nbsp;&nbsp;&nbsp;__aeabi_memcpy
</UL>
<BR>[Called By]<UL><LI><a href="#[29]">&gt;&gt;</a>&nbsp;&nbsp;&nbsp;ble_evt_dispatch
</UL>

<P><STRONG><a name="[25]"></a>on_conn_params_evt</STRONG> (Thumb, 30 bytes, Stack size 8 bytes, main.o(i.on_conn_params_evt))
<BR><BR>[Stack]<UL><LI>Max Depth = 8<LI>Call Chain = on_conn_params_evt
</UL>
<BR>[Calls]<UL><LI><a href="#[47]">&gt;&gt;</a>&nbsp;&nbsp;&nbsp;app_error_handler
</UL>
<BR>[Address Reference Count : 1]<UL><LI> main.o(i.beacon_setup)
</UL>
<P><STRONG><a name="[2d]"></a>pstorage_ntf_cb</STRONG> (Thumb, 16 bytes, Stack size 8 bytes, main.o(i.pstorage_ntf_cb))
<BR><BR>[Stack]<UL><LI>Max Depth = 8<LI>Call Chain = pstorage_ntf_cb
</UL>
<BR>[Calls]<UL><LI><a href="#[47]">&gt;&gt;</a>&nbsp;&nbsp;&nbsp;app_error_handler
</UL>
<BR>[Address Reference Count : 1]<UL><LI> main.o(i.main)
</UL>
<P><STRONG><a name="[7b]"></a>sec_params_init</STRONG> (Thumb, 34 bytes, Stack size 0 bytes, main.o(i.sec_params_init))
<BR><BR>[Called By]<UL><LI><a href="#[77]">&gt;&gt;</a>&nbsp;&nbsp;&nbsp;beacon_setup
</UL>

<P><STRONG><a name="[79]"></a>services_init</STRONG> (Thumb, 72 bytes, Stack size 24 bytes, main.o(i.services_init))
<BR><BR>[Stack]<UL><LI>Max Depth = 136<LI>Call Chain = services_init &rArr; ble_dfu_init &rArr; dfu_rev_char_add
</UL>
<BR>[Calls]<UL><LI><a href="#[a5]">&gt;&gt;</a>&nbsp;&nbsp;&nbsp;dfu_app_reset_prepare_set
<LI><a href="#[85]">&gt;&gt;</a>&nbsp;&nbsp;&nbsp;ble_dfu_init
<LI><a href="#[7f]">&gt;&gt;</a>&nbsp;&nbsp;&nbsp;ble_bcs_init
<LI><a href="#[47]">&gt;&gt;</a>&nbsp;&nbsp;&nbsp;app_error_handler
</UL>
<BR>[Called By]<UL><LI><a href="#[77]">&gt;&gt;</a>&nbsp;&nbsp;&nbsp;beacon_setup
</UL>

<P><STRONG><a name="[31]"></a>softdevice_evt_get</STRONG> (Thumb, 22 bytes, Stack size 8 bytes, main.o(i.softdevice_evt_get))
<BR><BR>[Stack]<UL><LI>Max Depth = 32<LI>Call Chain = softdevice_evt_get &rArr; intern_softdevice_events_execute
</UL>
<BR>[Calls]<UL><LI><a href="#[48]">&gt;&gt;</a>&nbsp;&nbsp;&nbsp;intern_softdevice_events_execute
<LI><a href="#[47]">&gt;&gt;</a>&nbsp;&nbsp;&nbsp;app_error_handler
</UL>
<BR>[Address Reference Count : 1]<UL><LI> main.o(i.softdevice_evt_schedule)
</UL>
<P><STRONG><a name="[28]"></a>softdevice_evt_schedule</STRONG> (Thumb, 14 bytes, Stack size 8 bytes, main.o(i.softdevice_evt_schedule))
<BR><BR>[Stack]<UL><LI>Max Depth = 48<LI>Call Chain = softdevice_evt_schedule &rArr; app_sched_event_put
</UL>
<BR>[Calls]<UL><LI><a href="#[58]">&gt;&gt;</a>&nbsp;&nbsp;&nbsp;app_sched_event_put
</UL>
<BR>[Address Reference Count : 1]<UL><LI> main.o(i.ble_stack_init)
</UL>
<P><STRONG><a name="[33]"></a>storage_access_complete_handler</STRONG> (Thumb, 30 bytes, Stack size 8 bytes, main.o(i.storage_access_complete_handler))
<BR><BR>[Stack]<UL><LI>Max Depth = 408<LI>Call Chain = storage_access_complete_handler &rArr; beacon_start &rArr; beacon_setup &rArr; advertising_init &rArr; ble_advdata_set &rArr; adv_data_encode &rArr; uuid_list_encode &rArr; uuid_list_sized_encode
</UL>
<BR>[Calls]<UL><LI><a href="#[7d]">&gt;&gt;</a>&nbsp;&nbsp;&nbsp;beacon_start
<LI><a href="#[75]">&gt;&gt;</a>&nbsp;&nbsp;&nbsp;beacon_reset
</UL>
<BR>[Address Reference Count : 1]<UL><LI> main.o(i.sys_evt_dispatch)
</UL>
<P><STRONG><a name="[2a]"></a>sys_evt_dispatch</STRONG> (Thumb, 42 bytes, Stack size 8 bytes, main.o(i.sys_evt_dispatch))
<BR><BR>[Stack]<UL><LI>Max Depth = 124<LI>Call Chain = sys_evt_dispatch &rArr; pstorage_sys_event_handler &rArr; cmd_queue_dequeue &rArr; cmd_process &rArr; swap_state_process &rArr; __aeabi_uidivmod
</UL>
<BR>[Calls]<UL><LI><a href="#[a3]">&gt;&gt;</a>&nbsp;&nbsp;&nbsp;pstorage_sys_event_handler
<LI><a href="#[76]">&gt;&gt;</a>&nbsp;&nbsp;&nbsp;pstorage_access_status_get
<LI><a href="#[58]">&gt;&gt;</a>&nbsp;&nbsp;&nbsp;app_sched_event_put
<LI><a href="#[47]">&gt;&gt;</a>&nbsp;&nbsp;&nbsp;app_error_handler
</UL>
<BR>[Address Reference Count : 1]<UL><LI> main.o(i.ble_stack_init)
</UL>
<P><STRONG><a name="[2b]"></a>led_softblink_on_timeout</STRONG> (Thumb, 168 bytes, Stack size 24 bytes, led_softblink.o(i.led_softblink_on_timeout))
<BR><BR>[Stack]<UL><LI>Max Depth = 80<LI>Call Chain = led_softblink_on_timeout &rArr; __aeabi_uldivmod &rArr; __aeabi_llsr
</UL>
<BR>[Calls]<UL><LI><a href="#[66]">&gt;&gt;</a>&nbsp;&nbsp;&nbsp;app_timer_start
<LI><a href="#[47]">&gt;&gt;</a>&nbsp;&nbsp;&nbsp;app_error_handler
<LI><a href="#[39]">&gt;&gt;</a>&nbsp;&nbsp;&nbsp;__aeabi_uldivmod
</UL>
<BR>[Address Reference Count : 1]<UL><LI> led_softblink.o(i.led_softblink_init)
</UL>
<P><STRONG><a name="[49]"></a>is_manual_peripheral_setup_needed</STRONG> (Thumb, 66 bytes, Stack size 0 bytes, system_nrf51.o(i.is_manual_peripheral_setup_needed))
<BR><BR>[Called By]<UL><LI><a href="#[20]">&gt;&gt;</a>&nbsp;&nbsp;&nbsp;SystemInit
</UL>

<P><STRONG><a name="[4a]"></a>adv_data_encode</STRONG> (Thumb, 360 bytes, Stack size 40 bytes, ble_advdata.o(i.adv_data_encode))
<BR><BR>[Stack]<UL><LI>Max Depth = 112<LI>Call Chain = adv_data_encode &rArr; uuid_list_encode &rArr; uuid_list_sized_encode
</UL>
<BR>[Calls]<UL><LI><a href="#[4e]">&gt;&gt;</a>&nbsp;&nbsp;&nbsp;uuid_list_encode
<LI><a href="#[4c]">&gt;&gt;</a>&nbsp;&nbsp;&nbsp;uint16_encode
<LI><a href="#[51]">&gt;&gt;</a>&nbsp;&nbsp;&nbsp;service_data_encode
<LI><a href="#[4b]">&gt;&gt;</a>&nbsp;&nbsp;&nbsp;name_encode
<LI><a href="#[50]">&gt;&gt;</a>&nbsp;&nbsp;&nbsp;manuf_specific_data_encode
<LI><a href="#[4f]">&gt;&gt;</a>&nbsp;&nbsp;&nbsp;conn_int_encode
<LI><a href="#[4d]">&gt;&gt;</a>&nbsp;&nbsp;&nbsp;__aeabi_memcpy
</UL>
<BR>[Called By]<UL><LI><a href="#[54]">&gt;&gt;</a>&nbsp;&nbsp;&nbsp;ble_advdata_set
</UL>

<P><STRONG><a name="[4f]"></a>conn_int_encode</STRONG> (Thumb, 126 bytes, Stack size 24 bytes, ble_advdata.o(i.conn_int_encode))
<BR><BR>[Stack]<UL><LI>Max Depth = 24<LI>Call Chain = conn_int_encode
</UL>
<BR>[Calls]<UL><LI><a href="#[4c]">&gt;&gt;</a>&nbsp;&nbsp;&nbsp;uint16_encode
</UL>
<BR>[Called By]<UL><LI><a href="#[4a]">&gt;&gt;</a>&nbsp;&nbsp;&nbsp;adv_data_encode
</UL>

<P><STRONG><a name="[50]"></a>manuf_specific_data_encode</STRONG> (Thumb, 100 bytes, Stack size 16 bytes, ble_advdata.o(i.manuf_specific_data_encode))
<BR><BR>[Stack]<UL><LI>Max Depth = 16<LI>Call Chain = manuf_specific_data_encode
</UL>
<BR>[Calls]<UL><LI><a href="#[4c]">&gt;&gt;</a>&nbsp;&nbsp;&nbsp;uint16_encode
<LI><a href="#[4d]">&gt;&gt;</a>&nbsp;&nbsp;&nbsp;__aeabi_memcpy
</UL>
<BR>[Called By]<UL><LI><a href="#[4a]">&gt;&gt;</a>&nbsp;&nbsp;&nbsp;adv_data_encode
</UL>

<P><STRONG><a name="[4b]"></a>name_encode</STRONG> (Thumb, 106 bytes, Stack size 24 bytes, ble_advdata.o(i.name_encode))
<BR><BR>[Stack]<UL><LI>Max Depth = 24<LI>Call Chain = name_encode
</UL>
<BR>[Called By]<UL><LI><a href="#[4a]">&gt;&gt;</a>&nbsp;&nbsp;&nbsp;adv_data_encode
</UL>

<P><STRONG><a name="[51]"></a>service_data_encode</STRONG> (Thumb, 124 bytes, Stack size 40 bytes, ble_advdata.o(i.service_data_encode))
<BR><BR>[Stack]<UL><LI>Max Depth = 40<LI>Call Chain = service_data_encode
</UL>
<BR>[Calls]<UL><LI><a href="#[4c]">&gt;&gt;</a>&nbsp;&nbsp;&nbsp;uint16_encode
<LI><a href="#[4d]">&gt;&gt;</a>&nbsp;&nbsp;&nbsp;__aeabi_memcpy
</UL>
<BR>[Called By]<UL><LI><a href="#[4a]">&gt;&gt;</a>&nbsp;&nbsp;&nbsp;adv_data_encode
</UL>

<P><STRONG><a name="[4c]"></a>uint16_encode</STRONG> (Thumb, 10 bytes, Stack size 0 bytes, ble_advdata.o(i.uint16_encode))
<BR><BR>[Called By]<UL><LI><a href="#[51]">&gt;&gt;</a>&nbsp;&nbsp;&nbsp;service_data_encode
<LI><a href="#[50]">&gt;&gt;</a>&nbsp;&nbsp;&nbsp;manuf_specific_data_encode
<LI><a href="#[4f]">&gt;&gt;</a>&nbsp;&nbsp;&nbsp;conn_int_encode
<LI><a href="#[4a]">&gt;&gt;</a>&nbsp;&nbsp;&nbsp;adv_data_encode
</UL>

<P><STRONG><a name="[4e]"></a>uuid_list_encode</STRONG> (Thumb, 38 bytes, Stack size 24 bytes, ble_advdata.o(i.uuid_list_encode))
<BR><BR>[Stack]<UL><LI>Max Depth = 72<LI>Call Chain = uuid_list_encode &rArr; uuid_list_sized_encode
</UL>
<BR>[Calls]<UL><LI><a href="#[a6]">&gt;&gt;</a>&nbsp;&nbsp;&nbsp;uuid_list_sized_encode
</UL>
<BR>[Called By]<UL><LI><a href="#[4a]">&gt;&gt;</a>&nbsp;&nbsp;&nbsp;adv_data_encode
</UL>

<P><STRONG><a name="[a6]"></a>uuid_list_sized_encode</STRONG> (Thumb, 162 bytes, Stack size 48 bytes, ble_advdata.o(i.uuid_list_sized_encode))
<BR><BR>[Stack]<UL><LI>Max Depth = 48<LI>Call Chain = uuid_list_sized_encode
</UL>
<BR>[Called By]<UL><LI><a href="#[4e]">&gt;&gt;</a>&nbsp;&nbsp;&nbsp;uuid_list_encode
</UL>

<P><STRONG><a name="[83]"></a>conn_params_negotiation</STRONG> (Thumb, 90 bytes, Stack size 24 bytes, ble_conn_params.o(i.conn_params_negotiation))
<BR><BR>[Stack]<UL><LI>Max Depth = 56<LI>Call Chain = conn_params_negotiation &rArr; app_timer_start
</UL>
<BR>[Calls]<UL><LI><a href="#[98]">&gt;&gt;</a>&nbsp;&nbsp;&nbsp;is_conn_params_ok
<LI><a href="#[66]">&gt;&gt;</a>&nbsp;&nbsp;&nbsp;app_timer_start
</UL>
<BR>[Called By]<UL><LI><a href="#[82]">&gt;&gt;</a>&nbsp;&nbsp;&nbsp;ble_conn_params_on_ble_evt
</UL>

<P><STRONG><a name="[98]"></a>is_conn_params_ok</STRONG> (Thumb, 24 bytes, Stack size 0 bytes, ble_conn_params.o(i.is_conn_params_ok))
<BR><BR>[Called By]<UL><LI><a href="#[83]">&gt;&gt;</a>&nbsp;&nbsp;&nbsp;conn_params_negotiation
</UL>

<P><STRONG><a name="[27]"></a>update_timeout_handler</STRONG> (Thumb, 86 bytes, Stack size 16 bytes, ble_conn_params.o(i.update_timeout_handler))
<BR><BR>[Stack]<UL><LI>Max Depth = 16<LI>Call Chain = update_timeout_handler
</UL>
<BR>[Address Reference Count : 1]<UL><LI> ble_conn_params.o(i.ble_conn_params_init)
</UL>
<P><STRONG><a name="[90]"></a>bootloader_start</STRONG> (Thumb, 106 bytes, Stack size 16 bytes, dfu_app_handler_mod.o(i.bootloader_start))
<BR><BR>[Stack]<UL><LI>Max Depth = 24<LI>Call Chain = bootloader_start &rArr; bootloader_util_app_start
</UL>
<BR>[Calls]<UL><LI><a href="#[91]">&gt;&gt;</a>&nbsp;&nbsp;&nbsp;bootloader_util_app_start
<LI><a href="#[47]">&gt;&gt;</a>&nbsp;&nbsp;&nbsp;app_error_handler
</UL>
<BR>[Called By]<UL><LI><a href="#[2e]">&gt;&gt;</a>&nbsp;&nbsp;&nbsp;dfu_app_on_dfu_evt
</UL>

<P><STRONG><a name="[35]"></a>dfu_app_reset_prepare</STRONG> (Thumb, 2 bytes, Stack size 0 bytes, dfu_app_handler_mod.o(i.dfu_app_reset_prepare))
<BR>[Address Reference Count : 1]<UL><LI> dfu_app_handler_mod.o(.data)
</UL>
<P><STRONG><a name="[a4]"></a>app_notify</STRONG> (Thumb, 30 bytes, Stack size 16 bytes, pstorage_mod.o(i.app_notify))
<BR><BR>[Stack]<UL><LI>Max Depth = 16<LI>Call Chain = app_notify
</UL>
<BR>[Called By]<UL><LI><a href="#[a3]">&gt;&gt;</a>&nbsp;&nbsp;&nbsp;pstorage_sys_event_handler
</UL>

<P><STRONG><a name="[94]"></a>cmd_process</STRONG> (Thumb, 226 bytes, Stack size 24 bytes, pstorage_mod.o(i.cmd_process))
<BR><BR>[Stack]<UL><LI>Max Depth = 84<LI>Call Chain = cmd_process &rArr; swap_state_process &rArr; __aeabi_uidivmod
</UL>
<BR>[Calls]<UL><LI><a href="#[95]">&gt;&gt;</a>&nbsp;&nbsp;&nbsp;swap_state_process
<LI><a href="#[55]">&gt;&gt;</a>&nbsp;&nbsp;&nbsp;__aeabi_uidivmod
</UL>
<BR>[Called By]<UL><LI><a href="#[97]">&gt;&gt;</a>&nbsp;&nbsp;&nbsp;cmd_queue_enqueue
<LI><a href="#[96]">&gt;&gt;</a>&nbsp;&nbsp;&nbsp;cmd_queue_dequeue
</UL>

<P><STRONG><a name="[96]"></a>cmd_queue_dequeue</STRONG> (Thumb, 34 bytes, Stack size 8 bytes, pstorage_mod.o(i.cmd_queue_dequeue))
<BR><BR>[Stack]<UL><LI>Max Depth = 92<LI>Call Chain = cmd_queue_dequeue &rArr; cmd_process &rArr; swap_state_process &rArr; __aeabi_uidivmod
</UL>
<BR>[Calls]<UL><LI><a href="#[94]">&gt;&gt;</a>&nbsp;&nbsp;&nbsp;cmd_process
</UL>
<BR>[Called By]<UL><LI><a href="#[a3]">&gt;&gt;</a>&nbsp;&nbsp;&nbsp;pstorage_sys_event_handler
</UL>

<P><STRONG><a name="[a2]"></a>cmd_queue_element_init</STRONG> (Thumb, 26 bytes, Stack size 0 bytes, pstorage_mod.o(i.cmd_queue_element_init))
<BR><BR>[Called By]<UL><LI><a href="#[a3]">&gt;&gt;</a>&nbsp;&nbsp;&nbsp;pstorage_sys_event_handler
<LI><a href="#[9f]">&gt;&gt;</a>&nbsp;&nbsp;&nbsp;pstorage_init
</UL>

<P><STRONG><a name="[97]"></a>cmd_queue_enqueue</STRONG> (Thumb, 76 bytes, Stack size 24 bytes, pstorage_mod.o(i.cmd_queue_enqueue))
<BR><BR>[Stack]<UL><LI>Max Depth = 108<LI>Call Chain = cmd_queue_enqueue &rArr; cmd_process &rArr; swap_state_process &rArr; __aeabi_uidivmod
</UL>
<BR>[Calls]<UL><LI><a href="#[94]">&gt;&gt;</a>&nbsp;&nbsp;&nbsp;cmd_process
</UL>
<BR>[Called By]<UL><LI><a href="#[74]">&gt;&gt;</a>&nbsp;&nbsp;&nbsp;pstorage_store
<LI><a href="#[73]">&gt;&gt;</a>&nbsp;&nbsp;&nbsp;pstorage_clear
</UL>

<P><STRONG><a name="[a1]"></a>is_word_aligned</STRONG> (Thumb, 12 bytes, Stack size 0 bytes, pstorage_mod.o(i.is_word_aligned))
<BR><BR>[Called By]<UL><LI><a href="#[74]">&gt;&gt;</a>&nbsp;&nbsp;&nbsp;pstorage_store
<LI><a href="#[73]">&gt;&gt;</a>&nbsp;&nbsp;&nbsp;pstorage_clear
</UL>

<P><STRONG><a name="[95]"></a>swap_state_process</STRONG> (Thumb, 362 bytes, Stack size 48 bytes, pstorage_mod.o(i.swap_state_process))
<BR><BR>[Stack]<UL><LI>Max Depth = 60<LI>Call Chain = swap_state_process &rArr; __aeabi_uidivmod
</UL>
<BR>[Calls]<UL><LI><a href="#[7e]">&gt;&gt;</a>&nbsp;&nbsp;&nbsp;__ARM_common_switch8
<LI><a href="#[55]">&gt;&gt;</a>&nbsp;&nbsp;&nbsp;__aeabi_uidivmod
</UL>
<BR>[Called By]<UL><LI><a href="#[94]">&gt;&gt;</a>&nbsp;&nbsp;&nbsp;cmd_process
</UL>

<P><STRONG><a name="[93]"></a>button_handler_execute</STRONG> (Thumb, 58 bytes, Stack size 8 bytes, app_button.o(i.button_handler_execute))
<BR><BR>[Stack]<UL><LI>Max Depth = 8<LI>Call Chain = button_handler_execute
</UL>
<BR>[Calls]<UL><LI><a href="#[47]">&gt;&gt;</a>&nbsp;&nbsp;&nbsp;app_error_handler
</UL>
<BR>[Called By]<UL><LI><a href="#[24]">&gt;&gt;</a>&nbsp;&nbsp;&nbsp;detection_delay_timeout_handler
</UL>

<P><STRONG><a name="[24]"></a>detection_delay_timeout_handler</STRONG> (Thumb, 98 bytes, Stack size 24 bytes, app_button.o(i.detection_delay_timeout_handler))
<BR><BR>[Stack]<UL><LI>Max Depth = 32<LI>Call Chain = detection_delay_timeout_handler &rArr; button_handler_execute
</UL>
<BR>[Calls]<UL><LI><a href="#[5d]">&gt;&gt;</a>&nbsp;&nbsp;&nbsp;app_gpiote_pins_state_get
<LI><a href="#[93]">&gt;&gt;</a>&nbsp;&nbsp;&nbsp;button_handler_execute
</UL>
<BR>[Address Reference Count : 1]<UL><LI> app_button.o(i.app_button_init)
</UL>
<P><STRONG><a name="[23]"></a>gpiote_event_handler</STRONG> (Thumb, 40 bytes, Stack size 16 bytes, app_button.o(i.gpiote_event_handler))
<BR><BR>[Stack]<UL><LI>Max Depth = 48<LI>Call Chain = gpiote_event_handler &rArr; app_timer_start
</UL>
<BR>[Calls]<UL><LI><a href="#[6a]">&gt;&gt;</a>&nbsp;&nbsp;&nbsp;app_timer_stop
<LI><a href="#[66]">&gt;&gt;</a>&nbsp;&nbsp;&nbsp;app_timer_start
</UL>
<BR>[Address Reference Count : 1]<UL><LI> app_button.o(i.app_button_init)
</UL>
<P><STRONG><a name="[60]"></a>pins_sense_disable</STRONG> (Thumb, 52 bytes, Stack size 20 bytes, app_gpiote.o(i.pins_sense_disable))
<BR><BR>[Stack]<UL><LI>Max Depth = 20<LI>Call Chain = pins_sense_disable
</UL>
<BR>[Called By]<UL><LI><a href="#[5a]">&gt;&gt;</a>&nbsp;&nbsp;&nbsp;app_gpiote_user_register
</UL>

<P><STRONG><a name="[40]"></a>sense_level_toggle</STRONG> (Thumb, 64 bytes, Stack size 20 bytes, app_gpiote.o(i.sense_level_toggle))
<BR><BR>[Stack]<UL><LI>Max Depth = 20<LI>Call Chain = sense_level_toggle
</UL>
<BR>[Called By]<UL><LI><a href="#[b]">&gt;&gt;</a>&nbsp;&nbsp;&nbsp;GPIOTE_IRQHandler
</UL>

<P><STRONG><a name="[62]"></a>app_sched_event_get</STRONG> (Thumb, 62 bytes, Stack size 16 bytes, app_scheduler.o(i.app_sched_event_get))
<BR><BR>[Stack]<UL><LI>Max Depth = 16<LI>Call Chain = app_sched_event_get
</UL>
<BR>[Called By]<UL><LI><a href="#[61]">&gt;&gt;</a>&nbsp;&nbsp;&nbsp;app_sched_execute
</UL>

<P><STRONG><a name="[65]"></a>NVIC_SetPriority</STRONG> (Thumb, 60 bytes, Stack size 0 bytes, app_timer.o(i.NVIC_SetPriority))
<BR><BR>[Called By]<UL><LI><a href="#[63]">&gt;&gt;</a>&nbsp;&nbsp;&nbsp;app_timer_init
</UL>

<P><STRONG><a name="[46]"></a>compare_reg_update</STRONG> (Thumb, 140 bytes, Stack size 24 bytes, app_timer.o(i.compare_reg_update))
<BR><BR>[Stack]<UL><LI>Max Depth = 40<LI>Call Chain = compare_reg_update &rArr; rtc1_stop
</UL>
<BR>[Calls]<UL><LI><a href="#[38]">&gt;&gt;</a>&nbsp;&nbsp;&nbsp;__asm___11_app_timer_c_cd27f9c3__nrf_delay_us
<LI><a href="#[64]">&gt;&gt;</a>&nbsp;&nbsp;&nbsp;rtc1_stop
</UL>
<BR>[Called By]<UL><LI><a href="#[19]">&gt;&gt;</a>&nbsp;&nbsp;&nbsp;SWI0_IRQHandler
</UL>

<P><STRONG><a name="[42]"></a>elapsed_ticks_acquire</STRONG> (Thumb, 58 bytes, Stack size 8 bytes, app_timer.o(i.elapsed_ticks_acquire))
<BR><BR>[Stack]<UL><LI>Max Depth = 8<LI>Call Chain = elapsed_ticks_acquire
</UL>
<BR>[Called By]<UL><LI><a href="#[19]">&gt;&gt;</a>&nbsp;&nbsp;&nbsp;SWI0_IRQHandler
</UL>

<P><STRONG><a name="[44]"></a>expired_timers_handler</STRONG> (Thumb, 82 bytes, Stack size 32 bytes, app_timer.o(i.expired_timers_handler))
<BR><BR>[Stack]<UL><LI>Max Depth = 32<LI>Call Chain = expired_timers_handler
</UL>
<BR>[Called By]<UL><LI><a href="#[19]">&gt;&gt;</a>&nbsp;&nbsp;&nbsp;SWI0_IRQHandler
</UL>

<P><STRONG><a name="[43]"></a>list_deletions_handler</STRONG> (Thumb, 144 bytes, Stack size 24 bytes, app_timer.o(i.list_deletions_handler))
<BR><BR>[Stack]<UL><LI>Max Depth = 40<LI>Call Chain = list_deletions_handler &rArr; timer_list_remove
</UL>
<BR>[Calls]<UL><LI><a href="#[9c]">&gt;&gt;</a>&nbsp;&nbsp;&nbsp;timer_list_remove
</UL>
<BR>[Called By]<UL><LI><a href="#[19]">&gt;&gt;</a>&nbsp;&nbsp;&nbsp;SWI0_IRQHandler
</UL>

<P><STRONG><a name="[45]"></a>list_insertions_handler</STRONG> (Thumb, 230 bytes, Stack size 24 bytes, app_timer.o(i.list_insertions_handler))
<BR><BR>[Stack]<UL><LI>Max Depth = 44<LI>Call Chain = list_insertions_handler &rArr; timer_list_insert
</UL>
<BR>[Calls]<UL><LI><a href="#[9d]">&gt;&gt;</a>&nbsp;&nbsp;&nbsp;timer_list_insert
</UL>
<BR>[Called By]<UL><LI><a href="#[19]">&gt;&gt;</a>&nbsp;&nbsp;&nbsp;SWI0_IRQHandler
</UL>

<P><STRONG><a name="[64]"></a>rtc1_stop</STRONG> (Thumb, 50 bytes, Stack size 16 bytes, app_timer.o(i.rtc1_stop))
<BR><BR>[Stack]<UL><LI>Max Depth = 16<LI>Call Chain = rtc1_stop
</UL>
<BR>[Calls]<UL><LI><a href="#[38]">&gt;&gt;</a>&nbsp;&nbsp;&nbsp;__asm___11_app_timer_c_cd27f9c3__nrf_delay_us
</UL>
<BR>[Called By]<UL><LI><a href="#[63]">&gt;&gt;</a>&nbsp;&nbsp;&nbsp;app_timer_init
<LI><a href="#[46]">&gt;&gt;</a>&nbsp;&nbsp;&nbsp;compare_reg_update
</UL>

<P><STRONG><a name="[69]"></a>timer_list_handler_sched</STRONG> (Thumb, 10 bytes, Stack size 0 bytes, app_timer.o(i.timer_list_handler_sched))
<BR><BR>[Called By]<UL><LI><a href="#[6a]">&gt;&gt;</a>&nbsp;&nbsp;&nbsp;app_timer_stop
<LI><a href="#[66]">&gt;&gt;</a>&nbsp;&nbsp;&nbsp;app_timer_start
<LI><a href="#[41]">&gt;&gt;</a>&nbsp;&nbsp;&nbsp;timer_timeouts_check
</UL>

<P><STRONG><a name="[9d]"></a>timer_list_insert</STRONG> (Thumb, 94 bytes, Stack size 20 bytes, app_timer.o(i.timer_list_insert))
<BR><BR>[Stack]<UL><LI>Max Depth = 20<LI>Call Chain = timer_list_insert
</UL>
<BR>[Called By]<UL><LI><a href="#[45]">&gt;&gt;</a>&nbsp;&nbsp;&nbsp;list_insertions_handler
</UL>

<P><STRONG><a name="[9c]"></a>timer_list_remove</STRONG> (Thumb, 104 bytes, Stack size 16 bytes, app_timer.o(i.timer_list_remove))
<BR><BR>[Stack]<UL><LI>Max Depth = 16<LI>Call Chain = timer_list_remove
</UL>
<BR>[Called By]<UL><LI><a href="#[43]">&gt;&gt;</a>&nbsp;&nbsp;&nbsp;list_deletions_handler
</UL>

<P><STRONG><a name="[41]"></a>timer_timeouts_check</STRONG> (Thumb, 120 bytes, Stack size 24 bytes, app_timer.o(i.timer_timeouts_check))
<BR><BR>[Stack]<UL><LI>Max Depth = 24<LI>Call Chain = timer_timeouts_check
</UL>
<BR>[Calls]<UL><LI><a href="#[47]">&gt;&gt;</a>&nbsp;&nbsp;&nbsp;app_error_handler
<LI><a href="#[69]">&gt;&gt;</a>&nbsp;&nbsp;&nbsp;timer_list_handler_sched
</UL>
<BR>[Called By]<UL><LI><a href="#[16]">&gt;&gt;</a>&nbsp;&nbsp;&nbsp;RTC1_IRQHandler
</UL>

<P><STRONG><a name="[67]"></a>user_id_get</STRONG> (Thumb, 74 bytes, Stack size 0 bytes, app_timer.o(i.user_id_get))
<BR><BR>[Called By]<UL><LI><a href="#[6a]">&gt;&gt;</a>&nbsp;&nbsp;&nbsp;app_timer_stop
<LI><a href="#[66]">&gt;&gt;</a>&nbsp;&nbsp;&nbsp;app_timer_start
</UL>

<P><STRONG><a name="[68]"></a>user_op_alloc</STRONG> (Thumb, 36 bytes, Stack size 0 bytes, app_timer.o(i.user_op_alloc))
<BR><BR>[Called By]<UL><LI><a href="#[6a]">&gt;&gt;</a>&nbsp;&nbsp;&nbsp;app_timer_stop
<LI><a href="#[66]">&gt;&gt;</a>&nbsp;&nbsp;&nbsp;app_timer_start
</UL>

<P><STRONG><a name="[6b]"></a>beacon_adv_interval_char_add</STRONG> (Thumb, 168 bytes, Stack size 80 bytes, ble_bcs.o(i.beacon_adv_interval_char_add))
<BR><BR>[Stack]<UL><LI>Max Depth = 80<LI>Call Chain = beacon_adv_interval_char_add
</UL>
<BR>[Calls]<UL><LI><a href="#[53]">&gt;&gt;</a>&nbsp;&nbsp;&nbsp;__aeabi_memclr4
</UL>
<BR>[Called By]<UL><LI><a href="#[7f]">&gt;&gt;</a>&nbsp;&nbsp;&nbsp;ble_bcs_init
</UL>

<P><STRONG><a name="[6c]"></a>beacon_calib_char_add</STRONG> (Thumb, 138 bytes, Stack size 72 bytes, ble_bcs.o(i.beacon_calib_char_add))
<BR><BR>[Stack]<UL><LI>Max Depth = 72<LI>Call Chain = beacon_calib_char_add
</UL>
<BR>[Calls]<UL><LI><a href="#[53]">&gt;&gt;</a>&nbsp;&nbsp;&nbsp;__aeabi_memclr4
</UL>
<BR>[Called By]<UL><LI><a href="#[7f]">&gt;&gt;</a>&nbsp;&nbsp;&nbsp;ble_bcs_init
</UL>

<P><STRONG><a name="[6d]"></a>beacon_company_id_char_add</STRONG> (Thumb, 168 bytes, Stack size 80 bytes, ble_bcs.o(i.beacon_company_id_char_add))
<BR><BR>[Stack]<UL><LI>Max Depth = 80<LI>Call Chain = beacon_company_id_char_add
</UL>
<BR>[Calls]<UL><LI><a href="#[53]">&gt;&gt;</a>&nbsp;&nbsp;&nbsp;__aeabi_memclr4
</UL>
<BR>[Called By]<UL><LI><a href="#[7f]">&gt;&gt;</a>&nbsp;&nbsp;&nbsp;ble_bcs_init
</UL>

<P><STRONG><a name="[6e]"></a>beacon_id_char_add</STRONG> (Thumb, 138 bytes, Stack size 72 bytes, ble_bcs.o(i.beacon_id_char_add))
<BR><BR>[Stack]<UL><LI>Max Depth = 72<LI>Call Chain = beacon_id_char_add
</UL>
<BR>[Calls]<UL><LI><a href="#[53]">&gt;&gt;</a>&nbsp;&nbsp;&nbsp;__aeabi_memclr4
</UL>
<BR>[Called By]<UL><LI><a href="#[7f]">&gt;&gt;</a>&nbsp;&nbsp;&nbsp;ble_bcs_init
</UL>

<P><STRONG><a name="[6f]"></a>beacon_led_char_add</STRONG> (Thumb, 138 bytes, Stack size 72 bytes, ble_bcs.o(i.beacon_led_char_add))
<BR><BR>[Stack]<UL><LI>Max Depth = 72<LI>Call Chain = beacon_led_char_add
</UL>
<BR>[Calls]<UL><LI><a href="#[53]">&gt;&gt;</a>&nbsp;&nbsp;&nbsp;__aeabi_memclr4
</UL>
<BR>[Called By]<UL><LI><a href="#[7f]">&gt;&gt;</a>&nbsp;&nbsp;&nbsp;ble_bcs_init
</UL>

<P><STRONG><a name="[70]"></a>beacon_maj_min_char_add</STRONG> (Thumb, 136 bytes, Stack size 72 bytes, ble_bcs.o(i.beacon_maj_min_char_add))
<BR><BR>[Stack]<UL><LI>Max Depth = 72<LI>Call Chain = beacon_maj_min_char_add
</UL>
<BR>[Calls]<UL><LI><a href="#[53]">&gt;&gt;</a>&nbsp;&nbsp;&nbsp;__aeabi_memclr4
</UL>
<BR>[Called By]<UL><LI><a href="#[7f]">&gt;&gt;</a>&nbsp;&nbsp;&nbsp;ble_bcs_init
</UL>

<P><STRONG><a name="[81]"></a>on_write</STRONG> (Thumb, 160 bytes, Stack size 16 bytes, ble_bcs.o(i.on_write))
<BR><BR>[Stack]<UL><LI>Max Depth = 16<LI>Call Chain = on_write
</UL>
<BR>[Called By]<UL><LI><a href="#[80]">&gt;&gt;</a>&nbsp;&nbsp;&nbsp;ble_bcs_on_ble_evt
</UL>

<P><STRONG><a name="[87]"></a>dfu_ctrl_pt_add</STRONG> (Thumb, 132 bytes, Stack size 72 bytes, ble_dfu.o(i.dfu_ctrl_pt_add))
<BR><BR>[Stack]<UL><LI>Max Depth = 72<LI>Call Chain = dfu_ctrl_pt_add
</UL>
<BR>[Calls]<UL><LI><a href="#[53]">&gt;&gt;</a>&nbsp;&nbsp;&nbsp;__aeabi_memclr4
</UL>
<BR>[Called By]<UL><LI><a href="#[85]">&gt;&gt;</a>&nbsp;&nbsp;&nbsp;ble_dfu_init
</UL>

<P><STRONG><a name="[86]"></a>dfu_pkt_char_add</STRONG> (Thumb, 128 bytes, Stack size 72 bytes, ble_dfu.o(i.dfu_pkt_char_add))
<BR><BR>[Stack]<UL><LI>Max Depth = 72<LI>Call Chain = dfu_pkt_char_add
</UL>
<BR>[Calls]<UL><LI><a href="#[53]">&gt;&gt;</a>&nbsp;&nbsp;&nbsp;__aeabi_memclr4
</UL>
<BR>[Called By]<UL><LI><a href="#[85]">&gt;&gt;</a>&nbsp;&nbsp;&nbsp;ble_dfu_init
</UL>

<P><STRONG><a name="[88]"></a>dfu_rev_char_add</STRONG> (Thumb, 138 bytes, Stack size 80 bytes, ble_dfu.o(i.dfu_rev_char_add))
<BR><BR>[Stack]<UL><LI>Max Depth = 80<LI>Call Chain = dfu_rev_char_add
</UL>
<BR>[Calls]<UL><LI><a href="#[53]">&gt;&gt;</a>&nbsp;&nbsp;&nbsp;__aeabi_memclr4
</UL>
<BR>[Called By]<UL><LI><a href="#[85]">&gt;&gt;</a>&nbsp;&nbsp;&nbsp;ble_dfu_init
</UL>

<P><STRONG><a name="[8a]"></a>on_ctrl_pt_write</STRONG> (Thumb, 218 bytes, Stack size 56 bytes, ble_dfu.o(i.on_ctrl_pt_write))
<BR><BR>[Stack]<UL><LI>Max Depth = 88<LI>Call Chain = on_ctrl_pt_write &rArr; ble_dfu_response_send
</UL>
<BR>[Calls]<UL><LI><a href="#[99]">&gt;&gt;</a>&nbsp;&nbsp;&nbsp;ble_dfu_response_send
<LI><a href="#[7e]">&gt;&gt;</a>&nbsp;&nbsp;&nbsp;__ARM_common_switch8
</UL>
<BR>[Called By]<UL><LI><a href="#[89]">&gt;&gt;</a>&nbsp;&nbsp;&nbsp;ble_dfu_on_ble_evt
</UL>
<P>
<H3>
Undefined Global Symbols
</H3><HR></body></html>
