<html>
<body>
<pre>
<h1>µVision Build Log</h1>
<h2>Tool Versions:</h2>
IDE-Version: µVision V5.16a
Copyright (C) 2015 ARM Ltd and ARM Germany GmbH. All rights reserved.
License Information: Mike Wirth, Wirth Consulting, LIC=----
 
Tool Versions:
Toolchain:       MDK-Lite  Version: 5.16a
Toolchain Path:  C:\Keil_v5\ARM\ARMCC\Bin
C Compiler:      Armcc.exe V5.06 (build 20)
Assembler:       Armasm.exe V5.06 (build 20)
Linker/Locator:  ArmLink.exe V5.06 (build 20)
Library Manager: ArmAr.exe V5.06 (build 20)
Hex Converter:   FromElf.exe V5.06 (build 20)
CPU DLL:         SARMCM3.DLL V5.16a
Dialog DLL:      DARMCM1.DLL V1.12.0.0
Target DLL:      UL2CM3.DLL V1.155.12.0
Dialog DLL:      TARMCM1.DLL V1.9.0.0
 
<h2>Project:</h2>
C:\Nordic Semiconductor\nRF51822 Beacon v1.1.1\Source Code\nrf51_beacon\ble_app_beacon\pca20006\s110\arm\ble_app_beacon_s110_pca20006.uvprojx
Project File Date:  12/04/2014

<h2>Output:</h2>
*** Using Compiler 'V5.06 (build 20)', folder: 'C:\Keil_v5\ARM\ARMCC\Bin'
Rebuild target 'nrf51822_xxac_s110'
compiling main.c...
compiling led_softblink.c...
assembling arm_startup_nrf51.s...
compiling system_nrf51.c...
compiling ble_advdata.c...
compiling ble_conn_params.c...
compiling ble_srv_common.c...
compiling nrf_delay.c...
compiling bootloader_util_arm.c...
compiling dfu_app_handler_mod.c...
compiling pstorage_mod.c...
compiling app_button.c...
compiling app_error.c...
compiling app_gpiote.c...
compiling app_scheduler.c...
compiling app_timer.c...
compiling nrf_assert.c...
compiling softdevice_handler.c...
compiling ble_bcs.c...
compiling ble_dfu.c...
linking...
Program Size: Code=12608 RO-data=260 RW-data=208 ZI-data=3376  
FromELF: creating hex file...
".\_build\nrf51822_beacon_app.axf" - 0 Error(s), 0 Warning(s).

<h2>Collection of Component include folders:</h2>
  C:\Nordic Semiconductor\nRF51822 Beacon v1.1.1\Source Code\nrf51_beacon\ble_app_beacon\pca20006\s110\arm\RTE
  C:\Keil_v5\ARM\PACK\NordicSemiconductor\nRF_DeviceFamilyPack\8.0.3\Device\Include

<h2>Collection of Component Files used:</h2>
Build Time Elapsed:  00:00:13
</pre>
</body>
</html>
